02-27 00:01:20.717  2480  2480 D MKStatusBarManagerService: registerMKStatusBar mkstatusbar: org.mokee.platform.internal.MKStatusBarManagerService@e4aab33
02-27 00:01:20.718  2480  2480 I MKSystemServer: Attempting to start service org.mokee.platform.internal.ProfileManagerService
02-27 00:01:20.721  2480  2480 I MKSystemServer: Starting service org.mokee.platform.internal.ProfileManagerService
02-27 00:01:20.721  2480  2480 I SystemServiceManager: Starting org.mokee.platform.internal.ProfileManagerService
02-27 00:01:20.721   411   411 E ServiceManager: add_service('profile',75) uid=1000 - ALREADY REGISTERED, OVERRIDE
02-27 00:01:20.721   411   411 I ServiceManager: service 'profile' died
02-27 00:01:20.723  2480  2480 V ProfileTriggerHelper: Enabling
02-27 00:01:20.726  2480  2480 D MKProfileService: Set active profile to: 0230226d-0d05-494a-a9bd-d222a1117655 - 
02-27 00:01:20.726  2480  2480 D MKProfileService: Saving profile data...
02-27 00:01:20.727  2480  2480 D MKProfileService: Save completed.
02-27 00:01:20.730  2480  2480 I MKSystemServer: Attempting to start service org.mokee.platform.internal.MKTelephonyManagerService
02-27 00:01:20.731  2480  2480 I MKSystemServer: Starting service org.mokee.platform.internal.MKTelephonyManagerService
02-27 00:01:20.731  2480  2480 I SystemServiceManager: Starting org.mokee.platform.internal.MKTelephonyManagerService
02-27 00:01:20.731  2480  2480 I MKSystemServer: Attempting to start service org.mokee.platform.internal.MKHardwareService
02-27 00:01:20.721  2480  2480 I system_server: type=1400 audit(0.0:65): avc: denied { read } for name="properties" dev="mmcblk0p25" ino=68 scontext=u:r:system_server:s0 tcontext=u:object_r:persist_file:s0 tclass=dir permissive=1
02-27 00:01:20.721  2480  2480 I system_server: type=1400 audit(0.0:66): avc: denied { write } for name="properties" dev="mmcblk0p25" ino=68 scontext=u:r:system_server:s0 tcontext=u:object_r:persist_file:s0 tclass=dir permissive=1
02-27 00:01:20.734  2480  2480 I MKSystemServer: Starting service org.mokee.platform.internal.MKHardwareService
02-27 00:01:20.734  2480  2480 I SystemServiceManager: Starting org.mokee.platform.internal.MKHardwareService
02-27 00:01:20.735   411   411 E ServiceManager: add_service('mkhardware',77) uid=1000 - ALREADY REGISTERED, OVERRIDE
02-27 00:01:20.735   411   411 I ServiceManager: service 'mkhardware' died
02-27 00:01:20.735  2480  2480 I MKSystemServer: Attempting to start service org.mokee.platform.internal.PerformanceManagerService
02-27 00:01:20.737  2480  2912 I ServiceThread: Enabled StrictMode logging for PerformanceManager looper.
02-27 00:01:20.737  2480  2480 I MKSystemServer: Starting service org.mokee.platform.internal.PerformanceManagerService
02-27 00:01:20.737  2480  2480 I SystemServiceManager: Starting org.mokee.platform.internal.PerformanceManagerService
02-27 00:01:20.738  2480  2913 I ServiceThread: Enabled StrictMode logging for PerformanceManager looper.
02-27 00:01:20.739  2480  2480 I MKSystemServer: Attempting to start service org.mokee.platform.internal.WeatherManagerServiceBroker
02-27 00:01:20.741  2480  2480 I MKSystemServer: Starting service org.mokee.platform.internal.WeatherManagerServiceBroker
02-27 00:01:20.741  2480  2480 I SystemServiceManager: Starting org.mokee.platform.internal.WeatherManagerServiceBroker
02-27 00:01:20.741  2480  2480 I MKSystemServer: Attempting to start service org.mokee.platform.internal.display.LiveDisplayService
02-27 00:01:20.744  2480  2914 I ServiceThread: Enabled StrictMode logging for LiveDisplay looper.
02-27 00:01:20.745  2480  2480 I MKSystemServer: Starting service org.mokee.platform.internal.display.LiveDisplayService
02-27 00:01:20.745  2480  2480 I SystemServiceManager: Starting org.mokee.platform.internal.display.LiveDisplayService
02-27 00:01:20.746  2480  2915 I ServiceThread: Enabled StrictMode logging for LiveDisplay looper.
02-27 00:01:20.748  2480  2480 I MKSystemServer: Attempting to start service org.mokee.platform.internal.MKAudioServiceBroker
02-27 00:01:20.749  2480  2480 I MKSystemServer: Starting service org.mokee.platform.internal.MKAudioServiceBroker
02-27 00:01:20.749  2480  2480 I SystemServiceManager: Starting org.mokee.platform.internal.MKAudioServiceBroker
02-27 00:01:20.749  2480  2480 I SystemServiceManager: Starting com.android.server.retaildemo.RetailDemoModeService
02-27 00:01:20.750  2480  2916 I ServiceThread: Enabled StrictMode logging for RetailDemoModeService looper.
02-27 00:01:20.769  2480  2480 E SQLiteLog: (1) no such table: locksettings
02-27 00:01:20.774  2480  2480 I LockSettingsService: Migrated lock settings to new location
02-27 00:01:20.778  2480  2480 I LockSettingsService: Migrated per-user lock settings to new location
02-27 00:01:20.784  2480  2480 I LockSettingsService: Migrated biometric weak to use the fallback instead
02-27 00:01:20.787  2480  2480 I LockSettingsService: Migrated lockscreen disabled flag
02-27 00:01:20.791  2480  2480 E LockSettingsStorage: Cannot read file java.io.FileNotFoundException: /data/system/gatekeeper.password.key: open failed: ENOENT (No such file or directory)
02-27 00:01:20.791  2480  2480 E LockSettingsStorage: Cannot read file java.io.FileNotFoundException: /data/system/password.key: open failed: ENOENT (No such file or directory)
02-27 00:01:20.792  2480  2480 E LockSettingsStorage: Cannot read file java.io.FileNotFoundException: /data/system/gatekeeper.pattern.key: open failed: ENOENT (No such file or directory)
02-27 00:01:20.792  2480  2480 E LockSettingsStorage: Cannot read file java.io.FileNotFoundException: /data/system/gatekeeper.gesture.key: open failed: ENOENT (No such file or directory)
02-27 00:01:20.792  2480  2480 E LockSettingsStorage: Cannot read file java.io.FileNotFoundException: /data/system/gesture.key: open failed: ENOENT (No such file or directory)
02-27 00:01:20.792  2480  2480 I SystemServiceManager: Starting phase 480
02-27 00:01:20.795  2480  2480 I SystemServiceManager: Starting phase 500
02-27 00:01:20.797  2480  2480 D ConnectivityMetricsLoggerService: onBootPhase: PHASE_SYSTEM_SERVICES_READY
02-27 00:01:20.801  2480  2480 I WifiService: WifiService starting up with Wi-Fi enabled
02-27 00:01:20.803  2480  2480 D WifiService: setWifiEnabled: true pid=2480, uid=1000
02-27 00:01:20.803  2480  2480 I WifiScanningService: Starting wifiscanner
02-27 00:01:20.803  2480  2887 D WifiController: WifiController msg { when=0 what=155656 target=com.android.internal.util.StateMachine$SmHandler } deferred for 500ms
02-27 00:01:20.810  2480  2480 I RttService: Registering rttmanager
02-27 00:01:20.812  2480  2480 I EthernetServiceImpl: Starting Ethernet service
02-27 00:01:20.813  2480  2480 D Ethernet: Registering NetworkFactory
02-27 00:01:20.813  2480  2896 D ConnectivityService: Got NetworkFactory Messenger for Ethernet
02-27 00:01:20.814  2480  2918 D Ethernet: got request NetworkRequest [ REQUEST id=1, [ Capabilities: INTERNET&NOT_RESTRICTED&TRUSTED&NOT_VPN] ] with score 0
02-27 00:01:20.822  2480  2480 D ZenLog  : config: cleanUpZenRules,ZenModeConfig[user=0,allowCalls=true,allowRepeatCallers=false,allowMessages=false,allowCallsFrom=contacts,allowMessagesFrom=contacts,allowReminders=true,allowEvents=true,allowWhenScreenOff=true,allowWhenScreenOn=true,automaticRules={a5e68fe8e3014667b5e6ac3a37ed7930=ZenRule[enabled=false,snoozing=false,name=,zenMode=ZEN_MODE_ALARMS,conditionId=condition://android/schedule?days=6.7&start=23.30&end=10.0&exitAtAlarm=false,condition=null,component=ComponentInfo{android/com.android.server.notification.ScheduleConditionProvider},id=a5e68fe8e3014667b5e6ac3a37ed7930,creationTime=1488153679930,enabler=null], 6e2d36d6d9c24111bdd99f7fd514f35f=ZenRule[enabled=false,snoozing=false,name=,zenMode=ZEN_MODE_ALARMS,conditionId=condition://android/event?userId=-10000&calendar=&reply=1,condition=null,component=ComponentInfo{android/com.android.server.notification.EventConditionProvider},id=6e2d36d6d9c24111bdd99f7fd514f35f,creationTime=1488153679931,enabler=null], 74214d1ad81d4a59b637982e6034e62b=ZenRule[enabled=false,snoozing=false,name=,zenMode=ZEN_MODE_ALARMS,conditionId=condition://android/schedule?days=1.2.3.4.5&start=22.0&end=7.0&exitAtAlarm=false,condition=null,component=ComponentInfo{android/com.android.server.notification.ScheduleConditionProvider},id=74214d1ad81d4a59b637982e6034e62b,creationTime=1488153679930,enabler=null]},manualRule=null],Diff[]
02-27 00:01:20.822  2480  2480 D ZenLog  : set_zen_mode: off,onSystemReady
02-27 00:01:20.824   433  1033 D PermissionCache: checking android.permission.CAPTURE_AUDIO_HOTWORD for uid=1000 => granted (150 us)
02-27 00:01:20.825  2480  2480 D ContextHubSystemService: onBootPhase: PHASE_SYSTEM_SERVICES_READY
02-27 00:01:20.873  2480  2480 I WindowManager: System will boot with enabled overlays intact.
02-27 00:01:20.884  2480  2480 E lights  : write_int failed to open /sys/class/leds/button-backlight/brightness
02-27 00:01:20.886  2480  2480 I DefaultPermGrantPolicy: Granting permissions to platform components for user 0
02-27 00:01:20.887  2480  2480 D VoldConnector: SND -> {3 volume remount_uid 1001 none}
02-27 00:01:20.887  2480  2762 W KeyguardServiceDelegate: onScreenTurningOn(): no keyguard service!
02-27 00:01:20.887   363   368 D vold    : Remounting 1001 as mode none
02-27 00:01:20.892   363   368 D vold    : Found matching PID 443
02-27 00:01:20.893   363   368 W vold    : Skipping due to root namespace
02-27 00:01:20.893   363   368 D vold    : Found matching PID 577
02-27 00:01:20.893   363   368 W vold    : Skipping due to root namespace
02-27 00:01:20.893   363   368 D vold    : Found matching PID 600
02-27 00:01:20.893   363   368 W vold    : Skipping due to root namespace
02-27 00:01:20.893   363   368 D vold    : Found matching PID 612
02-27 00:01:20.893   363   368 W vold    : Skipping due to root namespace
02-27 00:01:20.893   363   368 D vold    : Found matching PID 615
02-27 00:01:20.893   363   368 W vold    : Skipping due to root namespace
02-27 00:01:20.894  2480  2880 D VoldConnector: RCV <- {200 3 Command succeeded}
02-27 00:01:20.894  2480  2480 D VoldConnector: SND -> {4 volume remount_uid 1001 none}
02-27 00:01:20.895   363   368 D vold    : Remounting 1001 as mode none
02-27 00:01:20.899   363   368 D vold    : Found matching PID 443
02-27 00:01:20.899   363   368 W vold    : Skipping due to root namespace
02-27 00:01:20.899   363   368 D vold    : Found matching PID 577
02-27 00:01:20.899   363   368 W vold    : Skipping due to root namespace
02-27 00:01:20.899   363   368 D vold    : Found matching PID 600
02-27 00:01:20.899   363   368 W vold    : Skipping due to root namespace
02-27 00:01:20.899   363   368 D vold    : Found matching PID 612
02-27 00:01:20.899   363   368 W vold    : Skipping due to root namespace
02-27 00:01:20.899   363   368 D vold    : Found matching PID 615
02-27 00:01:20.899   363   368 W vold    : Skipping due to root namespace
02-27 00:01:20.899  2480  2880 D VoldConnector: RCV <- {200 4 Command succeeded}
02-27 00:01:20.901  2480  2480 D VoldConnector: SND -> {5 volume remount_uid 1000 none}
02-27 00:01:20.901   363   368 D vold    : Remounting 1000 as mode none
02-27 00:01:20.905   363   368 D vold    : Found matching PID 408
02-27 00:01:20.905   363   368 W vold    : Skipping due to root namespace
02-27 00:01:20.905   363   368 D vold    : Found matching PID 409
02-27 00:01:20.905   363   368 W vold    : Skipping due to root namespace
02-27 00:01:20.905   363   368 D vold    : Found matching PID 411
02-27 00:01:20.905   363   368 W vold    : Skipping due to root namespace
02-27 00:01:20.905   363   368 D vold    : Found matching PID 412
02-27 00:01:20.905   363   368 W vold    : Skipping due to root namespace
02-27 00:01:20.905   363   368 D vold    : Found matching PID 417
02-27 00:01:20.905   363   368 W vold    : Skipping due to root namespace
02-27 00:01:20.905   363   368 D vold    : Found matching PID 420
02-27 00:01:20.905   363   368 W vold    : Skipping due to root namespace
02-27 00:01:20.905   363   368 D vold    : Found matching PID 422
02-27 00:01:20.905   363   368 W vold    : Skipping due to root namespace
02-27 00:01:20.905   363   368 D vold    : Found matching PID 427
02-27 00:01:20.905   363   368 W vold    : Skipping due to root namespace
02-27 00:01:20.905   363   368 D vold    : Found matching PID 428
02-27 00:01:20.905   363   368 W vold    : Skipping due to root namespace
02-27 00:01:20.905   363   368 D vold    : Found matching PID 430
02-27 00:01:20.905   363   368 W vold    : Skipping due to root namespace
02-27 00:01:20.905   363   368 D vold    : Found matching PID 457
02-27 00:01:20.905   363   368 W vold    : Skipping due to root namespace
02-27 00:01:20.905   363   368 D vold    : Found matching PID 460
02-27 00:01:20.906   363   368 W vold    : Skipping due to root namespace
02-27 00:01:20.906   363   368 D vold    : Found matching PID 461
02-27 00:01:20.906   363   368 W vold    : Skipping due to root namespace
02-27 00:01:20.906   363   368 D vold    : Found matching PID 462
02-27 00:01:20.906   363   368 W vold    : Skipping due to root namespace
02-27 00:01:20.906   363   368 D vold    : Found matching PID 463
02-27 00:01:20.906   363   368 W vold    : Skipping due to root namespace
02-27 00:01:20.906   363   368 D vold    : Found matching PID 465
02-27 00:01:20.906   363   368 W vold    : Skipping due to root namespace
02-27 00:01:20.906   363   368 D vold    : Found matching PID 466
02-27 00:01:20.906   363   368 W vold    : Skipping due to root namespace
02-27 00:01:20.906   363   368 D vold    : Found matching PID 467
02-27 00:01:20.906   363   368 W vold    : Skipping due to root namespace
02-27 00:01:20.906   363   368 D vold    : Found matching PID 477
02-27 00:01:20.906   363   368 W vold    : Skipping due to root namespace
02-27 00:01:20.906   363   368 D vold    : Found matching PID 480
02-27 00:01:20.906   363   368 W vold    : Skipping due to root namespace
02-27 00:01:20.906   363   368 D vold    : Found matching PID 536
02-27 00:01:20.906   363   368 W vold    : Skipping due to root namespace
02-27 00:01:20.906   363   368 D vold    : Found matching PID 561
02-27 00:01:20.906   363   368 W vold    : Skipping due to root namespace
02-27 00:01:20.906   363   368 D vold    : Found matching PID 584
02-27 00:01:20.906   363   368 W vold    : Skipping due to root namespace
02-27 00:01:20.906   363   368 D vold    : Found matching PID 2480
02-27 00:01:20.928  2480  2880 D VoldConnector: RCV <- {200 5 Command succeeded}
02-27 00:01:20.928  2480  2480 D VoldConnector: SND -> {6 volume remount_uid 1000 none}
02-27 00:01:20.928   363   368 D vold    : Remounting 1000 as mode none
02-27 00:01:20.932   363   368 D vold    : Found matching PID 408
02-27 00:01:20.932   363   368 W vold    : Skipping due to root namespace
02-27 00:01:20.932   363   368 D vold    : Found matching PID 409
02-27 00:01:20.932   363   368 W vold    : Skipping due to root namespace
02-27 00:01:20.932   363   368 D vold    : Found matching PID 411
02-27 00:01:20.932   363   368 W vold    : Skipping due to root namespace
02-27 00:01:20.932   363   368 D vold    : Found matching PID 412
02-27 00:01:20.932   363   368 W vold    : Skipping due to root namespace
02-27 00:01:20.933   363   368 D vold    : Found matching PID 417
02-27 00:01:20.933   363   368 W vold    : Skipping due to root namespace
02-27 00:01:20.933   363   368 D vold    : Found matching PID 420
02-27 00:01:20.933   363   368 W vold    : Skipping due to root namespace
02-27 00:01:20.933   363   368 D vold    : Found matching PID 422
02-27 00:01:20.933   363   368 W vold    : Skipping due to root namespace
02-27 00:01:20.933   363   368 D vold    : Found matching PID 427
02-27 00:01:20.933   363   368 W vold    : Skipping due to root namespace
02-27 00:01:20.933   363   368 D vold    : Found matching PID 428
02-27 00:01:20.933   363   368 W vold    : Skipping due to root namespace
02-27 00:01:20.933   363   368 D vold    : Found matching PID 430
02-27 00:01:20.933   363   368 W vold    : Skipping due to root namespace
02-27 00:01:20.933   363   368 D vold    : Found matching PID 457
02-27 00:01:20.933   363   368 W vold    : Skipping due to root namespace
02-27 00:01:20.933   363   368 D vold    : Found matching PID 460
02-27 00:01:20.933   363   368 W vold    : Skipping due to root namespace
02-27 00:01:20.933   363   368 D vold    : Found matching PID 461
02-27 00:01:20.933   363   368 W vold    : Skipping due to root namespace
02-27 00:01:20.933   363   368 D vold    : Found matching PID 462
02-27 00:01:20.933   363   368 W vold    : Skipping due to root namespace
02-27 00:01:20.933   363   368 D vold    : Found matching PID 463
02-27 00:01:20.933   363   368 W vold    : Skipping due to root namespace
02-27 00:01:20.933   363   368 D vold    : Found matching PID 465
02-27 00:01:20.933   363   368 W vold    : Skipping due to root namespace
02-27 00:01:20.933   363   368 D vold    : Found matching PID 466
02-27 00:01:20.933   363   368 W vold    : Skipping due to root namespace
02-27 00:01:20.933   363   368 D vold    : Found matching PID 467
02-27 00:01:20.933   363   368 W vold    : Skipping due to root namespace
02-27 00:01:20.933   363   368 D vold    : Found matching PID 477
02-27 00:01:20.933   363   368 W vold    : Skipping due to root namespace
02-27 00:01:20.933   363   368 D vold    : Found matching PID 480
02-27 00:01:20.933   363   368 W vold    : Skipping due to root namespace
02-27 00:01:20.933   363   368 D vold    : Found matching PID 536
02-27 00:01:20.933   363   368 W vold    : Skipping due to root namespace
02-27 00:01:20.933   363   368 D vold    : Found matching PID 561
02-27 00:01:20.933   363   368 W vold    : Skipping due to root namespace
02-27 00:01:20.933   363   368 D vold    : Found matching PID 584
02-27 00:01:20.933   363   368 W vold    : Skipping due to root namespace
02-27 00:01:20.934   363   368 D vold    : Found matching PID 2480
02-27 00:01:20.938  2480  2880 D VoldConnector: RCV <- {200 6 Command succeeded}
02-27 00:01:20.938  2480  2480 D VoldConnector: SND -> {7 volume remount_uid 1002 none}
02-27 00:01:20.939   363   368 D vold    : Remounting 1002 as mode none
02-27 00:01:20.943  2480  2880 D VoldConnector: RCV <- {200 7 Command succeeded}
02-27 00:01:20.944  2480  2480 D VoldConnector: SND -> {8 volume remount_uid 1002 none}
02-27 00:01:20.944   363   368 D vold    : Remounting 1002 as mode none
02-27 00:01:20.948  2480  2880 D VoldConnector: RCV <- {200 8 Command succeeded}
02-27 00:01:20.952  2480  2480 D VoldConnector: SND -> {9 volume remount_uid 2000 none}
02-27 00:01:20.953   363   368 D vold    : Remounting 2000 as mode none
02-27 00:01:20.957  2480  2880 D VoldConnector: RCV <- {200 9 Command succeeded}
02-27 00:01:20.957  2480  2480 D VoldConnector: SND -> {10 volume remount_uid 2000 none}
02-27 00:01:20.957   363   368 D vold    : Remounting 2000 as mode none
02-27 00:01:20.962  2480  2880 D VoldConnector: RCV <- {200 10 Command succeeded}
02-27 00:01:20.962  2480  2480 D VoldConnector: SND -> {11 volume remount_uid 10031 none}
02-27 00:01:20.963   363   368 D vold    : Remounting 10031 as mode none
02-27 00:01:20.967  2480  2880 D VoldConnector: RCV <- {200 11 Command succeeded}
02-27 00:01:20.967  2480  2480 D VoldConnector: SND -> {12 volume remount_uid 10031 none}
02-27 00:01:20.968   363   368 D vold    : Remounting 10031 as mode none
02-27 00:01:20.972  2480  2880 D VoldConnector: RCV <- {200 12 Command succeeded}
02-27 00:01:20.973  2480  2480 I DefaultPermGrantPolicy: Granting permissions to default platform handlers for user 0
02-27 00:01:20.973  2480  2480 W VoiceInteractionManagerService: no available voice interaction services found for user 0
02-27 00:01:20.973  2480  2480 W VoiceInteractionManagerService: no available voice recognition services found for user 0
02-27 00:01:20.985  2480  2480 D VoldConnector: SND -> {13 volume remount_uid 10024 none}
02-27 00:01:20.986   363   368 D vold    : Remounting 10024 as mode none
02-27 00:01:20.990  2480  2880 D VoldConnector: RCV <- {200 13 Command succeeded}
02-27 00:01:20.991  2480  2480 D VoldConnector: SND -> {14 volume remount_uid 10047 none}
02-27 00:01:20.991   363   368 D vold    : Remounting 10047 as mode none
02-27 00:01:20.995  2480  2880 D VoldConnector: RCV <- {200 14 Command succeeded}
02-27 00:01:20.996  2480  2480 D VoldConnector: SND -> {15 volume remount_uid 10047 none}
02-27 00:01:20.996   363   368 D vold    : Remounting 10047 as mode none
02-27 00:01:21.001  2480  2880 D VoldConnector: RCV <- {200 15 Command succeeded}
02-27 00:01:21.001  2480  2480 D VoldConnector: SND -> {16 volume remount_uid 10008 none}
02-27 00:01:21.002   363   368 D vold    : Remounting 10008 as mode none
02-27 00:01:21.006  2480  2880 D VoldConnector: RCV <- {200 16 Command succeeded}
02-27 00:01:21.006  2480  2480 D VoldConnector: SND -> {17 volume remount_uid 10008 none}
02-27 00:01:21.007   363   368 D vold    : Remounting 10008 as mode none
02-27 00:01:21.011  2480  2880 D VoldConnector: RCV <- {200 17 Command succeeded}
02-27 00:01:21.012  2480  2480 D VoldConnector: SND -> {18 volume remount_uid 10012 none}
02-27 00:01:21.012   363   368 D vold    : Remounting 10012 as mode none
02-27 00:01:21.017  2480  2880 D VoldConnector: RCV <- {200 18 Command succeeded}
02-27 00:01:21.018  2480  2480 D VoldConnector: SND -> {19 volume remount_uid 10012 none}
02-27 00:01:21.019   363   368 D vold    : Remounting 10012 as mode none
02-27 00:01:21.023  2480  2880 D VoldConnector: RCV <- {200 19 Command succeeded}
02-27 00:01:21.025  2480  2480 D VoldConnector: SND -> {20 volume remount_uid 10002 none}
02-27 00:01:21.025   363   368 D vold    : Remounting 10002 as mode none
02-27 00:01:21.030  2480  2880 D VoldConnector: RCV <- {200 20 Command succeeded}
02-27 00:01:21.031  2480  2480 D VoldConnector: SND -> {21 volume remount_uid 10002 none}
02-27 00:01:21.031   363   368 D vold    : Remounting 10002 as mode none
02-27 00:01:21.035  2480  2880 D VoldConnector: RCV <- {200 21 Command succeeded}
02-27 00:01:21.037  2480  2480 D VoldConnector: SND -> {22 volume remount_uid 10032 none}
02-27 00:01:21.037   363   368 D vold    : Remounting 10032 as mode none
02-27 00:01:21.042  2480  2880 D VoldConnector: RCV <- {200 22 Command succeeded}
02-27 00:01:21.042  2480  2480 D VoldConnector: SND -> {23 volume remount_uid 10032 none}
02-27 00:01:21.042   363   368 D vold    : Remounting 10032 as mode none
02-27 00:01:21.047  2480  2880 D VoldConnector: RCV <- {200 23 Command succeeded}
02-27 00:01:21.048  2480  2480 D VoldConnector: SND -> {24 volume remount_uid 10009 none}
02-27 00:01:21.048   363   368 D vold    : Remounting 10009 as mode none
02-27 00:01:21.053  2480  2880 D VoldConnector: RCV <- {200 24 Command succeeded}
02-27 00:01:21.053  2480  2480 D VoldConnector: SND -> {25 volume remount_uid 10009 none}
02-27 00:01:21.054   363   368 D vold    : Remounting 10009 as mode none
02-27 00:01:21.058  2480  2880 D VoldConnector: RCV <- {200 25 Command succeeded}
02-27 00:01:21.059  2480  2480 D VoldConnector: SND -> {26 volume remount_uid 10026 none}
02-27 00:01:21.059   363   368 D vold    : Remounting 10026 as mode none
02-27 00:01:21.063  2480  2880 D VoldConnector: RCV <- {200 26 Command succeeded}
02-27 00:01:21.064  2480  2480 D VoldConnector: SND -> {27 volume remount_uid 10026 none}
02-27 00:01:21.064   363   368 D vold    : Remounting 10026 as mode none
02-27 00:01:21.069  2480  2880 D VoldConnector: RCV <- {200 27 Command succeeded}
02-27 00:01:21.070  2480  2480 V UserManagerService: Found /data/user_de/0 with serial number -1
02-27 00:01:21.071  2480  2480 D UserManagerService: Serial number missing on /data/user_de/0; assuming current is valid
02-27 00:01:21.071  2480  2480 V UserManagerService: Found /data/user/0 with serial number -1
02-27 00:01:21.071  2480  2480 D UserManagerService: Serial number missing on /data/user/0; assuming current is valid
02-27 00:01:21.071  2480  2480 V UserManagerService: Found /data/system_de/0 with serial number -1
02-27 00:01:21.071  2480  2480 D UserManagerService: Serial number missing on /data/system_de/0; assuming current is valid
02-27 00:01:21.072  2480  2480 I ActivityManager: System now ready
02-27 00:01:21.075  2480  2480 I SystemServer: Making services ready
02-27 00:01:21.075  2480  2480 I SystemServiceManager: Starting phase 550
02-27 00:01:21.077  2480  2480 D BluetoothManagerService: Bluetooth boot completed
02-27 00:01:21.077  2480  2480 D BluetoothManagerService: Getting adapter name and address
02-27 00:01:21.077  2480  2759 D BluetoothManagerService: MESSAGE_GET_NAME_AND_ADDRESS
02-27 00:01:21.077  2480  2759 D BluetoothManagerService: Binding to service to get name and address
02-27 00:01:21.090  2480  2759 I Zygote  : Process: zygote socket opened, supported ABIS: arm64-v8a
02-27 00:01:21.100  2480  2759 I Zygote  : Process: zygote socket opened, supported ABIS: armeabi-v7a,armeabi
02-27 00:01:21.100   432  2749 I art     : Starting a blocking GC HeapTrim
02-27 00:01:21.102   432   432 I art     : Starting a blocking GC Background
02-27 00:01:21.127  2480  2759 I ActivityManager: Start proc 2933:com.android.bluetooth/1002 for service com.android.bluetooth/.btservice.AdapterService
02-27 00:01:21.133  2480  2480 E InputMethodManagerService: Ignoring updateSystemUiLocked due to an invalid token. uid:1000 token:null
02-27 00:01:21.159  2480  2480 W InputMethodManagerService: Reset the default IME as "Resource" is ready here.
02-27 00:01:21.187  2480  2480 I InputMethodManagerService: Default found, using com.google.android.inputmethod.pinyin/.PinyinIME
02-27 00:01:21.208  2480  2480 I ActivityManager: Start proc 2947:com.google.android.inputmethod.pinyin/u0a62 for service com.google.android.inputmethod.pinyin/.PinyinIME
02-27 00:01:21.208  2480  2480 V InputMethodManagerService: Adding window token: android.os.Binder@c030e1
02-27 00:01:21.209  2480  2879 D MountService: Thinking about init, mSystemReady=true, mDaemonConnected=true
02-27 00:01:21.209  2480  2480 W TextServicesManagerService: no available spell checker services found
02-27 00:01:21.209  2480  2879 D MountService: Setting up emulation state, initlocked=false
02-27 00:01:21.209  2480  2879 D CryptdConnector: SND -> {2 cryptfs unlock_user_key 0 0 ! !}
02-27 00:01:21.210   363   369 D vold    : e4crypt_unlock_user_key 0 serial=0 token_present=0
02-27 00:01:21.210   363   369 E vold    : Failed to chmod /data/system_ce/0: No such file or directory
02-27 00:01:21.210   363   369 E vold    : Failed to chmod /data/misc_ce/0: No such file or directory
02-27 00:01:21.210   433  1033 D audio_hw_primary: adev_set_parameters: enter: A2dpSuspended=false
02-27 00:01:21.210   433  1033 D audio_hw_extn: audio_extn_set_anc_parameters: anc_enabled:0
02-27 00:01:21.210  2480  2881 D CryptdConnector: RCV <- {200 2 Command succeeded}
02-27 00:01:21.210  2480  2879 D MountService: Thinking about reset, mSystemReady=true, mDaemonConnected=true
02-27 00:01:21.211  2480  2879 D VoldConnector: SND -> {28 volume reset}
02-27 00:01:21.211  2480  2753 I ActivityManager: Force stopping com.android.providers.media appid=10008 user=-1: vold reset
02-27 00:01:21.211  2480  2480 D UsbAlsaManager: Adding ALSA device AlsaDevice: [card: 0, device: 0, type: 2]
02-27 00:01:21.211  2480  2480 D UsbAlsaManager: Adding ALSA device AlsaDevice: [card: 0, device: 0, type: 1]
02-27 00:01:21.211  2480  2480 D UsbAlsaManager: Adding ALSA device AlsaDevice: [card: 0, device: 1, type: 2]
02-27 00:01:21.211  2480  2480 D UsbAlsaManager: Adding ALSA device AlsaDevice: [card: 0, device: 1, type: 1]
02-27 00:01:21.211  2480  2480 D UsbAlsaManager: Adding ALSA device AlsaDevice: [card: 0, device: 2, type: 2]
02-27 00:01:21.211  2480  2480 D UsbAlsaManager: Adding ALSA device AlsaDevice: [card: 0, device: 2, type: 1]
02-27 00:01:21.211  2480  2480 D UsbAlsaManager: Adding ALSA device AlsaDevice: [card: 0, device: 3, type: 2]
02-27 00:01:21.211  2480  2480 D UsbAlsaManager: Adding ALSA device AlsaDevice: [card: 0, device: 3, type: 1]
02-27 00:01:21.211  2480  2480 D UsbAlsaManager: Adding ALSA device AlsaDevice: [card: 0, device: 4, type: 1]
02-27 00:01:21.211  2480  2480 D UsbAlsaManager: Adding ALSA device AlsaDevice: [card: 0, device: 5, type: 1]
02-27 00:01:21.211  2480  2480 D UsbAlsaManager: Adding ALSA device AlsaDevice: [card: 0, device: 6, type: 2]
02-27 00:01:21.211  2480  2480 D UsbAlsaManager: Adding ALSA device AlsaDevice: [card: 0, device: 6, type: 1]
02-27 00:01:21.211  2480  2480 D UsbAlsaManager: Adding ALSA device AlsaDevice: [card: 0, device: 7, type: 1]
02-27 00:01:21.211  2480  2480 D UsbAlsaManager: Adding ALSA device AlsaDevice: [card: 0, device: 8, type: 2]
02-27 00:01:21.211  2480  2480 D UsbAlsaManager: Adding ALSA device AlsaDevice: [card: 0, device: 10, type: 2]
02-27 00:01:21.211  2480  2480 D UsbAlsaManager: Adding ALSA device AlsaDevice: [card: 0, device: 10, type: 1]
02-27 00:01:21.211  2480  2480 D UsbAlsaManager: Adding ALSA device AlsaDevice: [card: 0, device: 11, type: 2]
02-27 00:01:21.211  2480  2480 D UsbAlsaManager: Adding ALSA device AlsaDevice: [card: 0, device: 12, type: 2]
02-27 00:01:21.211  2480  2480 D UsbAlsaManager: Adding ALSA device AlsaDevice: [card: 0, device: 12, type: 1]
02-27 00:01:21.211  2480  2480 D UsbAlsaManager: Adding ALSA device AlsaDevice: [card: 0, device: 13, type: 2]
02-27 00:01:21.211  2480  2880 D VoldConnector: RCV <- {651 emulated 7}
02-27 00:01:21.211  2480  2480 D UsbAlsaManager: Adding ALSA device AlsaDevice: [card: 0, device: 13, type: 1]
02-27 00:01:21.212  2480  2480 D UsbAlsaManager: Adding ALSA device AlsaDevice: [card: 0, device: 14, type: 2]
02-27 00:01:21.212  2480  2480 D UsbAlsaManager: Adding ALSA device AlsaDevice: [card: 0, device: 14, type: 1]
02-27 00:01:21.212  2480  2480 D UsbAlsaManager: Adding ALSA device AlsaDevice: [card: 0, device: 15, type: 2]
02-27 00:01:21.212  2480  2480 D UsbAlsaManager: Adding ALSA device AlsaDevice: [card: 0, device: 15, type: 1]
02-27 00:01:21.212  2480  2480 D UsbAlsaManager: Adding ALSA device AlsaDevice: [card: 0, device: 16, type: 2]
02-27 00:01:21.212  2480  2480 D UsbAlsaManager: Adding ALSA device AlsaDevice: [card: 0, device: 16, type: 1]
02-27 00:01:21.212  2480  2480 D UsbAlsaManager: Adding ALSA device AlsaDevice: [card: 0, device: 17, type: 2]
02-27 00:01:21.212  2480  2480 D UsbAlsaManager: Adding ALSA device AlsaDevice: [card: 0, device: 17, type: 1]
02-27 00:01:21.212  2480  2880 D VoldConnector: RCV <- {659 emulated}
02-27 00:01:21.212  2480  2480 D UsbAlsaManager: Adding ALSA device AlsaDevice: [card: 0, device: 18, type: 2]
02-27 00:01:21.212  2480  2480 D UsbAlsaManager: Adding ALSA device AlsaDevice: [card: 0, device: 18, type: 1]
02-27 00:01:21.212  2480  2480 D UsbAlsaManager: Adding ALSA device AlsaDevice: [card: 0, device: 19, type: 2]
02-27 00:01:21.212  2480  2480 D UsbAlsaManager: Adding ALSA device AlsaDevice: [card: 0, device: 20, type: 2]
02-27 00:01:21.212  2480  2480 D UsbAlsaManager: Adding ALSA device AlsaDevice: [card: 0, device: 21, type: 2]
02-27 00:01:21.212  2480  2480 D UsbAlsaManager: Adding ALSA device AlsaDevice: [card: 0, device: 22, type: 2]
02-27 00:01:21.212  2480  2880 D VoldConnector: RCV <- {650 emulated 2 "" ""}
02-27 00:01:21.212  2480  2480 D UsbAlsaManager: Adding ALSA device AlsaDevice: [card: 0, device: 23, type: 2]
02-27 00:01:21.212  2480  2480 D UsbAlsaManager: Adding ALSA device AlsaDevice: [card: 0, device: 25, type: 1]
02-27 00:01:21.212  2480  2480 D UsbAlsaManager: Adding ALSA device AlsaDevice: [card: 0, device: 26, type: 2]
02-27 00:01:21.212  2480  2480 D UsbAlsaManager: Adding ALSA device AlsaDevice: [card: 0, device: 34, type: 2]
02-27 00:01:21.212  2480  2480 D UsbAlsaManager: Adding ALSA device AlsaDevice: [card: 0, device: 34, type: 1]
02-27 00:01:21.212  2480  2880 D VoldConnector: RCV <- {654 emulated emulated}
02-27 00:01:21.212  2480  2480 D UsbAlsaManager: Adding ALSA device AlsaDevice: [card: 0, device: 35, type: 2]
02-27 00:01:21.212  2480  2480 D UsbAlsaManager: Adding ALSA device AlsaDevice: [card: 0, device: 35, type: 1]
02-27 00:01:21.212  2480  2880 D VoldConnector: RCV <- {651 emulated 0}
02-27 00:01:21.212  2480  2880 D VoldConnector: RCV <- {200 28 Command succeeded}
02-27 00:01:21.213  2480  2879 D VoldConnector: SND -> {29 volume user_added 0 0}
02-27 00:01:21.213  2480  2880 D VoldConnector: RCV <- {200 29 Command succeeded}
02-27 00:01:21.214  2480  2758 V MountService: Found primary storage at VolumeInfo{emulated}:
02-27 00:01:21.214  2480  2758 V MountService:     type=EMULATED diskId=null partGuid=null mountFlags=0 mountUserId=-1 
02-27 00:01:21.214  2480  2758 V MountService:     state=UNMOUNTED 
02-27 00:01:21.214  2480  2758 V MountService:     fsType=null fsUuid=null fsLabel=null 
02-27 00:01:21.214  2480  2758 V MountService:     path=null internalPath=null 
02-27 00:01:21.214  2480  2879 D VoldConnector: SND -> {30 volume mount emulated 3 -1}
02-27 00:01:21.215   363   368 V vold    : Waiting for FUSE to spin up...
02-27 00:01:21.215  2480  2880 D VoldConnector: RCV <- {651 emulated 1}
02-27 00:01:21.216  2480  2880 D VoldConnector: RCV <- {656 emulated /data/media}
02-27 00:01:21.216  2480  2880 D VoldConnector: RCV <- {655 emulated /storage/emulated}
02-27 00:01:21.223  2480  2903 D BluetoothManagerService: Trying to bind to profile: 1, while Bluetooth was disabled
02-27 00:01:21.225  2480  2480 I ActivityManager: Start proc 2954:com.android.systemui/u0a31 for service com.android.systemui/.keyguard.KeyguardService
02-27 00:01:21.225  2480  2480 I SystemServer: WebViewFactory preparation
02-27 00:01:21.228   433   433 I AudioFlinger: systemReady
02-27 00:01:21.230  2480  2480 D WebViewFactory: Setting new address space to 126533072
02-27 00:01:21.232  2953  2953 W sdcard  : Device explicitly disabled sdcardfs
02-27 00:01:21.235   432  2937 I art     : Starting a blocking GC HeapTrim
02-27 00:01:21.243  2480  2980 E WVMExtractor: Failed to open libwvm.so: dlopen failed: library "libwvm.so" not found
02-27 00:01:21.244  2480  2480 I ActivityManager: Start proc 2986:WebViewLoader-armeabi-v7a/1037 [android.webkit.WebViewFactory$RelroFileCreator] for 
02-27 00:01:21.254  2986  2986 V WebViewFactory: RelroFileCreator (64bit = false),  32-bit lib: /system/app/webview/webview.apk!/lib/armeabi-v7a/libwebviewchromium.so, 64-bit lib: /system/app/webview/webview.apk!/lib/arm64-v8a/libwebviewchromium.so
02-27 00:01:21.255  2480  2480 I ActivityManager: Start proc 2995:WebViewLoader-arm64-v8a/1037 [android.webkit.WebViewFactory$RelroFileCreator] for 
02-27 00:01:21.260  2995  2995 V WebViewFactory: RelroFileCreator (64bit = true),  32-bit lib: /system/app/webview/webview.apk!/lib/armeabi-v7a/libwebviewchromium.so, 64-bit lib: /system/app/webview/webview.apk!/lib/arm64-v8a/libwebviewchromium.so
02-27 00:01:21.262  2480  2480 D NetworkManagement: enabling bandwidth control
02-27 00:01:21.266  2480  2880 D VoldConnector: RCV <- {651 emulated 2}
02-27 00:01:21.266  2480  2880 D VoldConnector: RCV <- {200 30 Command succeeded}
02-27 00:01:21.278  2954  2954 W System  : ClassLoader referenced unknown path: /system/priv-app/SystemUI/lib/arm64
02-27 00:01:21.288  2480  2754 I CameraManagerGlobal: Connecting to camera service
02-27 00:01:21.288  2480  2754 E CameraManagerGlobal: Camera service is unavailable
02-27 00:01:21.296   441   441 I MediaPlayerService: MediaPlayerService::getOMX
02-27 00:01:21.309  2480  2887 D WifiController: DEFERRED_TOGGLE handled
02-27 00:01:21.309  2480  2888 E WifiMonitor: killSupplicant p2ptrue init.svc.wpa_supplicant=unknown init.svc.p2p_supplicant=unknown
02-27 00:01:21.332  2986  2986 I art     : System.exit called, status: 0
02-27 00:01:21.332  2986  2986 I AndroidRuntime: VM exiting with result code 0, cleanup skipped.
02-27 00:01:21.360  2947  2947 W System  : ClassLoader referenced unknown path: /system/app/GooglePinYin/lib/arm64
02-27 00:01:21.378  2995  2995 I art     : System.exit called, status: 0
02-27 00:01:21.378  2995  2995 I AndroidRuntime: VM exiting with result code 0, cleanup skipped.
02-27 00:01:21.384  2480  2754 I CameraManagerGlobal: Connecting to camera service
02-27 00:01:21.385  2480  2754 E CameraManagerGlobal: Camera service is unavailable
02-27 00:01:21.399  2480  2480 W NetworkManagement: setDataSaverMode(): already false
02-27 00:01:21.401  2954  2954 V SystemUIService: Starting SystemUI services for user 0.
02-27 00:01:21.406  2480  2480 I TetherStatsReporting: binding to service
02-27 00:01:21.408  2480  2480 I TetherStatsReporting: getTetherStats() called NetworkStats: elapsedRealtime=20345
02-27 00:01:21.408  2480  2480 I TetherStatsReporting:   [0] iface=dummy0 uid=0 set=DEFAULT tag=0x0 roaming=NO rxBytes=0 rxPackets=0 txBytes=168 txPackets=3 operations=0
02-27 00:01:21.408  2480  2480 I TetherStatsReporting:   [1] iface=dummy0 uid=0 set=FOREGROUND tag=0x0 roaming=NO rxBytes=0 rxPackets=0 txBytes=0 txPackets=0 operations=0
02-27 00:01:21.408  2480  2480 I TetherStatsReporting: binding to service
02-27 00:01:21.410   441   441 I OMXClient: MuxOMX ctor
02-27 00:01:21.411   441   441 I MediaPlayerService: MediaPlayerService::getOMX
02-27 00:01:21.413   441   441 I OMXClient: MuxOMX ctor
02-27 00:01:21.413   438   438 I OMXMaster: makeComponentInstance(OMX.google.mp3.decoder) in mediacodec process
02-27 00:01:21.420   431   431 I Zygote  : Process 740 exited cleanly (13)
02-27 00:01:21.421   441   441 I MediaPlayerService: MediaPlayerService::getOMX
02-27 00:01:21.421   441   441 I OMXClient: MuxOMX ctor
02-27 00:01:21.422   438   438 I OMXMaster: makeComponentInstance(OMX.google.amrnb.decoder) in mediacodec process
02-27 00:01:21.427   441   441 I MediaPlayerService: MediaPlayerService::getOMX
02-27 00:01:21.427   441   441 I OMXClient: MuxOMX ctor
02-27 00:01:21.428   438   438 I OMXMaster: makeComponentInstance(OMX.google.amrwb.decoder) in mediacodec process
02-27 00:01:21.430   441   441 I MediaPlayerService: MediaPlayerService::getOMX
02-27 00:01:21.431   441   441 I OMXClient: MuxOMX ctor
02-27 00:01:21.431   438   438 I OMXMaster: makeComponentInstance(OMX.google.aac.decoder) in mediacodec process
02-27 00:01:21.440   441   441 I MediaPlayerService: MediaPlayerService::getOMX
02-27 00:01:21.441   441   441 I OMXClient: MuxOMX ctor
02-27 00:01:21.441   438   438 I OMXMaster: makeComponentInstance(OMX.google.g711.alaw.decoder) in mediacodec process
02-27 00:01:21.445   441   441 I MediaPlayerService: MediaPlayerService::getOMX
02-27 00:01:21.446   441   441 I OMXClient: MuxOMX ctor
02-27 00:01:21.446  2954  2954 V MediaRouter: Adding route: RouteInfo{ name=, description=null, status=null, category=RouteCategory{ name=null types=ROUTE_TYPE_LIVE_AUDIO ROUTE_TYPE_LIVE_VIDEO  groupable=false }, supportedTypes=ROUTE_TYPE_LIVE_AUDIO ROUTE_TYPE_LIVE_VIDEO , presentationDisplay=null }
02-27 00:01:21.446   438   438 I OMXMaster: makeComponentInstance(OMX.google.g711.mlaw.decoder) in mediacodec process
02-27 00:01:21.448   441   441 I MediaPlayerService: MediaPlayerService::getOMX
02-27 00:01:21.449   441   441 I OMXClient: MuxOMX ctor
02-27 00:01:21.449   438   438 I OMXMaster: makeComponentInstance(OMX.google.vorbis.decoder) in mediacodec process
02-27 00:01:21.455   441   441 I MediaPlayerService: MediaPlayerService::getOMX
02-27 00:01:21.456   441   441 I OMXClient: MuxOMX ctor
02-27 00:01:21.456   438   438 I OMXMaster: makeComponentInstance(OMX.google.opus.decoder) in mediacodec process
02-27 00:01:21.456  2954  2954 V MediaRouter: Updating audio routes: AudioRoutesInfo{ type=SPEAKER }
02-27 00:01:21.458  2954  2954 V MediaRouter: Selecting route: RouteInfo{ name=, description=null, status=null, category=RouteCategory{ name=null types=ROUTE_TYPE_LIVE_AUDIO ROUTE_TYPE_LIVE_VIDEO  groupable=false }, supportedTypes=ROUTE_TYPE_LIVE_AUDIO ROUTE_TYPE_LIVE_VIDEO , presentationDisplay=null }
02-27 00:01:21.460   441   441 I MediaPlayerService: MediaPlayerService::getOMX
02-27 00:01:21.462   441   441 I OMXClient: MuxOMX ctor
02-27 00:01:21.463   438   438 I OMXMaster: makeComponentInstance(OMX.google.raw.decoder) in mediacodec process
02-27 00:01:21.466   441   441 I MediaPlayerService: MediaPlayerService::getOMX
02-27 00:01:21.466   441   441 I OMXClient: MuxOMX ctor
02-27 00:01:21.467   438   438 I OMXMaster: makeComponentInstance(OMX.google.aac.encoder) in mediacodec process
02-27 00:01:21.477   441   441 I MediaPlayerService: MediaPlayerService::getOMX
02-27 00:01:21.477   441   441 I OMXClient: MuxOMX ctor
02-27 00:01:21.478   438   438 I OMXMaster: makeComponentInstance(OMX.google.amrnb.encoder) in mediacodec process
02-27 00:01:21.480  2480  2480 D NetworkPolicy: setRestrictBackgroundUL(): false
02-27 00:01:21.481  2480  2480 W NetworkManagement: setDataSaverMode(): already false
02-27 00:01:21.483   441   441 I MediaPlayerService: MediaPlayerService::getOMX
02-27 00:01:21.484   441   441 I OMXClient: MuxOMX ctor
02-27 00:01:21.485   438   438 I OMXMaster: makeComponentInstance(OMX.google.amrwb.encoder) in mediacodec process
02-27 00:01:21.498   441   441 I MediaPlayerService: MediaPlayerService::getOMX
02-27 00:01:21.499   441   441 I OMXClient: MuxOMX ctor
02-27 00:01:21.499   438   438 I OMXMaster: makeComponentInstance(OMX.google.flac.encoder) in mediacodec process
02-27 00:01:21.506  2954  3069 E WVMExtractor: Failed to open libwvm.so: dlopen failed: library "libwvm.so" not found
02-27 00:01:21.509   441   441 I MediaPlayerService: MediaPlayerService::getOMX
02-27 00:01:21.509   441   441 I OMXClient: MuxOMX ctor
02-27 00:01:21.509   438   438 I OMXMaster: makeComponentInstance(OMX.google.gsm.decoder) in mediacodec process
02-27 00:01:21.513   441   441 I MediaPlayerService: MediaPlayerService::getOMX
02-27 00:01:21.514   441   441 I OMXClient: MuxOMX ctor
02-27 00:01:21.514   438   438 I OMXMaster: makeComponentInstance(OMX.qcom.video.encoder.mpeg4) in mediacodec process
02-27 00:01:21.519   438   438 I OMX-VENC: Video encode perflock acquired,handle=-1
02-27 00:01:21.529  2933  2933 E BluetoothVendorJni: register_com_android_bluetooth_btservice_vendor:
02-27 00:01:21.571  2933  2933 D AdapterServiceConfig: addA2dpProfile: isA2dpSinkEnabled = falseisHfpClientEnabled false serviceName HeadsetService
02-27 00:01:21.571  2933  2933 D AdapterServiceConfig: Adding HeadsetService
02-27 00:01:21.571  2933  2933 D AdapterServiceConfig: addA2dpProfile: isA2dpSinkEnabled = falseisHfpClientEnabled false serviceName A2dpService
02-27 00:01:21.571  2933  2933 D AdapterServiceConfig: Adding A2dpService
02-27 00:01:21.571  2933  2933 D AdapterServiceConfig: addA2dpProfile: isA2dpSinkEnabled = falseisHfpClientEnabled false serviceName HidService
02-27 00:01:21.571  2933  2933 D AdapterServiceConfig: Adding HidService
02-27 00:01:21.571  2933  2933 D AdapterServiceConfig: addA2dpProfile: isA2dpSinkEnabled = falseisHfpClientEnabled false serviceName HealthService
02-27 00:01:21.571  2933  2933 D AdapterServiceConfig: Adding HealthService
02-27 00:01:21.572  2933  2933 D AdapterServiceConfig: addA2dpProfile: isA2dpSinkEnabled = falseisHfpClientEnabled false serviceName PanService
02-27 00:01:21.572  2933  2933 D AdapterServiceConfig: Adding PanService
02-27 00:01:21.572  2933  2933 D AdapterServiceConfig: addA2dpProfile: isA2dpSinkEnabled = falseisHfpClientEnabled false serviceName GattService
02-27 00:01:21.572  2933  2933 D AdapterServiceConfig: Adding GattService
02-27 00:01:21.572  2933  2933 D AdapterServiceConfig: addA2dpProfile: isA2dpSinkEnabled = falseisHfpClientEnabled false serviceName BluetoothMapService
02-27 00:01:21.572  2933  2933 D AdapterServiceConfig: Adding BluetoothMapService
02-27 00:01:21.593  2933  2933 E BluetoothVendorJni: register_com_android_bluetooth_btservice_vendor:
02-27 00:01:21.598  2480  2480 I SystemServiceManager: Starting phase 600
02-27 00:01:21.598   438   438 I OMX-VENC: Component_init : OMX.qcom.video.encoder.mpeg4 : return = 0x0
02-27 00:01:21.599   438   438 E OMX-VENC: get_parameter: OMX_IndexParamVideoProfileLevelQuerySupported nProfileIndex ret NoMore 2
02-27 00:01:21.600   441   441 W ACodec  : do not know color format 0x7fa30c04 = 2141391876
02-27 00:01:21.600   441   441 W ACodec  : do not know color format 0x7f000789 = 2130708361
02-27 00:01:21.601   441   441 W ACodec  : do not know color format 0x7fa30c00 = 2141391872
02-27 00:01:21.601   438   438 E OMX-VENC: ERROR: unsupported index 1868562442
02-27 00:01:21.601   438   438 E OMXNodeInstance: getConfig(1b6000f:qcom.encoder.mpeg4, ConfigAndroidIntraRefresh(0x6f60000a)) ERROR: UnsupportedIndex(0x8000101a)
02-27 00:01:21.602   438   724 I OMX-VENC: Component Deinit
02-27 00:01:21.602   438   724 I OMX-VENC: Video encode perflock released
02-27 00:01:21.603   441   441 I MediaPlayerService: MediaPlayerService::getOMX
02-27 00:01:21.604   441   441 I OMXClient: MuxOMX ctor
02-27 00:01:21.604   438   724 I OMXMaster: makeComponentInstance(OMX.qcom.video.encoder.h263) in mediacodec process
02-27 00:01:21.605   438   724 I OMX-VENC: Video encode perflock acquired,handle=-1
02-27 00:01:21.608   438   724 I OMX-VENC: Component_init : OMX.qcom.video.encoder.h263 : return = 0x0
02-27 00:01:21.609   438   438 E OMX-VENC: get_parameter: OMX_IndexParamVideoProfileLevelQuerySupported nProfileIndex ret NoMore 1
02-27 00:01:21.609   441   441 W ACodec  : do not know color format 0x7fa30c04 = 2141391876
02-27 00:01:21.610   441   441 W ACodec  : do not know color format 0x7f000789 = 2130708361
02-27 00:01:21.610   441   441 W ACodec  : do not know color format 0x7fa30c00 = 2141391872
02-27 00:01:21.611   438  3095 E OMX-VENC: ERROR: unsupported index 1868562442
02-27 00:01:21.611   438  3095 E OMXNodeInstance: getConfig(1b60010:qcom.encoder.h263, ConfigAndroidIntraRefresh(0x6f60000a)) ERROR: UnsupportedIndex(0x8000101a)
02-27 00:01:21.612   438   724 I OMX-VENC: Component Deinit
02-27 00:01:21.612   438   724 I OMX-VENC: Video encode perflock released
02-27 00:01:21.613   441   441 I MediaPlayerService: MediaPlayerService::getOMX
02-27 00:01:21.613   441   441 I OMXClient: MuxOMX ctor
02-27 00:01:21.613   438  3095 I OMXMaster: makeComponentInstance(OMX.qcom.video.encoder.avc) in mediacodec process
02-27 00:01:21.615   438  3095 I OMX-VENC: Video encode perflock acquired,handle=-1
02-27 00:01:21.619   438  3095 I OMX-VENC: Component_init : OMX.qcom.video.encoder.avc : return = 0x0
02-27 00:01:21.622   441   441 W ACodec  : do not know color format 0x7fa30c04 = 2141391876
02-27 00:01:21.622   441   441 W ACodec  : do not know color format 0x7f000789 = 2130708361
02-27 00:01:21.623   441   441 W ACodec  : do not know color format 0x7fa30c00 = 2141391872
02-27 00:01:21.624   438   438 E OMX-VENC: ERROR: unsupported index 1868562442
02-27 00:01:21.624   438   438 E OMXNodeInstance: getConfig(1b60011:qcom.encoder.avc, ConfigAndroidIntraRefresh(0x6f60000a)) ERROR: UnsupportedIndex(0x8000101a)
02-27 00:01:21.624  2480  2883 I TetherStatsReporting: getTetherStats() called NetworkStats: elapsedRealtime=20564
02-27 00:01:21.624  2480  2883 I TetherStatsReporting:   [0] iface=dummy0 uid=0 set=DEFAULT tag=0x0 roaming=NO rxBytes=0 rxPackets=0 txBytes=168 txPackets=3 operations=0
02-27 00:01:21.624  2480  2883 I TetherStatsReporting:   [1] iface=dummy0 uid=0 set=FOREGROUND tag=0x0 roaming=NO rxBytes=0 rxPackets=0 txBytes=0 txPackets=0 operations=0
02-27 00:01:21.624  2480  2883 I TetherStatsReporting: binding to service
02-27 00:01:21.624  2480  2480 D GestureLauncherService: Gesture launcher mEmergencyNumber = 112 hits = 3
02-27 00:01:21.625  2480  2480 D SensorNotificationService: Cannot obtain dynamic meta sensor, not supported.
02-27 00:01:21.625   438  3095 I OMX-VENC: Component Deinit
02-27 00:01:21.625   438  3095 I OMX-VENC: Video encode perflock released
02-27 00:01:21.627   441   441 I MediaPlayerService: MediaPlayerService::getOMX
02-27 00:01:21.628   441   441 I OMXClient: MuxOMX ctor
02-27 00:01:21.628   438   438 I OMXMaster: makeComponentInstance(OMX.qcom.video.encoder.vp8) in mediacodec process
02-27 00:01:21.629   438   438 I OMX-VENC: Video encode perflock acquired,handle=-1
02-27 00:01:21.631  2480  2480 D BrokerableMKSystemService: Third party apps ready
02-27 00:01:21.631  2480  2480 I BrokerableMKSystemService: Connecting to implementation
02-27 00:01:21.631  2480  2480 W ContextImpl: Calling a method in the system process without a qualified user: android.app.ContextImpl.bindService:1421 org.mokee.platform.internal.BrokerableMKSystemService.tryConnecting:200 org.mokee.platform.internal.BrokerableMKSystemService.onBootPhase:128 org.mokee.platform.internal.MKAudioServiceBroker.onBootPhase:59 com.android.server.SystemServiceManager.startBootPhase:147 
02-27 00:01:21.632   438   438 I OMX-VENC: Component_init : OMX.qcom.video.encoder.vp8 : return = 0x0
02-27 00:01:21.633   441   441 W ACodec  : do not know color format 0x7fa30c04 = 2141391876
02-27 00:01:21.633   441   441 W ACodec  : do not know color format 0x7f000789 = 2130708361
02-27 00:01:21.634  2954  2954 I vol.Events: writeEvent collection_started
02-27 00:01:21.634   441   441 W ACodec  : do not know color format 0x7fa30c00 = 2141391872
02-27 00:01:21.634   438   438 E OMX-VENC: ERROR: unsupported index 1868562442
02-27 00:01:21.634   438   438 E OMXNodeInstance: getConfig(1b60012:qcom.encoder.vp8, ConfigAndroidIntraRefresh(0x6f60000a)) ERROR: UnsupportedIndex(0x8000101a)
02-27 00:01:21.635   438  3095 I OMX-VENC: Component Deinit
02-27 00:01:21.635   438  3095 I OMX-VENC: Video encode perflock released
02-27 00:01:21.636   441   441 I MediaPlayerService: MediaPlayerService::getOMX
02-27 00:01:21.636   441   441 I OMXClient: MuxOMX ctor
02-27 00:01:21.636   438   438 I OMXMaster: makeComponentInstance(OMX.qcom.video.decoder.avc) in mediacodec process
02-27 00:01:21.641   438   438 I OMX-VDEC-1080P: Video slvp perflock acquired
