01-01 00:01:04.661   465   465 D QC-time-services: Daemon:Unable to open filefor read
01-01 00:01:04.661   465   465 D QC-time-services: Daemon:genoff_post_init:Error in accessing storage
01-01 00:01:04.661   465   465 D QC-time-services: Daemon:genoff_pre_init::Base = 8
01-01 00:01:04.661   429   429 E adsprpc : vendor/qcom/proprietary/adsprpc/src/adsprpcd.c:43:adsp daemon restarting...
01-01 00:01:04.662   429   429 E adsprpc : vendor/qcom/proprietary/adsprpc/src/adsp_default_listener.c:28:adsp_default_listener_start started
01-01 00:01:04.662   429   429 E adsprpc : vendor/qcom/proprietary/adsprpc/src/fastrpc_apps_user.c:167::error: -1: (0 == ioctl(dev, FASTRPC_IOCTL_INIT, (unsigned long)&ginit)) || errno == ENOTTY
01-01 00:01:04.662   429   429 E adsprpc : vendor/qcom/proprietary/adsprpc/src/fastrpc_apps_user.c:248:/dev/adsprpc-smd device initialization error: Operation not permitted
01-01 00:01:04.662   429   429 E adsprpc : vendor/qcom/proprietary/adsprpc/src/adsp_default_listener.c:30::error: -1: 0 == remote_handle_open(ITRANSPORT_PREFIX "attachguestos", &fd)
01-01 00:01:04.662   429   429 E adsprpc : vendor/qcom/proprietary/adsprpc/src/adsp_default_listener.c:44:adsp_default_listener_start exiting nErr=-1
01-01 00:01:04.662   429   429 E adsprpc : vendor/qcom/proprietary/adsprpc/src/adsprpcd.c:34:adsp daemon unload
01-01 00:01:04.662   429   429 E adsprpc : vendor/qcom/proprietary/adsprpc/src/fastrpc_apps_user.c:664:exit:
01-01 00:01:04.662   429   429 E adsprpc : vendor/qcom/proprietary/adsprpc/src/adsprpcd.c:41:adsp daemon sleeping for 25ms
01-01 00:01:04.663   465   465 D QC-time-services: Daemon: Storage Name: ats_8 
01-01 00:01:04.663   465   465 D QC-time-services: Daemon:Opening File: /persist/time/ats_8 /data/time/ats_8
01-01 00:01:04.663   465   465 D QC-time-services: Daemon:time_persistent_memory_opr:Genoff Read operation 
01-01 00:01:04.663   465   465 D QC-time-services: Daemon:Open File: /data/time/ats_8
01-01 00:01:04.663   465   465 D QC-time-services: Daemon:Unable to open filefor read
01-01 00:01:04.663   465   465 D QC-time-services: Daemon:genoff_post_init:Error in accessing storage
01-01 00:01:04.663   465   465 D QC-time-services: Daemon:genoff_pre_init::Base = 9
01-01 00:01:04.663   465   465 D QC-time-services: Daemon: Storage Name: ats_9 
01-01 00:01:04.663   465   465 D QC-time-services: Daemon:Opening File: /persist/time/ats_9 /data/time/ats_9
01-01 00:01:04.663   465   465 D QC-time-services: Daemon:time_persistent_memory_opr:Genoff Read operation 
01-01 00:01:04.663   465   465 D QC-time-services: Daemon:Open File: /data/time/ats_9
01-01 00:01:04.663   465   465 D QC-time-services: Daemon:Unable to open filefor read
01-01 00:01:04.663   465   465 D QC-time-services: Daemon:genoff_post_init:Error in accessing storage
01-01 00:01:04.663   465   465 D QC-time-services: Daemon:genoff_pre_init::Base = 10
01-01 00:01:04.663   465   465 D QC-time-services: Daemon: Storage Name: ats_10 
01-01 00:01:04.663   465   465 D QC-time-services: Daemon:Opening File: /persist/time/ats_10 /data/time/ats_10
01-01 00:01:04.663   465   465 D QC-time-services: Daemon:time_persistent_memory_opr:Genoff Read operation 
01-01 00:01:04.663   465   465 D QC-time-services: Daemon:Open File: /data/time/ats_10
01-01 00:01:04.664   465   465 D QC-time-services: Daemon:Unable to open filefor read
01-01 00:01:04.664   465   465 D QC-time-services: Daemon:genoff_post_init:Error in accessing storage
01-01 00:01:04.664   465   465 D QC-time-services: Daemon:genoff_pre_init::Base = 11
01-01 00:01:04.664   465   465 D QC-time-services: Daemon: Storage Name: ats_11 
01-01 00:01:04.664   465   465 D QC-time-services: Daemon:Opening File: /persist/time/ats_11 /data/time/ats_11
01-01 00:01:04.664   465   465 D QC-time-services: Daemon:time_persistent_memory_opr:Genoff Read operation 
01-01 00:01:04.664   465   465 D QC-time-services: Daemon:Open File: /data/time/ats_11
01-01 00:01:04.664   465   465 D QC-time-services: Daemon:Unable to open filefor read
01-01 00:01:04.664   465   465 D QC-time-services: Daemon:genoff_post_init:Error in accessing storage
01-01 00:01:04.664   465   465 D QC-time-services: Daemon:genoff_pre_init::Base = 12
01-01 00:01:04.664   465   465 D QC-time-services: Daemon: Storage Name: ats_12 
01-01 00:01:04.664   465   465 D QC-time-services: Daemon:Opening File: /persist/time/ats_12 /data/time/ats_12
01-01 00:01:04.664   465   465 D QC-time-services: Daemon:time_persistent_memory_opr:Genoff Read operation 
01-01 00:01:04.664   465   465 D QC-time-services: Daemon:Open File: /data/time/ats_12
01-01 00:01:04.664   465   465 D QC-time-services: Daemon:Unable to open filefor read
01-01 00:01:04.664   465   465 D QC-time-services: Daemon:genoff_post_init:Error in accessing storage
01-01 00:01:04.664   465   465 D QC-time-services: Daemon:genoff_pre_init::Base = 13
01-01 00:01:04.664   465   465 D QC-time-services: Daemon: Storage Name: ats_13 
01-01 00:01:04.664   465   465 D QC-time-services: Daemon:Opening File: /persist/time/ats_13 /data/time/ats_13
01-01 00:01:04.664   465   465 D QC-time-services: Daemon:time_persistent_memory_opr:Genoff Read operation 
01-01 00:01:04.664   465   465 D QC-time-services: Daemon:Open File: /data/time/ats_13
01-01 00:01:04.664   465   465 D QC-time-services: Daemon:Unable to open filefor read
01-01 00:01:04.664   465   465 D QC-time-services: Daemon:genoff_post_init:Error in accessing storage
01-01 00:01:04.664   465   465 D QC-time-services: Daemon:genoff_pre_init::Base = 14
01-01 00:01:04.664   465   465 D QC-time-services: Daemon: Storage Name: ats_14 
01-01 00:01:04.664   465   465 D QC-time-services: Daemon:Opening File: /persist/time/ats_14 /data/time/ats_14
01-01 00:01:04.664   465   465 D QC-time-services: Daemon:time_persistent_memory_opr:Genoff Read operation 
01-01 00:01:04.664   465   465 D QC-time-services: Daemon:Open File: /data/time/ats_14
01-01 00:01:04.664   465   465 D QC-time-services: Daemon:Unable to open filefor read
01-01 00:01:04.664   465   465 D QC-time-services: Daemon:genoff_post_init:Error in accessing storage
01-01 00:01:04.664   465   465 D QC-time-services: Daemon:genoff_init_config: Other bases initilized, exiting genoff_init
01-01 00:01:04.664   465   465 D QC-time-services: Daemon:rtc_get: Time read from RTC -- MM/DD/YY HH:MM:SS0/1/70 0:1:4
01-01 00:01:04.664   465   465 D QC-time-services: Daemon rtc_get: seconds = 64
01-01 00:01:04.664   465   465 D QC-time-services: Daemon:Value read from RTC mseconds = 64000
01-01 00:01:04.665   465   465 D QC-time-services: Daemon:Value read from QTimer mseconds = 6057
01-01 00:01:04.665   465   465 D QC-time-services: Daemon:genoff_opr: Base = 1, val = 0, operation = 1
01-01 00:01:04.665   465   465 D QC-time-services: Daemon: genoff get for 1
01-01 00:01:04.666   442   442 D QtiConnectivityAdapter: Successfully loaded libconnectivitycontroller
01-01 00:01:04.666   442   442 D         : initConnectivityController cons 
01-01 00:01:04.666   442   442 D ConnectivityController: QtiTetherCommand cons done
01-01 00:01:04.666   442   442 I libconnctrl: Creating a NetlinkRelay
01-01 00:01:04.666   442   442 I libconnctrl: NetlinkRelay constructor
01-01 00:01:04.666   442   442 E         : Failed to open libdatactrl, some features may not be present.
01-01 00:01:04.666   442   442 E         : Failed to open libcsm_data, some features may not be present.
01-01 00:01:04.666   465   465 D QC-time-services: Daemon:Value read from QTimer mseconds = 6059
01-01 00:01:04.666   465   465 D QC-time-services: Daemon:Value read from RTC mseconds on boot = 64000
01-01 00:01:04.667   465   465 D QC-time-services: Daemon:Value read from QTimer mseconds = 6059
01-01 00:01:04.667   465   465 D QC-time-services: Daemon:Value read from generic offset = 1488153600000
01-01 00:01:04.667   465   465 D QC-time-services: Daemon:Delta read on boot mseconds = 57943
01-01 00:01:04.667   465   465 D QC-time-services: Daemon:Final Time = 1488153664002
01-01 00:01:04.667   465   465 E QC-time-services: Daemon:genoff_boot_tod_init: Unable to open alarm device
01-01 00:01:04.667   465   465 E QC-time-services: Daemon:genoff_boot_tod_init: Updating system time to sec=1488153664, usec=2000
02-27 00:01:04.011   411   411 I servicemanager: type=1400 audit(0.0:11): avc: denied { search } for name="466" dev="proc" ino=647 scontext=u:r:servicemanager:s0 tcontext=u:r:init:s0 tclass=dir permissive=1
02-27 00:01:04.011   411   411 I servicemanager: type=1400 audit(0.0:12): avc: denied { read } for name="current" dev="proc" ino=5989 scontext=u:r:servicemanager:s0 tcontext=u:r:init:s0 tclass=file permissive=1
02-27 00:01:04.011   411   411 I servicemanager: type=1400 audit(0.0:13): avc: denied { open } for path="/proc/466/attr/current" dev="proc" ino=5989 scontext=u:r:servicemanager:s0 tcontext=u:r:init:s0 tclass=file permissive=1
02-27 00:01:04.011   411   411 I servicemanager: type=1400 audit(0.0:14): avc: denied { getattr } for scontext=u:r:servicemanager:s0 tcontext=u:r:init:s0 tclass=process permissive=1
02-27 00:01:04.020   466   466 I goodixfingerprintd: Starting goodixfingerprintd
02-27 00:01:04.020   466   466 I goodixfingerprintd: GoodixFingerprintDaemon version:goodixfingerprintd_v1.1.1
02-27 00:01:04.022   429   429 E adsprpc : vendor/qcom/proprietary/adsprpc/src/adsprpcd.c:43:adsp daemon restarting...
02-27 00:01:04.022   429   429 E adsprpc : vendor/qcom/proprietary/adsprpc/src/adsp_default_listener.c:28:adsp_default_listener_start started
02-27 00:01:04.025   411   411 E SELinux : avc:  denied  { add } for service=android.hardware.fingerprint.IGoodixFingerprintDaemon pid=466 uid=1000 scontext=u:r:init:s0 tcontext=u:object_r:default_android_service:s0 tclass=service_manager permissive=1
02-27 00:01:04.030   465   545 D QC-time-services: Daemon: Time-services: All initializations done
02-27 00:01:04.030   465   545 E QC-time-services: Daemon: Time-services: Waiting to acceptconnection
02-27 00:01:04.031   465   543 D QC-time-services: Daemon:genoff_modem_qmi_service_request: Initiallizing QMI 
02-27 00:01:04.033   465   543 I libmdmdetect: ESOC framework not supported
02-27 00:01:04.034   465   543 I libmdmdetect: Found internal modem: modem
02-27 00:01:04.048   465   543 E QMI_FW  : QMUXD: WARNING qmi_qmux_if_pwr_up_init failed! rc=-1
02-27 00:01:04.048   465   543 E QMI_FW  : QMUXD: WARNING qmi_qmux_if_pwr_up_init failed! rc=-1
02-27 00:01:04.048   465   543 E QC-time-services: Daemon:genoff_modem_qmi_service_request: qmi_client_get_service_list returned -2num_services 0
02-27 00:01:04.050   437   437 I keystore: Found keymaster1 module Keymaster QTI HAL, version 100
02-27 00:01:04.050   437   437 I SoftKeymaster: system/keymaster/soft_keymaster_device.cpp, Line 131: Creating device
02-27 00:01:04.050   437   437 D SoftKeymaster: system/keymaster/soft_keymaster_device.cpp, Line 132: Device address: 0x7fb603f000
02-27 00:01:04.050   477   477 I ifaad   : Starting ifaad
02-27 00:01:04.061   558   558 I ueventd : type=1400 audit(0.0:15): avc: denied { read } for name="wcnss.mdt" dev="mmcblk0p1" ino=4 scontext=u:r:ueventd:s0 tcontext=u:object_r:vfat:s0 tclass=file permissive=1
02-27 00:01:04.061   558   558 I ueventd : type=1400 audit(0.0:16): avc: denied { open } for path="/firmware/image/wcnss.mdt" dev="mmcblk0p1" ino=4 scontext=u:r:ueventd:s0 tcontext=u:object_r:vfat:s0 tclass=file permissive=1
02-27 00:01:04.061   558   558 I ueventd : type=1400 audit(0.0:17): avc: denied { getattr } for path="/firmware/image/wcnss.mdt" dev="mmcblk0p1" ino=4 scontext=u:r:ueventd:s0 tcontext=u:object_r:vfat:s0 tclass=file permissive=1
02-27 00:01:04.063   427   427 E wcnss_service: Serial Number is  57569523
02-27 00:01:04.063   427   427 E wcnss_service: CAL file not found
02-27 00:01:04.064   467   467 D QSEECOMAPI: : QSEECom_get_handle sb_length = 0x400
02-27 00:01:04.064   467   467 D QSEECOMAPI: : App is not loaded in QSEE
02-27 00:01:04.068   467   467 E QSEECOMAPI: : Error::Cannot open the file /firmware/image/keymaste.mdt errno = 2
02-27 00:01:04.068   467   467 E QSEECOMAPI: : Error::Loading image failed with ret = -1
02-27 00:01:04.068   467   467 D QSEECOMAPI: : QSEECom_get_handle sb_length = 0x400
02-27 00:01:04.068   467   467 D QSEECOMAPI: : App is already loaded QSEE and app id = 65537
02-27 00:01:04.077   477   477 D [ifaa_ca_entry] : check ifaa start
02-27 00:01:04.077   477   477 D [ifaa_ca_entry] : [int32_t ifaa_ca_open_session()] GF_CA's version:ifaa_ca_v1.1.1
02-27 00:01:04.077   477   477 D QSEECOMAPI: : QSEECom_get_handle sb_length = 0x1000
02-27 00:01:04.077   477   477 D QSEECOMAPI: : App is not loaded in QSEE
02-27 00:01:04.082   477   477 D QSEECOMAPI: : app_arch = 1, total_files = 8
02-27 00:01:04.102   462   462 I goodixfingerprintd: Starting goodixfingerprintd
02-27 00:01:04.102   462   462 I goodixfingerprintd: GoodixFingerprintDaemon version:goodixfingerprintd_v1.1.1
02-27 00:01:04.121   480   480 I gatekeeperd: Starting gatekeeperd...
02-27 00:01:04.151   439   439 I mediadrmserver: type=1400 audit(0.0:18): avc: denied { read } for name="overcommit_memory" dev="proc" ino=7412 scontext=u:r:mediadrmserver:s0 tcontext=u:object_r:proc:s0 tclass=file permissive=1
02-27 00:01:04.151   439   439 I mediadrmserver: type=1400 audit(0.0:19): avc: denied { open } for path="/proc/sys/vm/overcommit_memory" dev="proc" ino=7412 scontext=u:r:mediadrmserver:s0 tcontext=u:object_r:proc:s0 tclass=file permissive=1
02-27 00:01:04.151   412   412 D libEGL  : loaded /vendor/lib64/egl/libGLESv1_CM_adreno.so
02-27 00:01:04.161   412   412 D libEGL  : loaded /vendor/lib64/egl/libGLESv2_adreno.so
02-27 00:01:04.238   561   561 I libmdmdetect: ESOC framework not supported
02-27 00:01:04.239   561   561 I libmdmdetect: Found internal modem: modem
02-27 00:01:04.258   561   561 E Diag_Lib: qpLogDiagInit <== result : 1
02-27 00:01:04.258   561   561 E Diag_Lib: DATAD : gIsQXDMDisabled 0, gIsADBDisabled 1, gIsDebugDisabled 0, gIsIMSLogsDisabled 0
02-27 00:01:04.258   561   561 E Diag_Lib: [IMS_DataD] imsdatad.c | 5236 | | 561 |DATAD#$$#0#DATAD STARTED
02-27 00:01:04.261   585   585 I sh      : type=1400 audit(0.0:20): avc: denied { read } for name="ver_info.txt" dev="mmcblk0p1" ino=9 scontext=u:r:qti_init_shell:s0 tcontext=u:object_r:vfat:s0 tclass=file permissive=1
02-27 00:01:04.261   585   585 I sh      : type=1400 audit(0.0:21): avc: denied { open } for path="/firmware/verinfo/ver_info.txt" dev="mmcblk0p1" ino=9 scontext=u:r:qti_init_shell:s0 tcontext=u:object_r:vfat:s0 tclass=file permissive=1
02-27 00:01:04.271   459   459 I sh      : type=1400 audit(0.0:22): avc: denied { getattr } for path="/firmware/verinfo/ver_info.txt" dev="mmcblk0p1" ino=9 scontext=u:r:qti_init_shell:s0 tcontext=u:object_r:vfat:s0 tclass=file permissive=1
02-27 00:01:04.271   565   565 I libmdmdetect: ESOC framework not supported
02-27 00:01:04.271   565   565 I libmdmdetect: Found internal modem: modem
02-27 00:01:04.277   577   577 I libmdmdetect: ESOC framework not supported
02-27 00:01:04.277   577   577 I libmdmdetect: Found internal modem: modem
02-27 00:01:04.291   438   438 I mediacodec: type=1400 audit(0.0:23): avc: denied { read } for name="overcommit_memory" dev="proc" ino=7412 scontext=u:r:mediacodec:s0 tcontext=u:object_r:proc:s0 tclass=file permissive=1
02-27 00:01:04.291   438   438 I mediacodec: type=1400 audit(0.0:24): avc: denied { open } for path="/proc/sys/vm/overcommit_memory" dev="proc" ino=7412 scontext=u:r:mediacodec:s0 tcontext=u:object_r:proc:s0 tclass=file permissive=1
02-27 00:01:04.298   577   577 I libmdmdetect: ESOC framework not supported
02-27 00:01:04.299   577   577 I libmdmdetect: Found internal modem: modem
02-27 00:01:04.308   463   463 V AudioDaemonMain: Audio daemon starting sequence..
02-27 00:01:04.330   438   438 I mediacodec: @@@ mediacodecservice starting
02-27 00:01:04.338   438   438 W /system/bin/mediacodec: libminijail: allowing syscall: clock_gettime
02-27 00:01:04.338   438   438 W /system/bin/mediacodec: libminijail: allowing syscall: connect
02-27 00:01:04.338   438   438 W /system/bin/mediacodec: libminijail: allowing syscall: fcntl64
02-27 00:01:04.338   438   438 W /system/bin/mediacodec: libminijail: allowing syscall: socket
02-27 00:01:04.338   438   438 W /system/bin/mediacodec: libminijail: allowing syscall: writev
02-27 00:01:04.339   438   438 W /system/bin/mediacodec: libminijail: logging seccomp filter failures
02-27 00:01:04.351   434   434 I cameraserver: type=1400 audit(0.0:25): avc: denied { read } for name="overcommit_memory" dev="proc" ino=7412 scontext=u:r:cameraserver:s0 tcontext=u:object_r:proc:s0 tclass=file permissive=1
02-27 00:01:04.351   434   434 I cameraserver: type=1400 audit(0.0:26): avc: denied { open } for path="/proc/sys/vm/overcommit_memory" dev="proc" ino=7412 scontext=u:r:cameraserver:s0 tcontext=u:object_r:proc:s0 tclass=file permissive=1
02-27 00:01:04.380   443   443 I libmdmdetect: ESOC framework not supported
02-27 00:01:04.381   443   443 I libmdmdetect: Found internal modem: modem
02-27 00:01:04.401   605   605 I ueventd : type=1400 audit(0.0:27): avc: denied { read } for name="wcnss.b09" dev="mmcblk0p1" ino=11 scontext=u:r:ueventd:s0 tcontext=u:object_r:vfat:s0 tclass=file permissive=1
02-27 00:01:04.401   605   605 I ueventd : type=1400 audit(0.0:28): avc: denied { open } for path="/firmware/image/wcnss.b09" dev="mmcblk0p1" ino=11 scontext=u:r:ueventd:s0 tcontext=u:object_r:vfat:s0 tclass=file permissive=1
02-27 00:01:04.401   605   605 I ueventd : type=1400 audit(0.0:29): avc: denied { getattr } for path="/firmware/image/wcnss.b09" dev="mmcblk0p1" ino=11 scontext=u:r:ueventd:s0 tcontext=u:object_r:vfat:s0 tclass=file permissive=1
02-27 00:01:04.429   443   443 I libmdmdetect: ESOC framework not supported
02-27 00:01:04.430   443   443 I libmdmdetect: Found internal modem: modem
02-27 00:01:04.471   440   440 V MediaUtils: physMem: 4294967295
02-27 00:01:04.471   440   440 V MediaUtils: requested limit: 858993440
02-27 00:01:04.471   440   440 V MediaUtils: actual limit: 858993440
02-27 00:01:04.471   440   440 V MediaUtils: original limits: 4294967295/4294967295
02-27 00:01:04.471   440   440 V MediaUtils: new limits: 858993440/4294967295
02-27 00:01:04.471   440   440 W /system/bin/mediaextractor: libminijail: allowing syscall: clock_gettime
02-27 00:01:04.471   440   440 W /system/bin/mediaextractor: libminijail: allowing syscall: connect
02-27 00:01:04.471   440   440 W /system/bin/mediaextractor: libminijail: allowing syscall: fcntl64
02-27 00:01:04.471   440   440 W /system/bin/mediaextractor: libminijail: allowing syscall: socket
02-27 00:01:04.471   440   440 W /system/bin/mediaextractor: libminijail: allowing syscall: writev
02-27 00:01:04.472   440   440 W /system/bin/mediaextractor: libminijail: logging seccomp filter failures
02-27 00:01:04.473   612   612 I libmdmdetect: ESOC framework not supported
02-27 00:01:04.474   612   612 I libmdmdetect: Found internal modem: modem
02-27 00:01:04.475   612   612 I libmdmdetect: ESOC framework not supported
02-27 00:01:04.476   612   612 I libmdmdetect: Found internal modem: modem
02-27 00:01:04.518   615   615 I libmdmdetect: ESOC framework not supported
02-27 00:01:04.519   615   615 I libmdmdetect: Found internal modem: modem
02-27 00:01:04.530   431   431 D XposedStartupMarker: Current time: 1488153664, PID: 431
02-27 00:01:04.530   431   431 I Xposed  : -----------------
02-27 00:01:04.530   431   431 I Xposed  : Starting Xposed version 87, compiled for SDK 25
02-27 00:01:04.530   431   431 I Xposed  : Device: 360 N5 (360), Android version 7.1.2 (SDK 25)
02-27 00:01:04.530   431   431 I Xposed  : ROM: mk_QK1605-userdebug 7.1.2 NJH47F 2295031408 test-keys
02-27 00:01:04.530   431   431 I Xposed  : Build fingerprint: 360/QK1605/QK1605:7.1.1/NMF26F/7.0.043.PX.170727.360_360_QK1605_CN:user/release-keys
02-27 00:01:04.530   431   431 I Xposed  : Platform: arm64-v8a, 64-bit binary, system server: yes
02-27 00:01:04.530   431   431 I Xposed  : SELinux enabled: yes, enforcing: no
02-27 00:01:04.541   433   433 I         : sMaxFastTracks = 8
02-27 00:01:04.552   615   615 I libmdmdetect: ESOC framework not supported
02-27 00:01:04.552   615   615 I libmdmdetect: Found internal modem: modem
02-27 00:01:04.626   600   600 I libmdmdetect: ESOC framework not supported
02-27 00:01:04.626   600   600 I libmdmdetect: Found internal modem: modem
02-27 00:01:04.635   600   600 I libmdmdetect: ESOC framework not supported
02-27 00:01:04.635   600   600 I libmdmdetect: Found internal modem: modem
02-27 00:01:04.736   422   422 I libmdmdetect: ESOC framework not supported
02-27 00:01:04.737   422   422 I libmdmdetect: Found internal modem: modem
02-27 00:01:04.784   460   460 D com.qualcomm.qti.qseeproxy-daemon: Starting service: com.qualcomm.qti.qseeproxy
02-27 00:01:04.837   409   453 D PerMgrSrv: modem state: is off-line, add client PM-PROXY-THREAD
02-27 00:01:04.838   409   453 D PerMgrSrv: PM-PROXY-THREAD registered
02-27 00:01:04.838   420   420 D PerMgrLib: PM-PROXY-THREAD successfully registered for modem
02-27 00:01:04.838   420   420 I PerMgrProxy: pm-proxy-thread Voting for internal modem
02-27 00:01:04.838   420   420 D PerMgrLib: PM-PROXY-THREAD voting for modem
02-27 00:01:04.838   409   456 D PerMgrSrv: PM-PROXY-THREAD voting for modem
02-27 00:01:04.838   409   456 D PerMgrSrv: modem new state: going on-line
02-27 00:01:04.838   409   456 D PerMgrSrv: modem num voters is 1
02-27 00:01:04.948   464   464 I mm-camera: < INFO> 420: void init(): memleak lib init.
02-27 00:01:04.948   464   464 I mm-camera: < INFO> 439: void init(): memleak tracer not attached
02-27 00:01:04.960   464   464 E mm-camera: <SENSOR><ERROR> 385: eebin_read: failed!
02-27 00:01:04.960   464   464 E mm-camera: <SENSOR><ERROR> 385: eebin_read: failed!
02-27 00:01:04.960   464   464 E mm-camera: <SENSOR><ERROR> 497: sensor_init_probe: failed: to probe eeprom bin sensors (non-fatal)
02-27 00:01:04.960   464   464 E mm-camera: <SENSOR><ERROR> 287: sensor_init_xml_probe: The product name is: mk_QK1605
02-27 00:01:05.011   411   411 I servicemanager: type=1400 audit(0.0:30): avc: denied { search } for name="462" dev="proc" ino=2478 scontext=u:r:servicemanager:s0 tcontext=u:r:init:s0 tclass=dir permissive=1
02-27 00:01:05.011   411   411 I servicemanager: type=1400 audit(0.0:31): avc: denied { read } for name="current" dev="proc" ino=13612 scontext=u:r:servicemanager:s0 tcontext=u:r:init:s0 tclass=file permissive=1
02-27 00:01:05.011   411   411 I servicemanager: type=1400 audit(0.0:32): avc: denied { open } for path="/proc/462/attr/current" dev="proc" ino=13612 scontext=u:r:servicemanager:s0 tcontext=u:r:init:s0 tclass=file permissive=1
02-27 00:01:05.011   411   411 I servicemanager: type=1400 audit(0.0:33): avc: denied { getattr } for scontext=u:r:servicemanager:s0 tcontext=u:r:init:s0 tclass=process permissive=1
02-27 00:01:05.020   427   427 I wcnss_service: wcnss_read_and_store_cal_data trying to read cal
02-27 00:01:05.021   467   467 D QSEECOMD: : QSEECOM DAEMON RUNNING 
02-27 00:01:05.022   411   411 E ServiceManager: add_service('android.hardware.fingerprint.IGoodixFingerprintDaemon',6) uid=1000 - ALREADY REGISTERED, OVERRIDE
02-27 00:01:05.022   411   411 I ServiceManager: service 'android.hardware.fingerprint.IGoodixFingerprintDaemon' died
02-27 00:01:05.022   480   480 D gatekeeper_device: HwGkOpen called
02-27 00:01:05.023   480   480 D QSEECOMAPI: : QSEECom_get_handle sb_length = 0xa000
02-27 00:01:05.023   480   480 D QSEECOMAPI: : App is already loaded QSEE and app id = 65537
02-27 00:01:05.023   439   439 I mediaserver: ServiceManager: 0xeca98720
02-27 00:01:05.023   441   441 I mediaserver: ServiceManager: 0xeaf18720
02-27 00:01:05.024   463   463 V AudioDaemon: Start audiod daemon
02-27 00:01:05.024   441   441 W BatteryNotifier: batterystats service unavailable!
02-27 00:01:05.024   463   723 V AudioDaemon: readyToRun: open snd card state node files
02-27 00:01:05.024   434   434 I cameraserver: ServiceManager: 0xef7186c0
02-27 00:01:05.024   463   723 V AudioDaemon: Start threadLoop()
02-27 00:01:05.024   434   434 I CameraService: CameraService started (pid=434)
02-27 00:01:05.024   434   434 I CameraService: CameraService process starting
02-27 00:01:05.024   463   723 D AudioDaemon: Opening sound card state : /proc/asound/card0/state
02-27 00:01:05.024   463   723 V AudioDaemon: bool android::AudioDaemon::getStateFDs(std::vector<std::pair<int, int> > &): 1 sound cards detected
02-27 00:01:05.024   463   723 V AudioDaemon: bool android::AudioDaemon::getDeviceEventFDs(): 0 audio device event detected
02-27 00:01:05.024   463   723 E AudioDaemon: No audio device events detected
02-27 00:01:05.024   463   723 D AudioDaemon: Opening cpe0_state : /proc/asound/card0/cpe0_state
02-27 00:01:05.024   463   723 E AudioDaemon: CPE state open /proc/asound/card0/cpe0_state failed No such file or directory, Retrying 1
02-27 00:01:05.024   434   434 W BatteryNotifier: batterystats service unavailable!
02-27 00:01:05.025   409   453 D PerMgrSrv: modem state: going on-line, add client QCRIL
02-27 00:01:05.025   409   453 D PerMgrSrv: QCRIL registered
02-27 00:01:05.025   434   434 W BatteryNotifier: batterystats service unavailable!
02-27 00:01:05.025   443   443 D PerMgrLib: QCRIL successfully registered for modem
02-27 00:01:05.026   409   456 D PerMgrSrv: modem state: going on-line, add client QCRIL
02-27 00:01:05.026   409   456 D PerMgrSrv: QCRIL registered
02-27 00:01:05.026   433   433 I audioserver: ServiceManager: 0xf5a186c0
02-27 00:01:05.026   460   460 D com.qualcomm.qti.qseeproxy-daemon: QSEEConnector service is now ready
02-27 00:01:05.026   600   600 D PerMgrLib: QCRIL successfully registered for modem
02-27 00:01:05.027   433   433 W BatteryNotifier: batterystats service unavailable!
02-27 00:01:05.027   433   433 I AudioFlinger: Using default 3000 mSec as standby time.
02-27 00:01:05.027   433   433 I AudioPolicyService: AudioPolicyService CSTOR in new mode
02-27 00:01:05.031   431   431 I zygote64: type=1400 audit(0.0:34): avc: denied { read } for name="input" dev="tmpfs" ino=12494 scontext=u:r:zygote:s0 tcontext=u:object_r:input_device:s0 tclass=dir permissive=1
02-27 00:01:05.031   431   431 I zygote64: type=1400 audit(0.0:35): avc: denied { open } for path="/dev/input" dev="tmpfs" ino=12494 scontext=u:r:zygote:s0 tcontext=u:object_r:input_device:s0 tclass=dir permissive=1
02-27 00:01:05.031   431   431 I zygote64: type=1400 audit(0.0:36): avc: denied { read write } for name="event7" dev="tmpfs" ino=14427 scontext=u:r:zygote:s0 tcontext=u:object_r:input_device:s0 tclass=chr_file permissive=1
02-27 00:01:05.031   431   431 I zygote64: type=1400 audit(0.0:37): avc: denied { open } for path="/dev/input/event7" dev="tmpfs" ino=14427 scontext=u:r:zygote:s0 tcontext=u:object_r:input_device:s0 tclass=chr_file permissive=1
02-27 00:01:05.031   431   431 I zygote64: type=1400 audit(0.0:38): avc: denied { ioctl } for path="/dev/input/event7" dev="tmpfs" ino=14427 ioctlcmd=4521 scontext=u:r:zygote:s0 tcontext=u:object_r:input_device:s0 tclass=chr_file permissive=1
02-27 00:01:05.031   740   740 I zygote64: type=1400 audit(0.0:39): avc: denied { setgid } for capability=6 scontext=u:r:untrusted_app:s0:c512,c768 tcontext=u:r:untrusted_app:s0:c512,c768 tclass=capability permissive=1
02-27 00:01:05.031   748   748 I ueventd : type=1400 audit(0.0:40): avc: denied { read } for name="modem.mdt" dev="mmcblk0p1" ino=15 scontext=u:r:ueventd:s0 tcontext=u:object_r:vfat:s0 tclass=file permissive=1
02-27 00:01:05.031   748   748 I ueventd : type=1400 audit(0.0:41): avc: denied { open } for path="/firmware/image/modem.mdt" dev="mmcblk0p1" ino=15 scontext=u:r:ueventd:s0 tcontext=u:object_r:vfat:s0 tclass=file permissive=1
02-27 00:01:05.034   412   412 I Adreno  : QUALCOMM build                   : 01524aa, I598195e61a
02-27 00:01:05.034   412   412 I Adreno  : Build Date                       : 03/28/17
02-27 00:01:05.034   412   412 I Adreno  : OpenGL ES Shader Compiler Version: XE031.09.00.04
02-27 00:01:05.034   412   412 I Adreno  : Local Branch                     : mybranch25550105
02-27 00:01:05.034   412   412 I Adreno  : Remote Branch                    : quic/LA.BR.1.3.6.c2_rb2.11
02-27 00:01:05.034   412   412 I Adreno  : Remote Branch                    : NONE
02-27 00:01:05.034   412   412 I Adreno  : Reconstruct Branch               : NOTHING
02-27 00:01:05.044   747   747 E Xposed  : Could not open /data/user_de/0/de.robv.android.xposed.installer/log/error.log: No such file or directory
02-27 00:01:05.046   477   477 D QSEECOMAPI: : Loaded image: APP id = 131074
02-27 00:01:05.048   477   477 D [ifaa_ca_entry] : Loading ifaata Succeed.
02-27 00:01:05.052   477   477 D [ifaa_ca_entry] : void ifaa_ca_close_session()
02-27 00:01:05.052   477   477 D QSEECOMAPI: : QSEECom_dealloc_memory 
02-27 00:01:05.052   477   477 D QSEECOMAPI: : QSEECom_shutdown_app, app_id = 131074
02-27 00:01:05.056   433   433 D audio_hw_primary: adev_open: enter
02-27 00:01:05.059   437   437 D QSEECOMAPI: : QSEECom_get_handle sb_length = 0xa000
02-27 00:01:05.060   437   437 D QSEECOMAPI: : App is already loaded QSEE and app id = 65537
02-27 00:01:05.061   477   477 D [ifaa_ca_entry] : Unload ifaata succeed.
02-27 00:01:05.061   477   477 E [ifaa_ca_entry] : check ifaa status fail ret=0xffffffff
02-27 00:01:05.064   437   437 E keymaster1_device: TA API Major Verion: 1
02-27 00:01:05.064   437   437 E keymaster1_device: TA API Minor Verion: 0
02-27 00:01:05.064   437   437 E keymaster1_device: TA Major Verion: 1
02-27 00:01:05.064   437   437 E keymaster1_device: TA Minor Verion: 10
02-27 00:01:05.064   437   437 E keymaster1_device: set_version_req->flags: 1
02-27 00:01:05.064   437   437 D keystore: Wrapping keymaster1 module Keymaster QTI HAL with SofKeymasterDevice
02-27 00:01:05.064   437   437 D SoftKeymaster: system/keymaster/soft_keymaster_device.cpp, Line 178: Reinitializing SoftKeymasterDevice to use HW keymaster1
02-27 00:01:05.069   433   433 D msm8916_platform: platform_init: mixer path file is /system/etc/mixer_paths_qrd_skun_cajon.xml
02-27 00:01:05.070   437   437 I SoftKeymaster: system/keymaster/soft_keymaster_device.cpp, Line 131: Creating device
02-27 00:01:05.070   437   437 D SoftKeymaster: system/keymaster/soft_keymaster_device.cpp, Line 132: Device address: 0x7fb603f400
02-27 00:01:05.124   463   723 E AudioDaemon: CPE state open /proc/asound/card0/cpe0_state failed No such file or directory, Retrying 2
02-27 00:01:05.148   464   464 E mm-camera: <SENSOR><ERROR> 199: sensor_probe: [imx258_qk1605]CFG_SINIT_PROBE failed
02-27 00:01:05.148   464   464 E mm-camera: <SENSOR><ERROR> 362: sensor_init_xml_probe: failed: to probe imx258_qk1605
02-27 00:01:05.162   600   780 V libsettings: [30c]> QcSettingsD::ProtoSource::ProtoSource(const std::string &, bool): tag: /dev/socket/settingsd
02-27 00:01:05.162   600   780 D libsettings: [30c]Main Loop created
02-27 00:01:05.162   600   780 D libsettings: [30c]current main loop set: true
02-27 00:01:05.162   600   780 D help_/dev/socket/settingsd: Command help_/dev/socket/settingsd
02-27 00:01:05.162   600   780 V libsettings: [30c]> static void QcSettingsD::CommandRegistry::registerCommand(const std::string &, const std::shared_ptr<Command> &): help_/dev/socket/settingsd
02-27 00:01:05.162   600   780 V libsettings: [30c]> static std::shared_ptr<CommandRegistry> QcSettingsD::CommandRegistry::getRegistry(const std::string &): default
02-27 00:01:05.163   600   780 V libsettings: [30c]< static std::shared_ptr<CommandRegistry> QcSettingsD::CommandRegistry::getRegistry(const std::string &): 
02-27 00:01:05.163   600   780 V libsettings: [30c]> void QcSettingsD::CommandRegistry::doRegisterCommand(const std::string &, const std::shared_ptr<Command> &): (default) help_/dev/socket/settingsd
02-27 00:01:05.163   600   780 V libsettings: [30c]< void QcSettingsD::CommandRegistry::doRegisterCommand(const std::string &, const std::shared_ptr<Command> &): 
02-27 00:01:05.163   600   780 V libsettings: [30c]< static void QcSettingsD::CommandRegistry::registerCommand(const std::string &, const std::shared_ptr<Command> &): 
02-27 00:01:05.163   600   780 V libsettings: [30c]> static std::shared_ptr<CommandRegistry> QcSettingsD::CommandRegistry::getRegistry(const std::string &): default
02-27 00:01:05.163   600   780 V libsettings: [30c]< static std::shared_ptr<CommandRegistry> QcSettingsD::CommandRegistry::getRegistry(const std::string &): 
02-27 00:01:05.163   600   780 V libsettings: [30c]> bool QcSettingsD::Command::enqueue(const QcSettingsD::CommandParameters &, QcSettingsD::CommandResults &, const callback_t &): 
02-27 00:01:05.163   600   780 D libsettings: [30c]enqueueing command
02-27 00:01:05.163   600   780 D CommandEvent: 
02-27 00:01:05.163   600   780 V libsettings: [30c]> void QcSettingsD::MainLoop::localQueueEvent(std::shared_ptr<Event> &): 
02-27 00:01:05.163   600   780 V libsettings: [30c]< void QcSettingsD::MainLoop::localQueueEvent(std::shared_ptr<Event> &): 
02-27 00:01:05.163   600   780 V libsettings: [30c]< bool QcSettingsD::Command::enqueue(const QcSettingsD::CommandParameters &, QcSettingsD::CommandResults &, const callback_t &): ret: 1
02-27 00:01:05.163   600   780 V libsettings: [30c]< QcSettingsD::ProtoSource::ProtoSource(const std::string &, bool): 
02-27 00:01:05.163   600   780 D /dev/socket/settingsd: QcSettingsD::ClientSocket<QcSettingsD::ProtoSource>::ClientSocket(const std::string &, const std::string &, int, int, int) [T = QcSettingsD::ProtoSource] ( /dev/socket/settingsd, /dev/socket/settingsd, 1, 1, 0)
02-27 00:01:05.163   600   780 D /dev/socket/settingsd: int QcSettingsD::ClientSocket<QcSettingsD::ProtoSource>::connect() [T = QcSettingsD::ProtoSource]: ret: -1. fd: 33. errno: 2
02-27 00:01:05.163   600   780 E /dev/socket/settingsd: int QcSettingsD::ClientSocket<QcSettingsD::ProtoSource>::connect() [T = QcSettingsD::ProtoSource]: connect: No such file or directory(2)
02-27 00:01:05.163   600   780 D /dev/socket/settingsd: Closing fd 33
02-27 00:01:05.163   600   780 V libsettings: [30c]> virtual QcSettingsD::ProtoSource::~ProtoSource(): tag: /dev/socket/settingsd
02-27 00:01:05.163   600   780 D libsettings: [30c]De-registering command help_/dev/socket/settingsd
02-27 00:01:05.163   600   780 V libsettings: [30c]> static void QcSettingsD::CommandRegistry::deRegisterCommand(const std::string &): help_/dev/socket/settingsd
02-27 00:01:05.163   600   780 V libsettings: [30c]> static std::shared_ptr<CommandRegistry> QcSettingsD::CommandRegistry::getRegistry(const std::string &): default
02-27 00:01:05.163   600   780 V libsettings: [30c]< static std::shared_ptr<CommandRegistry> QcSettingsD::CommandRegistry::getRegistry(const std::string &): 
02-27 00:01:05.163   600   780 V libsettings: [30c]> void QcSettingsD::CommandRegistry::doDeRegisterCommand(const std::string &): default(help_/dev/socket/settingsd)
02-27 00:01:05.163   600   780 V libsettings: [30c]< void QcSettingsD::CommandRegistry::doDeRegisterCommand(const std::string &): 
02-27 00:01:05.163   600   780 V libsettings: [30c]< static void QcSettingsD::CommandRegistry::deRegisterCommand(const std::string &): 
02-27 00:01:05.163   600   780 V libsettings: [30c]< virtual QcSettingsD::ProtoSource::~ProtoSource(): 
02-27 00:01:05.175   412   412 I qdutils : PartialUpdate status: Disabled
02-27 00:01:05.175   412   412 I qdutils : Left Align: 0
02-27 00:01:05.175   412   412 I qdutils : Width Align: 0
02-27 00:01:05.175   412   412 I qdutils : Top Align: 0
02-27 00:01:05.175   412   412 I qdutils : Height Align: 0
02-27 00:01:05.175   412   412 I qdutils : Min ROI Width: 0
02-27 00:01:05.175   412   412 I qdutils : Min ROI Height: 0
02-27 00:01:05.175   412   412 I qdutils : Needs ROI Merge: 0
02-27 00:01:05.175   412   412 I qdutils : Dynamic Fps: Disabled
02-27 00:01:05.175   412   412 I qdutils : Min Panel fps: 0
02-27 00:01:05.175   412   412 I qdutils : Max Panel fps: 0
02-27 00:01:05.175   412   412 I qdutils : Pluggable: 0
02-27 00:01:05.175   412   412 I qdutils : PingPong Split: 0
02-27 00:01:05.176   412   412 E qdutils : getPluggableNode: Failed to find HDMI node.
02-27 00:01:05.176   412   412 E qdutils : getPluggableNode: Failed to find HDMI node.
02-27 00:01:05.176   417   417 D PPDaemon: PU Status from pu node: 0
02-27 00:01:05.177   417   417 D PPDaemon: int dcm_os_intf_control(boolean): Entering
02-27 00:01:05.177   417   417 D PPDaemon: Calling LSM init 
02-27 00:01:05.177   417   789 D PPDaemon: PU Status from pu node: 0
02-27 00:01:05.178   417   417 D PPDaemon: Diag_LSM_Init succeeded. 
02-27 00:01:05.178   417   417 D PPDaemon: QDCM_Service_ErrorTypes InitUtility(): Entering
02-27 00:01:05.178   417   417 D PPDaemon: MDP version: 0x100b0000.
02-27 00:01:05.178   417   417 D PPDaemon: MDSS version: 0x100b0000.
02-27 00:01:05.178   417   417 D PPDaemon: QDCM_Service_RegisterCallback() successful.
02-27 00:01:05.178   417   417 D PPDaemon: Panel Name: ili9338_1080p_video_tpanel
02-27 00:01:05.178   417   417 D PPDaemon: QDCM_Service_ErrorTypes InitUtility(): Exiting
02-27 00:01:05.178   417   417 D PPDaemon: intf.hContext = 0xa182f1e0, qdcmContextHandle = 0x7fa182f1e0
02-27 00:01:05.178   417   417 D PPDaemon: int dcm_os_intf_control(boolean): Exiting
02-27 00:01:05.182   412   791 E qdhwcomposer: timeout_handler: HWC proc not registered
02-27 00:01:05.191   412   412 W qdcopybit: open_copybit i = 0 surface_id=-1026555902
02-27 00:01:05.191   412   412 W qdcopybit: open_copybit i = 1 surface_id=-1026555901
02-27 00:01:05.191   412   412 W qdcopybit: open_copybit i = 2 surface_id=-1026555900
02-27 00:01:05.191   412   412 W qdcopybit: open_copybit i = 3 surface_id=-1026555899
02-27 00:01:05.191   412   412 W qdcopybit: open_copybit i = 4 surface_id=-1026555898
02-27 00:01:05.191   412   412 W qdcopybit: open_copybit i = 5 surface_id=-1026555897
02-27 00:01:05.191   412   412 W qdcopybit: open_copybit i = 6 surface_id=-1026555896
02-27 00:01:05.191   412   412 W qdcopybit: open_copybit i = 7 surface_id=-1026555895
02-27 00:01:05.191   412   412 W qdcopybit: open_copybit i = 8 surface_id=-1026555894
02-27 00:01:05.191   412   412 W qdcopybit: open_copybit i = 9 surface_id=-1026555893
02-27 00:01:05.191   412   412 W qdcopybit: open_copybit i = 10 surface_id=-1026555892
02-27 00:01:05.191   412   412 W qdcopybit: open_copybit i = 11 surface_id=-1026555891
02-27 00:01:05.191   412   412 W qdcopybit: open_copybit i = 12 surface_id=-1026555890
02-27 00:01:05.191   412   412 W qdcopybit: open_copybit i = 13 surface_id=-1026555889
02-27 00:01:05.191   412   412 W qdcopybit: open_copybit i = 14 surface_id=-1026555888
02-27 00:01:05.191   412   412 W qdcopybit: open_copybit i = 15 surface_id=-1026555887
02-27 00:01:05.191   412   412 W qdcopybit: open_copybit i = 16 surface_id=-1026555886
02-27 00:01:05.191   412   412 W qdcopybit: open_copybit i = 17 surface_id=-1026555885
02-27 00:01:05.191   412   412 W qdcopybit: open_copybit i = 18 surface_id=-1026555884
02-27 00:01:05.191   412   412 W qdcopybit: open_copybit i = 19 surface_id=-1026555883
02-27 00:01:05.191   412   412 W qdcopybit: open_copybit i = 20 surface_id=-1026555882
02-27 00:01:05.191   412   412 W qdcopybit: open_copybit i = 21 surface_id=-1026555881
02-27 00:01:05.191   412   412 W qdcopybit: open_copybit i = 22 surface_id=-1026555880
02-27 00:01:05.191   412   412 W qdcopybit: open_copybit i = 23 surface_id=-1026555879
02-27 00:01:05.191   412   412 W qdcopybit: open_copybit i = 24 surface_id=-1026555878
02-27 00:01:05.191   412   412 W qdcopybit: open_copybit i = 25 surface_id=-1026555877
02-27 00:01:05.191   412   412 W qdcopybit: open_copybit i = 26 surface_id=-1026555876
02-27 00:01:05.191   412   412 W qdcopybit: open_copybit i = 27 surface_id=-1026555875
02-27 00:01:05.191   412   412 W qdcopybit: open_copybit i = 28 surface_id=-1026555874
02-27 00:01:05.191   412   412 W qdcopybit: open_copybit i = 29 surface_id=-1026555873
02-27 00:01:05.191   412   412 W qdcopybit: open_copybit i = 30 surface_id=-1026555872
02-27 00:01:05.191   412   412 W qdcopybit: open_copybit i = 31 surface_id=-1026555871
02-27 00:01:05.191   412   412 W qdcopybit: open_copybit: 2 Plane YUV i=0 surface_id=-1026555869
02-27 00:01:05.191   412   412 W qdcopybit: open_copybit: 2 Plane YUV i=1 surface_id=-1026555868
02-27 00:01:05.191   412   412 W qdcopybit: open_copybit: 2 Plane YUV i=2 surface_id=-1026555867
02-27 00:01:05.191   412   412 W qdcopybit: open_copybit: 2 Plane YUV i=3 surface_id=-1026555866
02-27 00:01:05.191   412   412 W qdcopybit: open_copybit: 3 Plane YUV i=0 surface_id=-1026555864
02-27 00:01:05.191   412   412 I qdhwcomposer: Initializing Qualcomm Hardware Composer
02-27 00:01:05.191   412   412 I qdhwcomposer: MDP version: 500
02-27 00:01:05.191   412   412 I SurfaceFlinger: Using composer version 1.5
02-27 00:01:05.191   412   412 I qdhwcomposer: hwc_registerProcs
02-27 00:01:05.191   412   412 I qdhwcomposer: Initializing UEVENT Thread
02-27 00:01:05.191   412   412 I qdhwcomposer: Initializing VSYNC Thread
02-27 00:01:05.192   412   412 D qdhwcomposer: hwc_getDisplayAttributes disp = 0, width = 1080
02-27 00:01:05.192   412   412 D qdhwcomposer: hwc_getDisplayAttributes disp = 0, height = 1920
02-27 00:01:05.192   412   412 E qdhwcomposer: Unknown display attribute 6
02-27 00:01:05.192   412   412 D qdhwcomposer: hwc_getDisplayAttributes disp = 0, width = 1080
02-27 00:01:05.192   412   412 D qdhwcomposer: hwc_getDisplayAttributes disp = 0, height = 1920
02-27 00:01:05.192   412   412 W qdhwcomposer: hwc_getDisplayConfigs display (1) is not connected anymore
02-27 00:01:05.192   412   797 I qdhwcomposer: vsync_loop: Reading event 0 for dpy 0 from /sys/class/graphics/fb0/vsync_event
02-27 00:01:05.192   412   797 I qdhwcomposer: vsync_loop: Reading event 1 for dpy 0 from /sys/class/graphics/fb0/show_blank_event
02-27 00:01:05.192   412   797 I qdhwcomposer: vsync_loop: Reading event 2 for dpy 0 from /sys/class/graphics/fb0/msm_fb_thermal_level
02-27 00:01:05.192   412   797 I qdhwcomposer: vsync_loop: Reading event 3 for dpy 0 from /sys/class/graphics/fb0/cec/rd_msg
02-27 00:01:05.192   412   797 E qdhwcomposer: vsync_loop:unable to open event node for dpy=0 event=3, No such file or directory
02-27 00:01:05.192   412   797 I qdhwcomposer: vsync_loop: Reading event 0 for dpy 1 from /sys/class/graphics/fb-1/vsync_event
02-27 00:01:05.192   412   797 I qdhwcomposer: vsync_loop: Reading event 1 for dpy 1 from /sys/class/graphics/fb-1/show_blank_event
02-27 00:01:05.192   412   797 I qdhwcomposer: vsync_loop: Reading event 2 for dpy 1 from /sys/class/graphics/fb-1/msm_fb_thermal_level
02-27 00:01:05.192   412   797 I qdhwcomposer: vsync_loop: Reading event 3 for dpy 1 from /sys/class/graphics/fb-1/cec/rd_msg
02-27 00:01:05.192   412   797 I qdhwcomposer: vsync_loop: Reading event 0 for dpy 2 from /sys/class/graphics/fb-1/vsync_event
02-27 00:01:05.192   412   797 I qdhwcomposer: vsync_loop: Reading event 1 for dpy 2 from /sys/class/graphics/fb-1/show_blank_event
02-27 00:01:05.192   412   797 I qdhwcomposer: vsync_loop: Reading event 2 for dpy 2 from /sys/class/graphics/fb-1/msm_fb_thermal_level
02-27 00:01:05.192   412   797 I qdhwcomposer: vsync_loop: Reading event 3 for dpy 2 from /sys/class/graphics/fb-1/cec/rd_msg
02-27 00:01:05.192   412   412 I SurfaceFlinger: EGL information:
02-27 00:01:05.193   412   412 I SurfaceFlinger: vendor    : Android
02-27 00:01:05.193   412   412 I SurfaceFlinger: version   : 1.4 Android META-EGL
02-27 00:01:05.193   412   412 I SurfaceFlinger: extensions: EGL_KHR_get_all_proc_addresses EGL_ANDROID_presentation_time EGL_KHR_swap_buffers_with_damage EGL_ANDROID_create_native_client_buffer EGL_ANDROID_front_buffer_auto_refresh EGL_KHR_image EGL_KHR_image_base EGL_KHR_lock_surface EGL_KHR_gl_texture_2D_image EGL_KHR_gl_texture_3D_image EGL_KHR_gl_texture_cubemap_image EGL_KHR_gl_renderbuffer_image EGL_KHR_reusable_sync EGL_KHR_fence_sync EGL_KHR_create_context EGL_KHR_surfaceless_context EGL_EXT_create_context_robustness EGL_ANDROID_image_native_buffer EGL_KHR_wait_sync EGL_ANDROID_recordable EGL_KHR_partial_update EGL_KHR_create_context_no_error EGL_KHR_mutable_render_buffer EGL_EXT_yuv_surface EGL_EXT_protected_content 
02-27 00:01:05.193   412   412 I SurfaceFlinger: Client API: OpenGL_ES
02-27 00:01:05.193   412   412 I SurfaceFlinger: EGLSurface: 8-8-8-8, config=0x7f881d0100
02-27 00:01:05.196   464   464 E mm-camera: <SENSOR><ERROR> 229: sensor_probe: [xtx] factoryID:0x30d20003 , chromatix_name:s5k3m2xm_chromatix_QTech
02-27 00:01:05.196   464   464 E mm-camera: <SENSOR><ERROR> 609: sensor_xml_util_parse_chromatix_config: Cannot read file from /system/etc/camera/s5k3m2xm_chromatix_QTech.xml. read failed
02-27 00:01:05.196   464   464 E mm-camera: <SENSOR><ERROR> 672: sensor_xml_util_get_camera_full_config: failed evaluated expression is FALSE
02-27 00:01:05.196   464   464 E mm-camera: <SENSOR><ERROR> 233: sensor_probe: sensor_xml_util_get_camera_full_config failed
02-27 00:01:05.196   464   464 E mm-camera: <SENSOR><ERROR> 362: sensor_init_xml_probe: failed: to probe s5k3m2xm_qk
02-27 00:01:05.200   412   412 I SurfaceFlinger: OpenGL ES informations:
02-27 00:01:05.200   412   412 I SurfaceFlinger: vendor    : Qualcomm
02-27 00:01:05.200   412   412 I SurfaceFlinger: renderer  : Adreno (TM) 510
02-27 00:01:05.200   412   412 I SurfaceFlinger: version   : OpenGL ES 3.2 V@145.0 (GIT@I598195e61a)
02-27 00:01:05.200   412   412 I SurfaceFlinger: extensions: GL_OES_EGL_image GL_OES_EGL_image_external GL_OES_EGL_sync GL_OES_vertex_half_float GL_OES_framebuffer_object GL_OES_rgb8_rgba8 GL_OES_compressed_ETC1_RGB8_texture GL_AMD_compressed_ATC_texture GL_KHR_texture_compression_astc_ldr GL_KHR_texture_compression_astc_hdr GL_OES_texture_compression_astc GL_OES_texture_npot GL_EXT_texture_filter_anisotropic GL_EXT_texture_format_BGRA8888 GL_OES_texture_3D GL_EXT_color_buffer_float GL_EXT_color_buffer_half_float GL_QCOM_alpha_test GL_OES_depth24 GL_OES_packed_depth_stencil GL_OES_depth_texture GL_OES_depth_texture_cube_map GL_EXT_sRGB GL_OES_texture_float GL_OES_texture_float_linear GL_OES_texture_half_float GL_OES_texture_half_float_linear GL_EXT_texture_type_2_10_10_10_REV GL_EXT_texture_sRGB_decode GL_OES_element_index_uint GL_EXT_copy_image GL_EXT_geometry_shader GL_EXT_tessellation_shader GL_OES_texture_stencil8 GL_EXT_shader_io_blocks GL_OES_shader_image_atomic GL_OES_sample_variables GL_EXT_texture_border_clamp GL_EXT_multisampled_render_to_texture
02-27 00:01:05.201   412   412 I SurfaceFlinger: GL_MAX_TEXTURE_SIZE = 16384
02-27 00:01:05.201   412   412 I SurfaceFlinger: GL_MAX_VIEWPORT_DIMS = 16384
02-27 00:01:05.208   600   642 D PerMgrLib: QCRIL voting for modem
02-27 00:01:05.221   464   464 E mm-camera: <SENSOR><ERROR> 229: sensor_probe: [xtx] factoryID:0x885a0004 , chromatix_name:ov8856_chromatix_OFilm
02-27 00:01:05.221   464   464 E mm-camera: <SENSOR><ERROR> 609: sensor_xml_util_parse_chromatix_config: Cannot read file from /system/etc/camera/ov8856_chromatix_OFilm.xml. read failed
02-27 00:01:05.221   464   464 E mm-camera: <SENSOR><ERROR> 672: sensor_xml_util_get_camera_full_config: failed evaluated expression is FALSE
02-27 00:01:05.221   464   464 E mm-camera: <SENSOR><ERROR> 233: sensor_probe: sensor_xml_util_get_camera_full_config failed
02-27 00:01:05.222   464   464 E mm-camera: <SENSOR><ERROR> 362: sensor_init_xml_probe: failed: to probe ov8856
02-27 00:01:05.225   463   723 D AudioDaemon: number of sndcards 1 CPEs 0
02-27 00:01:05.225   463   723 D AudioDaemon: read for sound card state change before while
02-27 00:01:05.225   463   723 D AudioDaemon: sound card state file content: ONLINE
02-27 00:01:05.225   463   723 D AudioDaemon:  before while
02-27 00:01:05.225   463   723 E AudioDaemon: put cur_state to online
02-27 00:01:05.225   463   723 D AudioDaemon: cur_state=0, bootup_complete=0
02-27 00:01:05.225   463   723 E AudioDaemon: sound card up is deteced before while
02-27 00:01:05.225   463   723 E AudioDaemon: bootup_complete set to 1
02-27 00:01:05.225   463   723 E AudioDaemon: read for event state change before while
02-27 00:01:05.225   463   723 D AudioDaemon: poll() for sound card state change 
02-27 00:01:05.230   464   464 E mm-camera: <SENSOR><ERROR> 205: sensor_probe: [imx219_front] probe failed.
02-27 00:01:05.230   464   464 E mm-camera: <SENSOR><ERROR> 362: sensor_init_xml_probe: failed: to probe imx219_front
02-27 00:01:05.233   464   464 E mm-camera: <SENSOR><ERROR> 205: sensor_probe: [s5k3m2xm_qk_front] probe failed.
02-27 00:01:05.234   464   464 E mm-camera: <SENSOR><ERROR> 362: sensor_init_xml_probe: failed: to probe s5k3m2xm_qk_front
02-27 00:01:05.236   464   464 E mm-camera: <SENSOR><ERROR> 404: translate_sensor_slave_info: Invalid position = 3
02-27 00:01:05.236   464   464 E mm-camera: <SENSOR><ERROR> 199: sensor_probe: [gc2375]CFG_SINIT_PROBE failed
02-27 00:01:05.236   464   464 E mm-camera: <SENSOR><ERROR> 362: sensor_init_xml_probe: failed: to probe gc2375
02-27 00:01:05.237   464   464 I mm-camera: <MCT   >< INFO> 98: server_process_module_init: Begin init mods
02-27 00:01:05.245   464   464 I mm-camera: <ISP   >< INFO> 3973: isp_resource_get_isp_hw_limit: isp hw limit 0
02-27 00:01:05.305   464   464 I mm-camera: <ISP   >< INFO> 105: module_color_correct40_init: name color_correct40
02-27 00:01:05.320   464   464 I mm-camera: <ISP   >< INFO> 97: module_luma_adaptation40_init: name luma_adaptation40
02-27 00:01:05.355   464   464 I mm-camera: <ISP   >< INFO> 3973: isp_resource_get_isp_hw_limit: isp hw limit 0
02-27 00:01:05.359   464   464 I mm-camera: <ISP   >< INFO> 105: module_color_correct40_init: name color_correct40
02-27 00:01:05.360   464   464 I mm-camera: <ISP   >< INFO> 97: module_luma_adaptation40_init: name luma_adaptation40
