--------- beginning of main
01-01 00:01:01.992   352   352 W auditd  : type=2000 audit(0.0:1): initialized
01-01 00:01:02.709   352   352 I auditd  : type=1403 audit(0.0:2): policy loaded auid=4294967295 ses=4294967295
01-01 00:01:03.991   362   362 I         : debuggerd: starting
01-01 00:01:04.032   361   361 I         : debuggerd: starting
--------- beginning of system
01-01 00:01:04.069   363   363 I vold    : Vold 3.0 (the awakening) firing up
01-01 00:01:04.070   363   363 V vold    : Detected support for: exfat ext4 ntfs vfat
01-01 00:01:04.091   363   369 D vold    : e4crypt_init_user0
01-01 00:01:04.092   363   369 D vold    : e4crypt_prepare_user_storage for volume null, user 0, serial 0, flags 1
01-01 00:01:04.092   363   369 D vold    : Preparing: /data/system/users/0
01-01 00:01:04.092   363   369 D vold    : Preparing: /data/misc/profiles/cur/0
01-01 00:01:04.092   363   369 D vold    : Preparing: /data/misc/profiles/cur/0/foreign-dex
01-01 00:01:04.093   363   369 D vold    : Preparing: /data/system_de/0
01-01 00:01:04.093   363   369 D vold    : Preparing: /data/misc_de/0
01-01 00:01:04.093   363   369 D vold    : Preparing: /data/user_de/0
01-01 00:01:04.094   363   369 D vold    : e4crypt_unlock_user_key 0 serial=0 token_present=0
01-01 00:01:04.094   363   369 E vold    : Failed to chmod /data/system_ce/0: No such file or directory
01-01 00:01:04.094   363   369 E vold    : Failed to chmod /data/misc_ce/0: No such file or directory
01-01 00:01:04.095     1     1 I vdc     : 200 365 Command succeeded
01-01 00:01:04.112   370   370 I /system/bin/tzdatacheck: tzdata file /data/misc/zoneinfo/current/tzdata does not exist. No action required.
01-01 00:01:04.129   371   371 I sysinit : type=1400 audit(0.0:3): avc: denied { read } for name="overcommit_memory" dev="proc" ino=7412 scontext=u:r:sysinit:s0 tcontext=u:object_r:proc:s0 tclass=file permissive=1
01-01 00:01:04.129   371   371 I sysinit : type=1400 audit(0.0:4): avc: denied { open } for path="/proc/sys/vm/overcommit_memory" dev="proc" ino=7412 scontext=u:r:sysinit:s0 tcontext=u:object_r:proc:s0 tclass=file permissive=1
01-01 00:01:04.157   372   372 I sysinit : Running /system/etc/init.d/00banner 
01-01 00:01:04.169   374   374 I log     : type=1400 audit(0.0:5): avc: denied { read } for name="overcommit_memory" dev="proc" ino=7412 scontext=u:r:sysinit:s0 tcontext=u:object_r:proc:s0 tclass=file permissive=1
01-01 00:01:04.169   374   374 I log     : type=1400 audit(0.0:6): avc: denied { open } for path="/proc/sys/vm/overcommit_memory" dev="proc" ino=7412 scontext=u:r:sysinit:s0 tcontext=u:object_r:proc:s0 tclass=file permissive=1
01-01 00:01:04.182   374   374 I mk      :    __  __    ___    _  __  _____   _____   
01-01 00:01:04.195   380   380 I mk      :   |  \/  |  / _ \  | |/ / | ____| | ____|  
01-01 00:01:04.210   381   381 I mk      :   | |\/| | | | | | | ' /  |  _|   |  _|    
01-01 00:01:04.224   383   383 I mk      :   | |  | | | |_| | | . \  | |___  | |___   
01-01 00:01:04.236   384   384 I mk      :   |_|  |_|  \___/  |_|\_\ |_____| |_____|  
01-01 00:01:04.251   390   390 I mk      :                                            
01-01 00:01:04.301   397   397 I mk      : Welcome to Android 7.1.2 / MoKee-MK71.2-QK1605-201710061141-UNOFFICIAL 
01-01 00:01:04.315   398   398 I sysinit : Running /system/etc/init.d/90userinit 
01-01 00:01:04.409   413   413 I adbd    : type=1400 audit(0.0:7): avc: denied { read } for name="overcommit_memory" dev="proc" ino=7412 scontext=u:r:adbd:s0 tcontext=u:object_r:proc:s0 tclass=file permissive=1
01-01 00:01:04.409   413   413 I adbd    : type=1400 audit(0.0:8): avc: denied { open } for path="/proc/sys/vm/overcommit_memory" dev="proc" ino=7412 scontext=u:r:adbd:s0 tcontext=u:object_r:proc:s0 tclass=file permissive=1
01-01 00:01:04.425   404   404 I rmt_storage: Shared memory initialised successfully.
01-01 00:01:04.425   404   404 I rmt_storage: Registering modemst1: 0x4a /boot/modem_fs1
01-01 00:01:04.425   404   404 I rmt_storage: Registering modemst2: 0x4b /boot/modem_fs2
01-01 00:01:04.425   404   404 I rmt_storage: Registering fsc: 0xff /boot/modem_fsc
01-01 00:01:04.425   404   404 I rmt_storage: Registering fsg: 0x58 /boot/modem_fsg
01-01 00:01:04.425   404   404 I rmt_storage: 4 GPT partitions found
01-01 00:01:04.425   404   404 I rmt_storage: Capset success!
01-01 00:01:04.432   405   405 I libmdmdetect: ESOC framework not supported
01-01 00:01:04.432   405   405 I libmdmdetect: Found internal modem: modem
01-01 00:01:04.433   410   410 I lowmemorykiller: Using in-kernel low memory killer interface
01-01 00:01:04.433   405   405 E         : The file /persist/bluetooth/.bt_nv.bin doesn't exist or empty or addr is random 1...
01-01 00:01:04.436   405   405 I libmdmdetect: ESOC framework not supported
01-01 00:01:04.437   405   405 I libmdmdetect: Found internal modem: modem
01-01 00:01:04.439   405   405 E Diag_Lib:  Diag_LSM_Init: Failed to open handle to diag driver, error = 13
01-01 00:01:04.451   408   408 D QSEECOMD: : qseecom listener services process entry PPID = 1
01-01 00:01:04.451   408   408 E QSEECOMD: : Listener: index = 0, hierarchy = 0
01-01 00:01:04.455   408   408 D QSEECOMD: : Init dlopen(librpmb.so, RTLD_NOW) succeeds
01-01 00:01:04.455   408   408 D QSEECOMD: : Init::Init dlsym(g_FSHandle rpmb_init_service) succeeds
01-01 00:01:04.457   408   408 I rpmb_emmc: RPMB Mult (512-bytes sector) = 8192, Rel_sec_cnt = 32
01-01 00:01:04.458   408   408 E DrmLibRpmb: rpmb_init succeeded! with ret = 0
01-01 00:01:04.458   408   408 D QSEECOMD: : Init rpmb_init_service ret = 0
01-01 00:01:04.458   408   408 D QSEECOMD: : RPMB system services: init (Listener ID = 8192)
01-01 00:01:04.458   408   408 E QSEECOMD: : Listener: index = 1, hierarchy = 0
01-01 00:01:04.460   408   408 D QSEECOMD: : Init dlopen(libssd.so, RTLD_NOW) succeeds
01-01 00:01:04.460   408   408 D QSEECOMD: : Init::Init dlsym(g_FSHandle ssd_init_service) succeeds
01-01 00:01:04.460   408   408 E SSD     : ssd_init_service succeeded!
01-01 00:01:04.460   408   408 D QSEECOMD: : Init ssd_init_service ret = 0
01-01 00:01:04.460   408   408 D QSEECOMD: : SSD system services: init (Listener ID = 12288)
01-01 00:01:04.460   408   408 E QSEECOMD: : Listener: index = 2, hierarchy = 0
01-01 00:01:04.461   424   424 I tftp_server: Starting...
01-01 00:01:04.467   424   424 D tftp_server: pid=424 tid=424 tftp-server : DBG :[tftp_os_wakelocks_la.c, 204] Capset success!
01-01 00:01:04.478   424   424 D tftp_server: pid=424 tid=424 tftp-server : DBG :[tftp_server.c, 597] Server waiting for client-connection.
01-01 00:01:04.496   417   417 D PPDaemon: CABL version 2.0.20140905
01-01 00:01:04.497   429   429 E adsprpc : vendor/qcom/proprietary/adsprpc/src/adsprpcd.c:26:adsp daemon starting
01-01 00:01:04.499   462   462 I init    : type=1400 audit(0.0:9): avc: denied { execute_no_trans } for path="/system/bin/goodixfingerprintd" dev="mmcblk0p51" ino=88939 scontext=u:r:init:s0 tcontext=u:object_r:system_file:s0 tclass=file permissive=1
01-01 00:01:04.501   423   423 I irsc_util: Starting irsc tool
01-01 00:01:04.501   426   426 I libmdmdetect: ESOC framework not supported
01-01 00:01:04.501   426   426 I libmdmdetect: Found internal modem: modem
01-01 00:01:04.501   420   420 E PerMgrProxy: Starting pm-proxy service
01-01 00:01:04.501   426   426 I ThermalEngine: Thermal daemon started
01-01 00:01:04.501   420   420 I libmdmdetect: ESOC framework not supported
01-01 00:01:04.502   426   426 I ThermalEngine: No target config file, falling back to '/system/etc/thermal-engine.conf'
01-01 00:01:04.502   426   426 I ThermalEngine: devices_manager_init: Init
01-01 00:01:04.502   409   409 I libmdmdetect: ESOC framework not supported
01-01 00:01:04.502   426   426 I ThermalEngine: Number of gpus :1
01-01 00:01:04.502   420   420 I libmdmdetect: Found internal modem: modem
01-01 00:01:04.502   426   426 I Thermal-IOCTL: KTM IOCTL interface "/dev/msm_thermal_query" opened
01-01 00:01:04.502   420   420 I PerMgrProxy: Found internal modem
01-01 00:01:04.502   426   426 E ThermalEngine: update_cpu_topology: Cluster Info[0]. Cluster Id: 0 cpu_bits:0xf sync:1
01-01 00:01:04.502   426   426 E ThermalEngine: update_cpu_topology: Cluster Info[1]. Cluster Id: 1 cpu_bits:0xf0 sync:1
01-01 00:01:04.502   409   409 I libmdmdetect: Found internal modem: modem
01-01 00:01:04.502   409   409 I libmdmdetect: ESOC framework not supported
01-01 00:01:04.502   426   426 I ThermalEngine: vdd_rstr_init: Init KTM VDD RSTR enabled: 0
01-01 00:01:04.502   420   420 I ServiceManager: Waiting for service vendor.qcom.PeripheralManager...
01-01 00:01:04.502   409   409 I libmdmdetect: Found internal modem: modem
01-01 00:01:04.503   426   447 I libmdmdetect: ESOC framework not supported
01-01 00:01:04.504   426   447 I libmdmdetect: Found internal modem: modem
01-01 00:01:04.504   409   409 I PerMgrSrv: Peripheral Mananager service start
01-01 00:01:04.504   409   409 I PerMgrSrv: power-off timeout 500,ms; event-ack timeout 200,ms; debug-mode false
01-01 00:01:04.504   409   409 I PerMgrSrv: Statistics for : modem
01-01 00:01:04.504   409   409 I PerMgrSrv: modem: Current State : is off-line
01-01 00:01:04.504   409   409 I PerMgrSrv: modem: Voter/Listener count : 0/0
01-01 00:01:04.504   409   409 I PerMgrSrv: modem: Power on count : 0
01-01 00:01:04.504   409   409 I PerMgrSrv: modem: Power off count: 0
01-01 00:01:04.504   409   409 I PerMgrSrv: modem: Client list:
01-01 00:01:04.510   409   452 I PerMgrSrv: QMI service start
01-01 00:01:04.516   408   408 D QSEECOMD: : Init dlopen(libsecureui.so, RTLD_NOW) succeeds
01-01 00:01:04.516   408   408 D QSEECOMD: : Init::Init dlsym(g_FSHandle secure_ui_init) succeeds
01-01 00:01:04.516   408   408 D QSEECOMD: : Init secure_ui_init ret = 0
01-01 00:01:04.516   408   408 D QSEECOMD: : secure UI services: init (Listener ID = 16384)
01-01 00:01:04.516   408   408 D QSEECOMD: : Parent qseecom daemon process paused!! 
01-01 00:01:04.516   467   467 D QSEECOMD: : qseecom listener service threads starting!!! 
01-01 00:01:04.516   467   467 D QSEECOMD: : Total listener services to start = 8
01-01 00:01:04.516   467   467 E QSEECOMD: : Listener: index = 0, hierarchy = 1
01-01 00:01:04.517   467   467 D QSEECOMD: : Init dlopen(librpmb.so, RTLD_NOW) succeeds
01-01 00:01:04.517   467   467 D QSEECOMD: : Init::Init dlsym(g_FSHandle rpmb_start) succeeds
01-01 00:01:04.517   467   467 D QSEECOMAPI: : QSEECom_register_listener 8192 sb_length = 0x5000
01-01 00:01:04.518   467   467 D QSEECOMD: : Init rpmb_start ret = 0
01-01 00:01:04.518   467   467 D QSEECOMD: : RPMB system services: Started (Listener ID = 8192)
01-01 00:01:04.518   467   467 E QSEECOMD: : Listener: index = 1, hierarchy = 1
01-01 00:01:04.518   467   467 D QSEECOMD: : Init dlopen(libssd.so, RTLD_NOW) succeeds
01-01 00:01:04.518   467   467 D QSEECOMD: : Init::Init dlsym(g_FSHandle ssd_start) succeeds
01-01 00:01:04.518   467   467 D QSEECOMAPI: : QSEECom_register_listener 12288 sb_length = 0x5000
01-01 00:01:04.519   477   477 I init    : type=1400 audit(0.0:10): avc: denied { execute_no_trans } for path="/system/bin/ifaad" dev="mmcblk0p51" ino=88949 scontext=u:r:init:s0 tcontext=u:object_r:system_file:s0 tclass=file permissive=1
01-01 00:01:04.519   467   467 D QSEECOMD: : Init ssd_start ret = 0
01-01 00:01:04.519   467   467 D QSEECOMD: : SSD system services: Started (Listener ID = 12288)
01-01 00:01:04.519   467   467 E QSEECOMD: : Listener: index = 2, hierarchy = 1
01-01 00:01:04.519   467   467 D QSEECOMD: : Init dlopen(libsecureui.so, RTLD_NOW) succeeds
01-01 00:01:04.519   467   467 D QSEECOMD: : Init::Init dlsym(g_FSHandle secure_ui_start) succeeds
01-01 00:01:04.519   467   467 D QSEECOMAPI: : QSEECom_register_listener 16384 sb_length = 0x10a8
01-01 00:01:04.520   428   428 I libmdmdetect: ESOC framework not supported
01-01 00:01:04.520   467   467 D QSEECOMD: : Init secure_ui_start ret = 0
01-01 00:01:04.520   428   428 I libmdmdetect: Found internal modem: modem
01-01 00:01:04.520   467   467 D QSEECOMD: : secure UI services: Started (Listener ID = 16384)
01-01 00:01:04.520   467   467 E QSEECOMD: : Listener: index = 3, hierarchy = 1
01-01 00:01:04.524   426   426 I ThermalEngine: sensors_manager_init: Init
01-01 00:01:04.526   436   436 I         : installd firing up
01-01 00:01:04.526   428   428 E Diag_Lib: qpLogDiagInit <== result : 1
01-01 00:01:04.526   428   428 E Diag_Lib: QMID : gIsQXDMDisabled 0, gIsADBDisabled 1, gIsDebugDisabled 0, gIsIMSLogsDisabled 0
01-01 00:01:04.526   428   428 E Diag_Lib: [IMS_QMID] |imsqmiserver.c | 538 | QMID#$$#0#QMI DAEMON STARTED
01-01 00:01:04.532   423   423 I irsc_util: Num of entries:289
01-01 00:01:04.535   467   467 D QSEECOMD: : Init dlopen(libdrmtime.so, RTLD_NOW) succeeds
01-01 00:01:04.535   467   467 D QSEECOMD: : Init::Init dlsym(g_FSHandle atime_start) succeeds
01-01 00:01:04.535   467   467 D DrmLibTime: QSEE Time Listener: atime_start
01-01 00:01:04.535   467   467 D QSEECOMAPI: : QSEECom_register_listener 11 sb_length = 0x5000
01-01 00:01:04.545   426   426 E ThermalEngine: bcl_setup: Error opening /sys/devices/soc.0/qcom,bcl.56/iavail
01-01 00:01:04.545   426   426 E ThermalEngine: add_tgt_sensors_set: Error adding bcl
01-01 00:01:04.545   426   426 E ThermalEngine: sensors_init: Error adding BCL TS
01-01 00:01:04.546   423   423 I irsc_util: Ending irsc tool
01-01 00:01:04.549   467   467 D DrmLibTime: registering fs service to QSEECom is done!
01-01 00:01:04.549   467   467 D DrmLibTime: begin to create a thread!
01-01 00:01:04.549   467   467 D DrmLibTime: Creating a pthread in atime_start is done! return 0
01-01 00:01:04.549   467   467 D QSEECOMD: : Init atime_start ret = 0
01-01 00:01:04.549   467   467 D QSEECOMD: : time services: Started (Listener ID = 11)
01-01 00:01:04.549   467   467 E QSEECOMD: : Listener: index = 4, hierarchy = 1
01-01 00:01:04.549   467   467 D QSEECOMD: : Init dlopen(libdrmfs.so, RTLD_NOW) succeeds
01-01 00:01:04.549   467   467 D QSEECOMD: : Init::Init dlsym(g_FSHandle fs_start) succeeds
01-01 00:01:04.549   467   467 D QSEECOMAPI: : QSEECom_register_listener 10 sb_length = 0x5000
01-01 00:01:04.554   467   513 D DrmLibTime: QSEE Time Listener: dispatch
01-01 00:01:04.554   467   513 D DrmLibTime: before calling ioctl to read the next time_cmd
01-01 00:01:04.556   467   467 D QSEECOMD: : Init fs_start ret = 0
01-01 00:01:04.556   429   429 E adsprpc : vendor/qcom/proprietary/adsprpc/src/adsp_default_listener.c:28:adsp_default_listener_start started
01-01 00:01:04.556   467   467 D QSEECOMD: : file system services: Started (Listener ID = 10)
01-01 00:01:04.556   467   467 E QSEECOMD: : Listener: index = 5, hierarchy = 1
01-01 00:01:04.556   467   467 D QSEECOMD: : Init dlopen(libdrmfs.so, RTLD_NOW) succeeds
01-01 00:01:04.556   467   467 D QSEECOMD: : Init::Init dlsym(g_FSHandle gpfs_start) succeeds
01-01 00:01:04.556   467   467 D QSEECOMAPI: : QSEECom_register_listener 28672 sb_length = 0x7e000
01-01 00:01:04.558   429   429 E adsprpc : vendor/qcom/proprietary/adsprpc/src/fastrpc_apps_user.c:167::error: -1: (0 == ioctl(dev, FASTRPC_IOCTL_INIT, (unsigned long)&ginit)) || errno == ENOTTY
01-01 00:01:04.558   429   429 E adsprpc : vendor/qcom/proprietary/adsprpc/src/fastrpc_apps_user.c:248:/dev/adsprpc-smd device initialization error: Operation not permitted
01-01 00:01:04.558   429   429 E adsprpc : vendor/qcom/proprietary/adsprpc/src/adsp_default_listener.c:30::error: -1: 0 == remote_handle_open(ITRANSPORT_PREFIX "attachguestos", &fd)
01-01 00:01:04.558   429   429 E adsprpc : vendor/qcom/proprietary/adsprpc/src/adsp_default_listener.c:44:adsp_default_listener_start exiting nErr=-1
01-01 00:01:04.558   429   429 E adsprpc : vendor/qcom/proprietary/adsprpc/src/adsprpcd.c:34:adsp daemon unload
01-01 00:01:04.558   429   429 E adsprpc : vendor/qcom/proprietary/adsprpc/src/fastrpc_apps_user.c:664:exit:
01-01 00:01:04.558   429   429 E adsprpc : vendor/qcom/proprietary/adsprpc/src/adsprpcd.c:41:adsp daemon sleeping for 25ms
01-01 00:01:04.574   422   422 I libmdmdetect: ESOC framework not supported
01-01 00:01:04.574   422   422 I libmdmdetect: Found internal modem: modem
01-01 00:01:04.574   467   467 D QSEECOMD: : Init gpfs_start ret = 0
01-01 00:01:04.574   467   467 D QSEECOMD: : gpfile system services: Started (Listener ID = 28672)
01-01 00:01:04.574   467   467 E QSEECOMD: : Listener: index = 6, hierarchy = 1
01-01 00:01:04.574   422   422 E QCNEA   : Cne Version 4.9
01-01 00:01:04.576   426   426 I ThermalEngine: Loading config file for virtual sensor
01-01 00:01:04.576   426   426 I ThermalEngine: Loading configuration file /system/etc/thermal-engine.conf
01-01 00:01:04.579   426   426 I ThermalEngine: Parsing section global
01-01 00:01:04.579   426   426 I ThermalEngine: Found field 'debug'
01-01 00:01:04.579   426   426 I ThermalEngine: Debug output enabled from config
01-01 00:01:04.579   467   467 D QSEECOMD: : Init dlopen(libqisl.so, RTLD_NOW) succeeds
01-01 00:01:04.579   467   467 D QSEECOMD: : Init::Init dlsym(g_FSHandle qisl_start) succeeds
01-01 00:01:04.580   426   426 E ThermalEngine: virtual_sensors_init: Error getting virtual sensors set
01-01 00:01:04.580   426   426 I ThermalEngine: Loading configuration file /system/etc/thermal-engine.conf
01-01 00:01:04.580   426   426 I ThermalEngine: Parsing section global
01-01 00:01:04.580   426   426 I ThermalEngine: Found field 'debug'
01-01 00:01:04.580   426   426 I ThermalEngine: Debug output enabled from config
01-01 00:01:04.580   426   426 I ThermalEngine: Found section 'SS-GPU'
01-01 00:01:04.580   426   426 I ThermalEngine: Algo Type 'ss'
01-01 00:01:04.580   426   426 I ThermalEngine: Parsing section SS-GPU
01-01 00:01:04.580   426   426 I ThermalEngine: Found field 'sampling'
01-01 00:01:04.580   426   426 I ThermalEngine: Found field 'sensor'
01-01 00:01:04.580   426   426 I ThermalEngine: Found field 'device'
01-01 00:01:04.580   426   426 I ThermalEngine: Found field 'set_point'
01-01 00:01:04.580   426   426 I ThermalEngine: Found field 'set_point_clr'
01-01 00:01:04.580   426   426 I ThermalEngine: Found field 'time_constant'
01-01 00:01:04.580   426   426 I ThermalEngine: Found field 'device_max_limit'
01-01 00:01:04.580   426   426 I ThermalEngine: Found section 'SS-SKIN_CONTROL_POWER'
01-01 00:01:04.580   426   426 I ThermalEngine: Algo Type 'ss'
01-01 00:01:04.580   426   426 I ThermalEngine: Parsing section SS-SKIN_CONTROL_POWER
01-01 00:01:04.580   426   426 I ThermalEngine: Found field 'sampling'
01-01 00:01:04.580   426   426 I ThermalEngine: Found field 'sensor'
01-01 00:01:04.580   426   426 I ThermalEngine: Found field 'device'
01-01 00:01:04.580   426   426 I ThermalEngine: Found field 'set_point'
01-01 00:01:04.580   426   426 I ThermalEngine: Found field 'set_point_clr'
01-01 00:01:04.580   426   426 I ThermalEngine: Found field 'time_constant'
01-01 00:01:04.580   426   426 I ThermalEngine: Found field 'device_max_limit'
01-01 00:01:04.580   426   426 I ThermalEngine: Found section 'SS-SKIN_CONTROL_PERF'
01-01 00:01:04.580   426   426 I ThermalEngine: Algo Type 'ss'
01-01 00:01:04.580   426   426 I ThermalEngine: Parsing section SS-SKIN_CONTROL_PERF
01-01 00:01:04.580   426   426 I ThermalEngine: Found field 'sampling'
01-01 00:01:04.580   426   426 I ThermalEngine: Found field 'sensor'
01-01 00:01:04.580   426   426 I ThermalEngine: Found field 'device'
01-01 00:01:04.580   426   426 I ThermalEngine: Found field 'set_point'
01-01 00:01:04.580   426   426 I ThermalEngine: Found field 'set_point_clr'
01-01 00:01:04.580   426   426 I ThermalEngine: Found field 'time_constant'
01-01 00:01:04.580   426   426 I ThermalEngine: Found field 'device_max_limit'
01-01 00:01:04.580   426   426 I ThermalEngine: Found section 'SS-L2_CACHE_1'
01-01 00:01:04.580   426   426 I ThermalEngine: Algo Type 'ss'
01-01 00:01:04.580   426   426 I ThermalEngine: Parsing section SS-L2_CACHE_1
01-01 00:01:04.580   426   426 I ThermalEngine: Found field 'sampling'
01-01 00:01:04.580   426   426 I ThermalEngine: Found field 'sensor'
01-01 00:01:04.580   426   426 I ThermalEngine: Found field 'device'
01-01 00:01:04.580   426   426 I ThermalEngine: Found field 'set_point'
01-01 00:01:04.580   426   426 I ThermalEngine: Found field 'set_point_clr'
01-01 00:01:04.580   426   426 I ThermalEngine: Found field 'time_constant'
01-01 00:01:04.580   426   426 I ThermalEngine: Found section 'SS-CPU7'
01-01 00:01:04.580   426   426 I ThermalEngine: Algo Type 'ss'
01-01 00:01:04.580   426   426 I ThermalEngine: Parsing section SS-CPU7
01-01 00:01:04.580   426   426 I ThermalEngine: Found field 'sampling'
01-01 00:01:04.580   426   426 I ThermalEngine: Found field 'sensor'
01-01 00:01:04.580   426   426 I ThermalEngine: Found field 'device'
01-01 00:01:04.580   426   426 I ThermalEngine: Found field 'set_point'
01-01 00:01:04.580   426   426 I ThermalEngine: Found field 'set_point_clr'
01-01 00:01:04.580   426   426 I ThermalEngine: Found field 'time_constant'
01-01 00:01:04.580   426   426 I ThermalEngine: Found section 'SS-CPU6'
01-01 00:01:04.580   426   426 I ThermalEngine: Algo Type 'ss'
01-01 00:01:04.580   426   426 I ThermalEngine: Parsing section SS-CPU6
01-01 00:01:04.580   426   426 I ThermalEngine: Found field 'sampling'
01-01 00:01:04.580   426   426 I ThermalEngine: Found field 'sensor'
01-01 00:01:04.580   426   426 I ThermalEngine: Found field 'device'
01-01 00:01:04.580   426   426 I ThermalEngine: Found field 'set_point'
01-01 00:01:04.580   426   426 I ThermalEngine: Found field 'set_point_clr'
01-01 00:01:04.580   426   426 I ThermalEngine: Found field 'time_constant'
01-01 00:01:04.581   426   426 I ThermalEngine: Found section 'SS-CPU5'
01-01 00:01:04.581   426   426 I ThermalEngine: Algo Type 'ss'
01-01 00:01:04.581   426   426 I ThermalEngine: Parsing section SS-CPU5
01-01 00:01:04.581   426   426 I ThermalEngine: Found field 'sampling'
01-01 00:01:04.581   426   426 I ThermalEngine: Found field 'sensor'
01-01 00:01:04.581   426   426 I ThermalEngine: Found field 'device'
01-01 00:01:04.581   426   426 I ThermalEngine: Found field 'set_point'
01-01 00:01:04.581   426   426 I ThermalEngine: Found field 'set_point_clr'
01-01 00:01:04.581   426   426 I ThermalEngine: Found field 'time_constant'
01-01 00:01:04.581   426   426 I ThermalEngine: Found section 'SS-CPU4'
01-01 00:01:04.581   426   426 I ThermalEngine: Algo Type 'ss'
01-01 00:01:04.581   426   426 I ThermalEngine: Parsing section SS-CPU4
01-01 00:01:04.581   426   426 I ThermalEngine: Found field 'sampling'
01-01 00:01:04.581   426   426 I ThermalEngine: Found field 'sensor'
01-01 00:01:04.581   426   426 I ThermalEngine: Found field 'device'
01-01 00:01:04.581   426   426 I ThermalEngine: Found field 'set_point'
01-01 00:01:04.581   426   426 I ThermalEngine: Found field 'set_point_clr'
01-01 00:01:04.581   426   426 I ThermalEngine: Found field 'time_constant'
01-01 00:01:04.581   426   426 I ThermalEngine: Found section 'SS-CPU0-1-2-3'
01-01 00:01:04.581   426   426 I ThermalEngine: Algo Type 'ss'
01-01 00:01:04.581   426   426 I ThermalEngine: Parsing section SS-CPU0-1-2-3
01-01 00:01:04.581   426   426 I ThermalEngine: Found field 'sampling'
01-01 00:01:04.581   426   426 I ThermalEngine: Found field 'sensor'
01-01 00:01:04.581   426   426 I ThermalEngine: Found field 'device'
01-01 00:01:04.581   426   426 I ThermalEngine: Found field 'set_point'
01-01 00:01:04.581   426   426 I ThermalEngine: Found field 'set_point_clr'
01-01 00:01:04.581   426   426 I ThermalEngine: Found field 'time_constant'
01-01 00:01:04.581   426   426 I ThermalEngine: Found field 'device_max_limit'
01-01 00:01:04.581   426   426 I ThermalEngine: Found section 'SPEAKER-CAL'
01-01 00:01:04.581   426   426 I ThermalEngine: Algo Type 'eq'
01-01 00:01:04.581   426   426 I ThermalEngine: Parsing section SPEAKER-CAL
01-01 00:01:04.581   426   426 I ThermalEngine: Found field 'sampling'
01-01 00:01:04.581   426   426 I ThermalEngine: Found field 'sensor'
01-01 00:01:04.581   426   426 I ThermalEngine: Found field 'sensors'
01-01 00:01:04.581   426   426 I ThermalEngine: Found field 'temp_range'
01-01 00:01:04.581   426   426 I ThermalEngine: Found field 'max_temp'
01-01 00:01:04.581   426   426 I ThermalEngine: Found field 'offset'
01-01 00:01:04.581   426   426 I ThermalEngine: Found section 'VDD_RSTR_MONITOR-TSENS10'
01-01 00:01:04.581   426   426 I ThermalEngine: Algo Type 'monitor'
01-01 00:01:04.581   426   426 I ThermalEngine: Parsing section VDD_RSTR_MONITOR-TSENS10
01-01 00:01:04.581   426   426 I ThermalEngine: Found field 'sampling'
01-01 00:01:04.581   426   426 I ThermalEngine: Found field 'sensor'
01-01 00:01:04.581   426   426 I ThermalEngine: Found field 'thresholds'
01-01 00:01:04.581   426   426 I ThermalEngine: Found field 'thresholds_clr'
01-01 00:01:04.581   426   426 I ThermalEngine: Found field 'actions'
01-01 00:01:04.581   426   426 I ThermalEngine: Found field 'action_info'
01-01 00:01:04.581   426   426 I ThermalEngine: Found field 'descending'
01-01 00:01:04.581   426   426 I ThermalEngine: Found section 'VDD_RSTR_MONITOR-TSENS9'
01-01 00:01:04.581   426   426 I ThermalEngine: Algo Type 'monitor'
01-01 00:01:04.581   426   426 I ThermalEngine: Parsing section VDD_RSTR_MONITOR-TSENS9
01-01 00:01:04.581   426   426 I ThermalEngine: Found field 'sampling'
01-01 00:01:04.581   426   426 I ThermalEngine: Found field 'sensor'
01-01 00:01:04.581   426   426 I ThermalEngine: Found field 'thresholds'
01-01 00:01:04.581   426   426 I ThermalEngine: Found field 'thresholds_clr'
01-01 00:01:04.581   426   426 I ThermalEngine: Found field 'actions'
01-01 00:01:04.581   426   426 I ThermalEngine: Found field 'action_info'
01-01 00:01:04.581   426   426 I ThermalEngine: Found field 'descending'
01-01 00:01:04.581   426   426 I ThermalEngine: Found section 'VDD_RSTR_MONITOR-TSENS8'
01-01 00:01:04.581   426   426 I ThermalEngine: Algo Type 'monitor'
01-01 00:01:04.581   426   426 I ThermalEngine: Parsing section VDD_RSTR_MONITOR-TSENS8
01-01 00:01:04.581   426   426 I ThermalEngine: Found field 'sampling'
01-01 00:01:04.581   426   426 I ThermalEngine: Found field 'sensor'
01-01 00:01:04.581   426   426 I ThermalEngine: Found field 'thresholds'
01-01 00:01:04.581   426   426 I ThermalEngine: Found field 'thresholds_clr'
01-01 00:01:04.581   426   426 I ThermalEngine: Found field 'actions'
01-01 00:01:04.581   426   426 I ThermalEngine: Found field 'action_info'
01-01 00:01:04.582   426   426 I ThermalEngine: Found field 'descending'
01-01 00:01:04.582   426   426 I ThermalEngine: Found section 'VDD_RSTR_MONITOR-TSENS7'
01-01 00:01:04.582   426   426 I ThermalEngine: Algo Type 'monitor'
01-01 00:01:04.582   426   426 I ThermalEngine: Parsing section VDD_RSTR_MONITOR-TSENS7
01-01 00:01:04.582   426   426 I ThermalEngine: Found field 'sampling'
01-01 00:01:04.582   426   426 I ThermalEngine: Found field 'sensor'
01-01 00:01:04.582   426   426 I ThermalEngine: Found field 'thresholds'
01-01 00:01:04.582   426   426 I ThermalEngine: Found field 'thresholds_clr'
01-01 00:01:04.582   426   426 I ThermalEngine: Found field 'actions'
01-01 00:01:04.582   426   426 I ThermalEngine: Found field 'action_info'
01-01 00:01:04.582   426   426 I ThermalEngine: Found field 'descending'
01-01 00:01:04.582   426   426 I ThermalEngine: Found section 'VDD_RSTR_MONITOR-TSENS6'
01-01 00:01:04.582   426   426 I ThermalEngine: Algo Type 'monitor'
01-01 00:01:04.582   426   426 I ThermalEngine: Parsing section VDD_RSTR_MONITOR-TSENS6
01-01 00:01:04.582   426   426 I ThermalEngine: Found field 'sampling'
01-01 00:01:04.582   426   426 I ThermalEngine: Found field 'sensor'
01-01 00:01:04.582   426   426 I ThermalEngine: Found field 'thresholds'
01-01 00:01:04.582   426   426 I ThermalEngine: Found field 'thresholds_clr'
01-01 00:01:04.582   426   426 I ThermalEngine: Found field 'actions'
01-01 00:01:04.582   426   426 I ThermalEngine: Found field 'action_info'
01-01 00:01:04.582   426   426 I ThermalEngine: Found field 'descending'
01-01 00:01:04.582   426   426 I ThermalEngine: Found section 'VDD_RSTR_MONITOR-TSENS5'
01-01 00:01:04.582   426   426 I ThermalEngine: Algo Type 'monitor'
01-01 00:01:04.582   426   426 I ThermalEngine: Parsing section VDD_RSTR_MONITOR-TSENS5
01-01 00:01:04.582   426   426 I ThermalEngine: Found field 'sampling'
01-01 00:01:04.582   426   426 I ThermalEngine: Found field 'sensor'
01-01 00:01:04.582   426   426 I ThermalEngine: Found field 'thresholds'
01-01 00:01:04.582   426   426 I ThermalEngine: Found field 'thresholds_clr'
01-01 00:01:04.582   426   426 I ThermalEngine: Found field 'actions'
01-01 00:01:04.582   426   426 I ThermalEngine: Found field 'action_info'
01-01 00:01:04.582   426   426 I ThermalEngine: Found field 'descending'
01-01 00:01:04.582   426   426 I ThermalEngine: Found section 'VDD_RSTR_MONITOR-TSENS4'
01-01 00:01:04.582   426   426 I ThermalEngine: Algo Type 'monitor'
01-01 00:01:04.582   426   426 I ThermalEngine: Parsing section VDD_RSTR_MONITOR-TSENS4
01-01 00:01:04.582   426   426 I ThermalEngine: Found field 'sampling'
01-01 00:01:04.582   426   426 I ThermalEngine: Found field 'sensor'
01-01 00:01:04.582   426   426 I ThermalEngine: Found field 'thresholds'
01-01 00:01:04.582   426   426 I ThermalEngine: Found field 'thresholds_clr'
01-01 00:01:04.582   426   426 I ThermalEngine: Found field 'actions'
01-01 00:01:04.582   426   426 I ThermalEngine: Found field 'action_info'
01-01 00:01:04.582   426   426 I ThermalEngine: Found field 'descending'
01-01 00:01:04.582   426   426 I ThermalEngine: Found section 'VDD_RSTR_MONITOR-TSENS3'
01-01 00:01:04.582   457   457 I libmdmdetect: ESOC framework not supported
01-01 00:01:04.582   426   426 I ThermalEngine: Algo Type 'monitor'
01-01 00:01:04.582   426   426 I ThermalEngine: Parsing section VDD_RSTR_MONITOR-TSENS3
01-01 00:01:04.582   426   426 I ThermalEngine: Found field 'sampling'
01-01 00:01:04.582   426   426 I ThermalEngine: Found field 'sensor'
01-01 00:01:04.582   426   426 I ThermalEngine: Found field 'thresholds'
01-01 00:01:04.582   426   426 I ThermalEngine: Found field 'thresholds_clr'
01-01 00:01:04.582   426   426 I ThermalEngine: Found field 'actions'
01-01 00:01:04.582   426   426 I ThermalEngine: Found field 'action_info'
01-01 00:01:04.582   426   426 I ThermalEngine: Found field 'descending'
01-01 00:01:04.582   426   426 I ThermalEngine: Found section 'VDD_RSTR_MONITOR-TSENS2'
01-01 00:01:04.582   426   426 I ThermalEngine: Algo Type 'monitor'
01-01 00:01:04.582   426   426 I ThermalEngine: Parsing section VDD_RSTR_MONITOR-TSENS2
01-01 00:01:04.582   426   426 I ThermalEngine: Found field 'sampling'
01-01 00:01:04.582   426   426 I ThermalEngine: Found field 'sensor'
01-01 00:01:04.582   426   426 I ThermalEngine: Found field 'thresholds'
01-01 00:01:04.582   426   426 I ThermalEngine: Found field 'thresholds_clr'
01-01 00:01:04.582   426   426 I ThermalEngine: Found field 'actions'
01-01 00:01:04.582   426   426 I ThermalEngine: Found field 'action_info'
01-01 00:01:04.582   426   426 I ThermalEngine: Found field 'descending'
01-01 00:01:04.582   426   426 I ThermalEngine: Found section 'VDD_RSTR_MONITOR-TSENS1'
01-01 00:01:04.582   426   426 I ThermalEngine: Algo Type 'monitor'
01-01 00:01:04.583   426   426 I ThermalEngine: Parsing section VDD_RSTR_MONITOR-TSENS1
01-01 00:01:04.583   426   426 I ThermalEngine: Found field 'sampling'
01-01 00:01:04.583   457   457 I libmdmdetect: Found internal modem: modem
01-01 00:01:04.583   426   426 I ThermalEngine: Found field 'sensor'
01-01 00:01:04.583   426   426 I ThermalEngine: Found field 'thresholds'
01-01 00:01:04.583   426   426 I ThermalEngine: Found field 'thresholds_clr'
01-01 00:01:04.583   426   426 I ThermalEngine: Found field 'actions'
01-01 00:01:04.583   426   426 I ThermalEngine: Found field 'action_info'
01-01 00:01:04.583   426   426 I ThermalEngine: Found field 'descending'
01-01 00:01:04.583   426   426 I ThermalEngine: Found section 'VDD_RSTR_MONITOR-TSENS0'
01-01 00:01:04.583   426   426 I ThermalEngine: Algo Type 'monitor'
01-01 00:01:04.583   426   426 I ThermalEngine: Parsing section VDD_RSTR_MONITOR-TSENS0
01-01 00:01:04.583   426   426 I ThermalEngine: Found field 'sampling'
01-01 00:01:04.583   426   426 I ThermalEngine: Found field 'sensor'
01-01 00:01:04.583   426   426 I ThermalEngine: Found field 'thresholds'
01-01 00:01:04.583   426   426 I ThermalEngine: Found field 'thresholds_clr'
01-01 00:01:04.583   426   426 I ThermalEngine: Found field 'actions'
01-01 00:01:04.583   426   426 I ThermalEngine: Found field 'action_info'
01-01 00:01:04.583   426   426 I ThermalEngine: Found field 'descending'
01-01 00:01:04.583   429   429 E adsprpc : vendor/qcom/proprietary/adsprpc/src/adsprpcd.c:43:adsp daemon restarting...
01-01 00:01:04.583   426   426 D ThermalEngine: pid_algo_init: Desc PID-POPMEM
01-01 00:01:04.583   426   426 D ThermalEngine: pid_algo_init: Sensor pop_mem, K_P 0.7, K_I 15.0, K_D 0.3
01-01 00:01:04.583   426   426 D ThermalEngine: pid_algo_init: Device cluster1, Err weight 1.0, Int samples 10, Units Per C 5000kHz
01-01 00:01:04.583   426   426 D ThermalEngine: pid_algo_init: Set Point 80000mC, Set Point Clr 55000mC, Override 0mC
01-01 00:01:04.583   426   426 D ThermalEngine: pid_algo_init: MAXFREQ 1804800kHz
01-01 00:01:04.583   426   426 D ThermalEngine: pid_algo_init: Desc PID-L2_CACHE_1
01-01 00:01:04.583   426   426 D ThermalEngine: pid_algo_init: Sensor L2_cache_1, K_P 0.7, K_I 15.0, K_D 0.3
01-01 00:01:04.583   426   426 D ThermalEngine: pid_algo_init: Device cluster1, Err weight 1.0, Int samples 10, Units Per C 5000kHz
01-01 00:01:04.583   426   426 D ThermalEngine: pid_algo_init: Set Point 90000mC, Set Point Clr 55000mC, Override 0mC
01-01 00:01:04.583   426   426 D ThermalEngine: pid_algo_init: MAXFREQ 1804800kHz
01-01 00:01:04.583   426   426 D ThermalEngine: pid_algo_init: Desc PID-CPU7
01-01 00:01:04.583   426   426 D ThermalEngine: pid_algo_init: Sensor tsens_tz_sensor7, K_P 0.7, K_I 15.0, K_D 0.3
01-01 00:01:04.583   429   429 E adsprpc : vendor/qcom/proprietary/adsprpc/src/adsp_default_listener.c:28:adsp_default_listener_start started
01-01 00:01:04.583   426   426 D ThermalEngine: pid_algo_init: Device cluster1, Err weight 1.0, Int samples 10, Units Per C 5000kHz
01-01 00:01:04.583   426   426 D ThermalEngine: pid_algo_init: Set Point 90000mC, Set Point Clr 55000mC, Override 0mC
01-01 00:01:04.583   426   426 D ThermalEngine: pid_algo_init: MAXFREQ 1804800kHz
01-01 00:01:04.583   426   426 D ThermalEngine: pid_algo_init: Desc PID-CPU6
01-01 00:01:04.583   426   489 D ThermalEngine: tsens_uevent: tsens_tz_sensor10
01-01 00:01:04.583   426   426 D ThermalEngine: pid_algo_init: Sensor tsens_tz_sensor6, K_P 0.7, K_I 15.0, K_D 0.3
01-01 00:01:04.584   426   426 D ThermalEngine: pid_algo_init: Device cluster1, Err weight 1.0, Int samples 10, Units Per C 5000kHz
01-01 00:01:04.584   426   507 D ThermalEngine: sensor_monitor: tsens_tz_sensor2 Wait for client request.
01-01 00:01:04.584   426   426 D ThermalEngine: pid_algo_init: Set Point 90000mC, Set Point Clr 55000mC, Override 0mC
01-01 00:01:04.584   426   426 D ThermalEngine: pid_algo_init: MAXFREQ 1804800kHz
01-01 00:01:04.584   426   426 D ThermalEngine: pid_algo_init: Desc PID-CPU5
01-01 00:01:04.584   426   426 D ThermalEngine: pid_algo_init: Sensor tsens_tz_sensor5, K_P 0.7, K_I 15.0, K_D 0.3
01-01 00:01:04.584   426   426 D ThermalEngine: pid_algo_init: Device cluster1, Err weight 1.0, Int samples 10, Units Per C 5000kHz
01-01 00:01:04.584   426   426 D ThermalEngine: pid_algo_init: Set Point 90000mC, Set Point Clr 55000mC, Override 0mC
01-01 00:01:04.584   426   426 D ThermalEngine: pid_algo_init: MAXFREQ 1804800kHz
01-01 00:01:04.584   426   426 D ThermalEngine: pid_algo_init: Desc PID-CPU4
01-01 00:01:04.584   426   426 D ThermalEngine: pid_algo_init: Sensor tsens_tz_sensor4, K_P 0.7, K_I 15.0, K_D 0.3
01-01 00:01:04.584   426   426 D ThermalEngine: pid_algo_init: Device cluster1, Err weight 1.0, Int samples 10, Units Per C 5000kHz
01-01 00:01:04.584   426   426 D ThermalEngine: pid_algo_init: Set Point 90000mC, Set Point Clr 55000mC, Override 0mC
01-01 00:01:04.584   426   426 D ThermalEngine: pid_algo_init: MAXFREQ 1804800kHz
01-01 00:01:04.584   426   426 D ThermalEngine: pid_algo_init: Desc PID-CPU0-1-2-3
01-01 00:01:04.584   426   426 D ThermalEngine: pid_algo_init: Sensor tsens_tz_sensor9, K_P 0.7, K_I 15.0, K_D 0.3
01-01 00:01:04.584   426   426 D ThermalEngine: pid_algo_init: Device cluster0, Err weight 1.0, Int samples 10, Units Per C 5000kHz
01-01 00:01:04.584   426   426 D ThermalEngine: pid_algo_init: Set Point 90000mC, Set Point Clr 55000mC, Override 0mC
01-01 00:01:04.584   426   426 D ThermalEngine: pid_algo_init: MAXFREQ 1401600kHz
01-01 00:01:04.584   426   426 D ThermalEngine: thermal_monitor: Import VDD_RSTR_MONITOR-TSENS10
01-01 00:01:04.584   426   426 I ThermalEngine: [VDD_RSTR_MONITOR-TSENS10]
01-01 00:01:04.584   426   426 I ThermalEngine: #algo_type monitor
01-01 00:01:04.584   426   426 I ThermalEngine: sampling 1000
01-01 00:01:04.584   426   426 I ThermalEngine: sensor tsens_tz_sensor10
01-01 00:01:04.584   429   429 E adsprpc : vendor/qcom/proprietary/adsprpc/src/fastrpc_apps_user.c:167::error: -1: (0 == ioctl(dev, FASTRPC_IOCTL_INIT, (unsigned long)&ginit)) || errno == ENOTTY
01-01 00:01:04.584   426   426 I ThermalEngine: thresholds 5000
01-01 00:01:04.584   426   426 I ThermalEngine: thresholds_clr 10000
01-01 00:01:04.584   429   429 E adsprpc : vendor/qcom/proprietary/adsprpc/src/fastrpc_apps_user.c:248:/dev/adsprpc-smd device initialization error: Operation not permitted
01-01 00:01:04.584   426   426 I ThermalEngine: actions vdd_restriction
01-01 00:01:04.584   429   429 E adsprpc : vendor/qcom/proprietary/adsprpc/src/adsp_default_listener.c:30::error: -1: 0 == remote_handle_open(ITRANSPORT_PREFIX "attachguestos", &fd)
01-01 00:01:04.584   429   429 E adsprpc : vendor/qcom/proprietary/adsprpc/src/adsp_default_listener.c:44:adsp_default_listener_start exiting nErr=-1
01-01 00:01:04.584   426   426 I ThermalEngine: action_info 1
01-01 00:01:04.584   429   429 E adsprpc : vendor/qcom/proprietary/adsprpc/src/adsprpcd.c:34:adsp daemon unload
01-01 00:01:04.584   426   426 I ThermalEngine: descending
01-01 00:01:04.584   426   426 D ThermalEngine: thermal_monitor: Import VDD_RSTR_MONITOR-TSENS9
01-01 00:01:04.584   426   426 I ThermalEngine: [VDD_RSTR_MONITOR-TSENS9]
01-01 00:01:04.584   429   429 E adsprpc : vendor/qcom/proprietary/adsprpc/src/fastrpc_apps_user.c:664:exit:
01-01 00:01:04.584   426   426 I ThermalEngine: #algo_type monitor
01-01 00:01:04.584   426   426 I ThermalEngine: sampling 1000
01-01 00:01:04.584   426   426 I ThermalEngine: sensor tsens_tz_sensor9
01-01 00:01:04.584   426   426 I ThermalEngine: thresholds 5000
01-01 00:01:04.584   426   426 I ThermalEngine: thresholds_clr 10000
01-01 00:01:04.584   429   429 E adsprpc : vendor/qcom/proprietary/adsprpc/src/adsprpcd.c:41:adsp daemon sleeping for 25ms
01-01 00:01:04.584   426   426 I ThermalEngine: actions vdd_restriction
01-01 00:01:04.584   426   426 I ThermalEngine: action_info 1
01-01 00:01:04.584   426   426 I ThermalEngine: descending
01-01 00:01:04.584   426   426 D ThermalEngine: thermal_monitor: Import VDD_RSTR_MONITOR-TSENS8
01-01 00:01:04.584   426   426 I ThermalEngine: [VDD_RSTR_MONITOR-TSENS8]
01-01 00:01:04.584   426   426 I ThermalEngine: #algo_type monitor
01-01 00:01:04.584   426   426 I ThermalEngine: sampling 1000
01-01 00:01:04.584   426   426 I ThermalEngine: sensor tsens_tz_sensor8
01-01 00:01:04.584   426   426 I ThermalEngine: thresholds 5000
01-01 00:01:04.584   426   426 I ThermalEngine: thresholds_clr 10000
01-01 00:01:04.584   426   426 I ThermalEngine: actions vdd_restriction
01-01 00:01:04.584   426   426 I ThermalEngine: action_info 1
01-01 00:01:04.584   426   426 I ThermalEngine: descending
01-01 00:01:04.592   454   454 I libmdmdetect: ESOC framework not supported
01-01 00:01:04.592   454   454 I libmdmdetect: Found internal modem: modem
01-01 00:01:04.594   467   521 I QISL    : QSEE Interrupt Service Listener Thread is started
01-01 00:01:04.594   467   521 D QSEECOMAPI: : QSEECom_register_listener 36864 sb_length = 0x1f4
01-01 00:01:04.598   412   412 I SurfaceFlinger: SurfaceFlinger is starting
01-01 00:01:04.598   412   412 E SchedPolicy: add_tid_to_cgroup failed; fd=-1
01-01 00:01:04.598   412   412 I SurfaceFlinger: SurfaceFlinger's main thread ready to run. Initializing graphics H/W...
01-01 00:01:04.602   461   461 I fingerprintd: Starting fingerprintd
01-01 00:01:04.604   467   521 I QISL    : QSEE Interrupt Service Listener was activated successfully
01-01 00:01:04.604   467   467 D QSEECOMD: : Init qisl_start ret = 0
01-01 00:01:04.604   467   467 D QSEECOMD: : interrupt services: Started (Listener ID = 36864)
01-01 00:01:04.604   467   467 E QSEECOMD: : Listener: index = 7, hierarchy = 1
01-01 00:01:04.605   457   523 I libmdmdetect: ESOC framework not supported
01-01 00:01:04.605   457   523 I libmdmdetect: Found internal modem: modem
01-01 00:01:04.606   467   467 D QSEECOMD: : Init dlopen(libGPreqcancel.so, RTLD_NOW) succeeds
01-01 00:01:04.606   467   467 D QSEECOMD: : Init::Init dlsym(g_FSHandle gp_reqcancel_start) succeeds
01-01 00:01:04.606   467   467 D QSEECOMAPI: : QSEECom_register_listener 4352 sb_length = 0x5000
01-01 00:01:04.607   467   467 D QSEECOMD: : Init gp_reqcancel_start ret = 0
01-01 00:01:04.608   467   467 D QSEECOMD: : gp request cancellation services: Started (Listener ID = 4352)
01-01 00:01:04.609   429   429 E adsprpc : vendor/qcom/proprietary/adsprpc/src/adsprpcd.c:43:adsp daemon restarting...
01-01 00:01:04.610   429   429 E adsprpc : vendor/qcom/proprietary/adsprpc/src/adsp_default_listener.c:28:adsp_default_listener_start started
01-01 00:01:04.610   429   429 E adsprpc : vendor/qcom/proprietary/adsprpc/src/fastrpc_apps_user.c:167::error: -1: (0 == ioctl(dev, FASTRPC_IOCTL_INIT, (unsigned long)&ginit)) || errno == ENOTTY
01-01 00:01:04.610   429   429 E adsprpc : vendor/qcom/proprietary/adsprpc/src/fastrpc_apps_user.c:248:/dev/adsprpc-smd device initialization error: Operation not permitted
01-01 00:01:04.610   429   429 E adsprpc : vendor/qcom/proprietary/adsprpc/src/adsp_default_listener.c:30::error: -1: 0 == remote_handle_open(ITRANSPORT_PREFIX "attachguestos", &fd)
01-01 00:01:04.610   429   429 E adsprpc : vendor/qcom/proprietary/adsprpc/src/adsp_default_listener.c:44:adsp_default_listener_start exiting nErr=-1
01-01 00:01:04.610   429   429 E adsprpc : vendor/qcom/proprietary/adsprpc/src/adsprpcd.c:34:adsp daemon unload
01-01 00:01:04.610   429   429 E adsprpc : vendor/qcom/proprietary/adsprpc/src/fastrpc_apps_user.c:664:exit:
01-01 00:01:04.610   429   429 E adsprpc : vendor/qcom/proprietary/adsprpc/src/adsprpcd.c:41:adsp daemon sleeping for 25ms
01-01 00:01:04.619   465   465 I libmdmdetect: ESOC framework not supported
01-01 00:01:04.619   465   465 I libmdmdetect: Found internal modem: modem
01-01 00:01:04.620   465   465 D QC-time-services: Daemon:genoff_pre_init::Base = 0
01-01 00:01:04.620   465   465 D QC-time-services: Daemon:ats_rtc_init: Time read from RTC -- year = 70, month = 0,day = 1
01-01 00:01:04.620   465   465 D QC-time-services: Daemon ats_rtc_init: seconds = 64
01-01 00:01:04.620   465   465 D QC-time-services: Daemon:Value read from RTC seconds = 64000
01-01 00:01:04.620   465   465 D QC-time-services: Daemon:genoff_init_config: ATS_RTC initialized with rc: 0
01-01 00:01:04.620   465   465 D QC-time-services: Daemon:genoff_pre_init::Base = 1
01-01 00:01:04.620   465   465 D QC-time-services: Daemon: Storage Name: ats_1 
01-01 00:01:04.620   465   465 D QC-time-services: Daemon:Opening File: /persist/time/ats_1 /data/time/ats_1
01-01 00:01:04.620   465   465 D QC-time-services: Daemon:time_persistent_memory_opr:Genoff Read operation 
01-01 00:01:04.625   457   523 E QMI_FW  : QMUXD: WARNING qmi_qmux_if_pwr_up_init failed! rc=-1
01-01 00:01:04.626   412   412 D libEGL  : loaded /vendor/lib64/egl/libEGL_adreno.so
01-01 00:01:04.629   515   515 I perfprofd: starting Android Wide Profiling daemon
01-01 00:01:04.629   515   515 E perfprofd: unable to open configuration file /data/data/com.google.android.gms/files/perfprofd.conf
01-01 00:01:04.629   515   515 I perfprofd: random seed set to 1971215454
01-01 00:01:04.635   429   429 E adsprpc : vendor/qcom/proprietary/adsprpc/src/adsprpcd.c:43:adsp daemon restarting...
01-01 00:01:04.636   429   429 E adsprpc : vendor/qcom/proprietary/adsprpc/src/adsp_default_listener.c:28:adsp_default_listener_start started
01-01 00:01:04.636   429   429 E adsprpc : vendor/qcom/proprietary/adsprpc/src/fastrpc_apps_user.c:167::error: -1: (0 == ioctl(dev, FASTRPC_IOCTL_INIT, (unsigned long)&ginit)) || errno == ENOTTY
01-01 00:01:04.636   429   429 E adsprpc : vendor/qcom/proprietary/adsprpc/src/fastrpc_apps_user.c:248:/dev/adsprpc-smd device initialization error: Operation not permitted
01-01 00:01:04.636   429   429 E adsprpc : vendor/qcom/proprietary/adsprpc/src/adsp_default_listener.c:30::error: -1: 0 == remote_handle_open(ITRANSPORT_PREFIX "attachguestos", &fd)
01-01 00:01:04.636   429   429 E adsprpc : vendor/qcom/proprietary/adsprpc/src/adsp_default_listener.c:44:adsp_default_listener_start exiting nErr=-1
01-01 00:01:04.636   429   429 E adsprpc : vendor/qcom/proprietary/adsprpc/src/adsprpcd.c:34:adsp daemon unload
01-01 00:01:04.636   429   429 E adsprpc : vendor/qcom/proprietary/adsprpc/src/fastrpc_apps_user.c:664:exit:
01-01 00:01:04.636   429   429 E adsprpc : vendor/qcom/proprietary/adsprpc/src/adsprpcd.c:41:adsp daemon sleeping for 25ms
01-01 00:01:04.650   442   442 I Netd    : Netd 1.0 starting
01-01 00:01:04.657   442   442 D TetherController: Setting IP forward enable = 0
01-01 00:01:04.661   465   465 D QC-time-services: Daemon:Open File: /data/time/ats_1
01-01 00:01:04.661   465   465 D QC-time-services: Daemon:Unable to open filefor read
01-01 00:01:04.661   465   465 D QC-time-services: Daemon:genoff_post_init:Error in accessing storage
01-01 00:01:04.661   465   465 D QC-time-services: Daemon:genoff_pre_init::Base = 2
01-01 00:01:04.661   465   465 D QC-time-services: Daemon: Storage Name: ats_2 
01-01 00:01:04.661   465   465 D QC-time-services: Daemon:Opening File: /persist/time/ats_2 /data/time/ats_2
01-01 00:01:04.661   465   465 D QC-time-services: Daemon:time_persistent_memory_opr:Genoff Read operation 
01-01 00:01:04.661   465   465 D QC-time-services: Daemon:Open File: /data/time/ats_2
01-01 00:01:04.661   465   465 D QC-time-services: Daemon:Unable to open filefor read
01-01 00:01:04.661   465   465 D QC-time-services: Daemon:genoff_post_init:Error in accessing storage
01-01 00:01:04.661   465   465 D QC-time-services: Daemon:genoff_pre_init::Base = 3
01-01 00:01:04.661   465   465 D QC-time-services: Daemon: Storage Name: ats_3 
01-01 00:01:04.661   465   465 D QC-time-services: Daemon:Opening File: /persist/time/ats_3 /data/time/ats_3
01-01 00:01:04.661   465   465 D QC-time-services: Daemon:time_persistent_memory_opr:Genoff Read operation 
01-01 00:01:04.661   465   465 D QC-time-services: Daemon:Open File: /data/time/ats_3
01-01 00:01:04.661   465   465 D QC-time-services: Daemon:Unable to open filefor read
01-01 00:01:04.661   465   465 D QC-time-services: Daemon:genoff_post_init:Error in accessing storage
01-01 00:01:04.661   465   465 D QC-time-services: Daemon:genoff_pre_init::Base = 4
01-01 00:01:04.661   465   465 D QC-time-services: Daemon: Storage Name: ats_4 
01-01 00:01:04.661   465   465 D QC-time-services: Daemon:Opening File: /persist/time/ats_4 /data/time/ats_4
01-01 00:01:04.661   465   465 D QC-time-services: Daemon:time_persistent_memory_opr:Genoff Read operation 
01-01 00:01:04.661   465   465 D QC-time-services: Daemon:Open File: /data/time/ats_4
01-01 00:01:04.661   465   465 D QC-time-services: Daemon:Unable to open filefor read
01-01 00:01:04.661   465   465 D QC-time-services: Daemon:genoff_post_init:Error in accessing storage
01-01 00:01:04.661   465   465 D QC-time-services: Daemon:genoff_pre_init::Base = 5
01-01 00:01:04.661   465   465 D QC-time-services: Daemon: Storage Name: ats_5 
01-01 00:01:04.661   465   465 D QC-time-services: Daemon:Opening File: /persist/time/ats_5 /data/time/ats_5
01-01 00:01:04.661   465   465 D QC-time-services: Daemon:time_persistent_memory_opr:Genoff Read operation 
01-01 00:01:04.661   465   465 D QC-time-services: Daemon:Open File: /data/time/ats_5
01-01 00:01:04.661   465   465 D QC-time-services: Daemon:Unable to open filefor read
01-01 00:01:04.661   465   465 D QC-time-services: Daemon:genoff_post_init:Error in accessing storage
01-01 00:01:04.661   465   465 D QC-time-services: Daemon:genoff_pre_init::Base = 6
01-01 00:01:04.661   465   465 D QC-time-services: Daemon: Storage Name: ats_6 
01-01 00:01:04.661   465   465 D QC-time-services: Daemon:Opening File: /persist/time/ats_6 /data/time/ats_6
01-01 00:01:04.661   465   465 D QC-time-services: Daemon:time_persistent_memory_opr:Genoff Read operation 
01-01 00:01:04.661   465   465 D QC-time-services: Daemon:Open File: /data/time/ats_6
01-01 00:01:04.661   465   465 D QC-time-services: Daemon:Unable to open filefor read
01-01 00:01:04.661   465   465 D QC-time-services: Daemon:genoff_post_init:Error in accessing storage
01-01 00:01:04.661   465   465 D QC-time-services: Daemon:genoff_pre_init::Base = 7
01-01 00:01:04.661   465   465 D QC-time-services: Daemon: Storage Name: ats_7 
01-01 00:01:04.661   465   465 D QC-time-services: Daemon:Opening File: /persist/time/ats_7 /data/time/ats_7
01-01 00:01:04.661   465   465 D QC-time-services: Daemon:time_persistent_memory_opr:Genoff Read operation 
01-01 00:01:04.661   465   465 D QC-time-services: Daemon:Open File: /data/time/ats_7
