02-27 00:01:06.366   433   433 D audio_hw_primary: adev_open_output_stream: enter: sample_rate(48000) channel_mask(0x3) devices(0x2) flags(0x104)        stream_handle(0xf55a9380)
02-27 00:01:06.366   433   433 D audio_hw_primary: adev_open_output_stream: Stream (0xf55a9380) picks up usecase (audio-ull-playback)
02-27 00:01:06.366   433   433 I AudioFlinger: HAL output buffer size 192 frames, normal sink buffer size 960 frames
02-27 00:01:06.366   433  1025 I AudioFlinger: AudioFlinger's thread 0xf4b93a80 ready to run
02-27 00:01:06.366   433  1025 W BatteryNotifier: batterystats service unavailable!
02-27 00:01:06.366   433  1025 D audio_hw_primary: out_set_parameters: enter: usecase(12: audio-ull-playback) kvpairs: routing=2
02-27 00:01:06.366   433  1025 D audio_hw_primary: is_boot_not_completed: sys.boot_completed = 0
02-27 00:01:06.366   433  1025 D audio_hw_primary: get_headset_state: headset state 0
02-27 00:01:06.366   433  1025 D audio_hw_primary: out_standby: enter: stream (0xf55a9380) usecase(12: audio-ull-playback)
02-27 00:01:06.367   433  1025 W BatteryNotifier: batterystats service unavailable!
02-27 00:01:06.367   433  1025 W BatteryNotifier: batterystats service unavailable!
02-27 00:01:06.367   433  1025 W AudioFlinger: no wake lock to update, system not ready yet
02-27 00:01:06.367   433   433 I AudioFlinger: openOutput(), module 10 Device 2, SamplingRate 48000, Format 0x000001, Channels 3, flags 8
02-27 00:01:06.367   433   433 D audio_hw_primary: adev_open_output_stream: enter: sample_rate(48000) channel_mask(0x3) devices(0x2) flags(0x8)        stream_handle(0xf55a9500)
02-27 00:01:06.367   433   433 D audio_hw_primary: adev_open_output_stream: Stream (0xf55a9500) picks up usecase (deep-buffer-playback)
02-27 00:01:06.367   433   433 I AudioFlinger: HAL output buffer size 1920 frames, normal sink buffer size 1920 frames
02-27 00:01:06.367   433  1026 I AudioFlinger: AudioFlinger's thread 0xf4803100 ready to run
02-27 00:01:06.367   433  1026 W BatteryNotifier: batterystats service unavailable!
02-27 00:01:06.367   433  1026 D audio_hw_primary: out_standby: enter: stream (0xf55a9500) usecase(0: deep-buffer-playback)
02-27 00:01:06.368   433  1026 W BatteryNotifier: batterystats service unavailable!
02-27 00:01:06.368   433  1026 W BatteryNotifier: batterystats service unavailable!
02-27 00:01:06.368   433  1026 D audio_hw_primary: out_set_parameters: enter: usecase(0: deep-buffer-playback) kvpairs: routing=2
02-27 00:01:06.368   433  1026 D audio_hw_primary: is_boot_not_completed: sys.boot_completed = 0
02-27 00:01:06.368   433  1026 D audio_hw_primary: get_headset_state: headset state 0
02-27 00:01:06.368   433  1026 W AudioFlinger: no wake lock to update, system not ready yet
02-27 00:01:06.368   433   433 I AudioFlinger: openOutput(), module 10 Device 10000, SamplingRate 48000, Format 0x000001, Channels 3, flags 0
02-27 00:01:06.368   433   433 D audio_hw_primary: adev_open_output_stream: enter: sample_rate(48000) channel_mask(0x3) devices(0x10000) flags(0)        stream_handle(0xf55a9680)
02-27 00:01:06.368   433   433 D audio_hw_primary: adev_open_output_stream: Stream (0xf55a9680) picks up usecase (afe-proxy-playback)
02-27 00:01:06.368   433   433 I AudioFlinger: HAL output buffer size 768 frames, normal sink buffer size 1152 frames
02-27 00:01:06.368   433  1028 I AudioFlinger: AudioFlinger's thread 0xf4683940 ready to run
02-27 00:01:06.369   433  1028 W BatteryNotifier: batterystats service unavailable!
02-27 00:01:06.369   433  1028 D audio_hw_primary: out_standby: enter: stream (0xf55a9680) usecase(38: afe-proxy-playback)
02-27 00:01:06.369   433  1028 W BatteryNotifier: batterystats service unavailable!
02-27 00:01:06.369   433  1028 W BatteryNotifier: batterystats service unavailable!
02-27 00:01:06.369   433  1028 D audio_hw_primary: out_set_parameters: enter: usecase(38: afe-proxy-playback) kvpairs: routing=65536
02-27 00:01:06.369   433  1028 D audio_hw_primary: is_boot_not_completed: sys.boot_completed = 0
02-27 00:01:06.369   433  1028 D audio_hw_primary: get_headset_state: headset state 0
02-27 00:01:06.369   433  1028 W AudioFlinger: no wake lock to update, system not ready yet
02-27 00:01:06.369   433   433 D audio_hw_primary: adev_open_input_stream: enter: sample_rate(48000) channel_mask(0xc) devices(0x80002000)        stream_handle(0xf5a50980) io_handle(14) source(1)
02-27 00:01:06.369   433   433 E audio_hw_extn: audio_extn_perf_lock_init: Perf lock handles Success 
02-27 00:01:06.370   433  1029 I AudioFlinger: AudioFlinger's thread 0xf4383980 ready to run
02-27 00:01:06.370   433   433 D audio_hw_primary: adev_close_input_stream: enter:stream_handle(0xf5a50980)
02-27 00:01:06.370   433   433 D audio_hw_primary: in_standby: enter: stream (0xf5a50980) usecase(16: audio-record)
02-27 00:01:06.370   433   433 D audio_hw_primary: adev_open_input_stream: enter: sample_rate(48000) channel_mask(0xfc) devices(0x80000004)        stream_handle(0xf5a50980) io_handle(22) source(1)
02-27 00:01:06.370   433   433 D audio_hw_primary: adev_open_input_stream: updated params, return error for retry channel mask (0xc)
02-27 00:01:06.370   433   433 D audio_hw_primary: adev_open_input_stream: enter: sample_rate(48000) channel_mask(0xc) devices(0x80000004)        stream_handle(0xf5a50980) io_handle(22) source(1)
02-27 00:01:06.370   433  1030 I AudioFlinger: AudioFlinger's thread 0xf4383500 ready to run
02-27 00:01:06.370   433   433 D audio_hw_primary: adev_close_input_stream: enter:stream_handle(0xf5a50980)
02-27 00:01:06.370   433   433 D audio_hw_primary: in_standby: enter: stream (0xf5a50980) usecase(16: audio-record)
02-27 00:01:06.370   433   433 D audio_hw_primary: adev_open_input_stream: enter: sample_rate(48000) channel_mask(0xc) devices(0x80000040)        stream_handle(0xf5a50980) io_handle(30) source(1)
02-27 00:01:06.370   433   433 D audio_hw_primary: adev_open_input_stream: enter: sample_rate(48000) channel_mask(0xc) devices(0x80000040)        stream_handle(0xf5a50980) io_handle(30) source(1)
02-27 00:01:06.370   433   433 W APM_AudioPolicyManager: Cannot open input stream for device 80000040 on hw module primary
02-27 00:01:06.376   433   433 I bt_a2dp_hw: adev_open:  adev_open in A2dp_hw module
02-27 00:01:06.376   433   433 I AudioFlinger: loadHwModule() Loaded a2dp audio interface from A2DP Audio HW HAL (audio) handle 18
02-27 00:01:06.378   433   433 I AudioFlinger: loadHwModule() Loaded usb audio interface from USB audio HW HAL (audio) handle 26
02-27 00:01:06.379   433   433 I r_submix: adev_open(name=audio_hw_if)
02-27 00:01:06.379   433   433 I r_submix: adev_init_check()
02-27 00:01:06.379   433   433 I AudioFlinger: loadHwModule() Loaded r_submix audio interface from Wifi Display audio HAL (audio) handle 34
02-27 00:01:06.379   433   433 D r_submix: adev_open_input_stream(addr=0)
02-27 00:01:06.379   433   433 D r_submix: submix_audio_device_create_pipe_l(addr=0, idx=9)
02-27 00:01:06.379   433   433 D r_submix:   now using address 0 for route 9
02-27 00:01:06.380   433  1031 I AudioFlinger: AudioFlinger's thread 0xf4383880 ready to run
02-27 00:01:06.380   433   433 D r_submix: adev_close_input_stream()
02-27 00:01:06.380   433   433 D r_submix: submix_audio_device_release_pipe_l(idx=9) addr=0
02-27 00:01:06.380   433   433 D r_submix: submix_audio_device_destroy_pipe_l(): pipe destroyed
02-27 00:01:06.380   433   433 D AudioPolicyManagerCustom: USE_XML_AUDIO_POLICY_CONF is TRUE
02-27 00:01:06.380   433   433 D AudioPolicyManagerCustom: voice_conc:picked up flag(0x8) from prop voice.conc.fallbackpath
02-27 00:01:06.381   433   433 I RadioService: RadioService
02-27 00:01:06.381   433   433 I RadioService: onFirstRef
02-27 00:01:06.381   433   433 E RadioService: couldn't load radio module radio.primary (No such file or directory)
02-27 00:01:06.381   433   433 D sound_trigger_hw: stdev_open: Enter
02-27 00:01:06.381   433   433 I sound_trigger_platform: platform_stdev_init: Enter
02-27 00:01:06.457   433   433 D sound_trigger_platform: platform_stdev_set_config:rx_concurrency_disabled = 1
02-27 00:01:06.457   433   433 D sound_trigger_platform: platform_stdev_set_config:rx_conc_max_st_ses = 1
02-27 00:01:06.458   433   433 I sound_trigger_platform: platform_stdev_init: acdb_init: msm8976-skun-snd-card
02-27 00:01:06.458   433   433 D ACDB-LOADER: ACDB -> already initialized, exit
02-27 00:01:06.458   433   433 D sound_trigger_platform: platform_stdev_init Opening device /dev/snd/hwC0D1000
02-27 00:01:06.458   433   433 D sound_trigger_platform: get_codec_version: codec version 
02-27 00:01:06.458   433   433 I sound_trigger_hw: stdev_get_properties
02-27 00:01:06.458   433   433 I SoundTriggerHwService: loaded default module Sound Trigger HAL, handle 1
02-27 00:01:06.790   405   405 E         : qmi_dms_get_bt_address: addr_resp.mac_address_valid 0 addr_resp.mac_address_len 0 
02-27 00:01:06.843   426   474 I ThermalEngine: qmi: Instance id 157 for fusion TS
02-27 00:01:06.844   426   446 I ThermalEngine: MODEM thermal mitigation available.
02-27 00:01:06.844   426   446 I ThermalEngine: ACTION: MODEM - Pending request: pa mitigation succeeded for level 0.
02-27 00:01:06.844   426   446 I ThermalEngine: Mitigation:Modem:0
02-27 00:01:06.844   426   446 I ThermalEngine: ACTION: MODEM - Pending request: cpuv_restriction_cold mitigation succeeded for level 0.
02-27 00:01:06.844   426   446 I ThermalEngine: Mitigation:VDD[MODEM-cpuv_restriction_cold]:0
02-27 00:01:06.844   426   446 D ThermalEngine: qmi_register: cx_vdd_limit not supported for clnt MODEM
02-27 00:01:06.845   426   446 I ThermalEngine: ACTION: MODEM - Pending request: modem mitigation succeeded for level 0.
02-27 00:01:06.845   426   446 I ThermalEngine: Mitigation:VDD[MODEM-modem]:0
02-27 00:01:06.845   426   446 I ThermalEngine: ACTION: MODEM - Pending request: modem_current mitigation succeeded for level 0.
02-27 00:01:06.845   426   446 I ThermalEngine: Mitigation:VDD[MODEM-modem_current]:0
02-27 00:01:06.871   443   607 E QMI_FW  : xport_send: Sendto failed for port 15104
02-27 00:01:06.871   443   607 E QMI_FW  : QCCI qmi_cci_flush_tx_q: Error sending TXN: svc_id: 29 txn_id: 1 msg_id: 45
02-27 00:01:06.871   443   607 E QMI_FW  : xport_send: Sendto failed for port 15104
02-27 00:01:06.871   443   607 E QMI_FW  : QCCI qmi_cci_flush_tx_q: Error sending TXN: svc_id: 29 txn_id: 2 msg_id: 32
02-27 00:01:06.892   600   642 E QMI_FW  : xport_send: Sendto failed for port 15104
02-27 00:01:06.892   600   642 E QMI_FW  : QCCI qmi_cci_flush_tx_q: Error sending TXN: svc_id: 29 txn_id: 1 msg_id: 45
02-27 00:01:06.892   600   642 E QMI_FW  : xport_send: Sendto failed for port 15104
02-27 00:01:06.892   600   642 E QMI_FW  : QCCI qmi_cci_flush_tx_q: Error sending TXN: svc_id: 29 txn_id: 2 msg_id: 32
02-27 00:01:06.987  1382  1382 I libmdmdetect: ESOC framework not supported
02-27 00:01:06.987  1382  1382 I libmdmdetect: Found internal modem: modem
02-27 00:01:06.989  1382  1382 D LocSvc_LBSProxy: static bool lbs_core::LBSProxy::checkIfLocationExtendedClientExists()] File Exists
02-27 00:01:06.989  1382  1382 D LocSvc_LBSProxy: static bool lbs_core::LBSProxy::checkIfNativeXtraClientExists()] XTRA Client 2.0 Exist
02-27 00:01:06.990  1382  1382 D LocSvc_utils_cfg: D/loc_read_conf: using /etc/gps.conf
02-27 00:01:06.990  1382  1382 D LocSvc_utils_cfg: D/int loc_read_conf_r(FILE *, const loc_param_s_type *, uint32_t):283]: num_params: 1
02-27 00:01:06.990  1382  1382 D LocSvc_utils_cfg: D/loc_set_config_entry: PARAM DEBUG_LEVEL = 3
02-27 00:01:06.990  1382  1382 D LocSvc_utils_cfg: D/int loc_read_conf_r(FILE *, const loc_param_s_type *, uint32_t):283]: num_params: 2
02-27 00:01:06.990  1382  1382 D LocSvc_utils_cfg: D/loc_set_config_entry: PARAM DEBUG_LEVEL = 3
02-27 00:01:06.990  1382  1382 D LocSvc_utils_cfg: D/int loc_read_conf_r(FILE *, const loc_param_s_type *, uint32_t):287]: fgets returned NULL
02-27 00:01:06.993  1382  1382 I slim_daemon: [QMISLIM] slim_QSQmiSvcTask_Init: QMI-SLIM Service Task Initialized
02-27 00:01:06.994  1382  1382 E         : E/open failed: /dev/mdm: No such file or directory
02-27 00:01:06.995  1382  1382 I slim_daemon: [QMISLIM] QSQmiSvcTaskSvcCb_Open: Forwarding open request: flags=2 client_id=2 peer=1
02-27 00:01:06.995  1382  1382 I slim_daemon: [QMISLIM] slim_QSQmiSvcTask_HandleIpc: IPC_SLIM_QS_TO_TASK_SLIM_CALLBACK_MSG
02-27 00:01:06.995  1382  1518 E         : E/open failed: /dev/mdm: No such file or directory
02-27 00:01:06.995  1382  1518 E LocSvc_api_v02: I/locClientOpen:1902]: Service instance id is -1
02-27 00:01:06.995  1382  1518 E LocSvc_api_v02: I/---> locClientOpenInstance line 1782 loc client open
02-27 00:01:06.995  1382  1518 I libmdmdetect: ESOC framework not supported
02-27 00:01:06.995  1382  1518 I libmdmdetect: Found internal modem: modem
02-27 00:01:06.996  1382  1518 E Diag_Lib:  Diag_LSM_Init: Failed to open handle to diag driver, error = 13
02-27 00:01:06.996  1382  1513 E slim_daemon: [NDK] bindNDKSensors: Sensor server is unavailable.
02-27 00:01:07.000  1382  1518 E LocSvc_api_v02: I/---> locClientSendReq line 2059 QMI_LOC_REG_EVENTS_REQ_V02
02-27 00:01:07.003  1382  1518 E LocSvc_api_v02: I/---> locClientSupportMsgCheck line 2177 QMI_LOC_GET_SUPPORTED_MSGS_REQ_V02
02-27 00:01:07.004  1382  1518 E LocSvc_api_v02: I/---> locClientSendReq line 2059 QMI_LOC_QUERY_AON_CONFIG_REQ_V02
02-27 00:01:07.004  1382  1537 E LocSvc_ApiV02: I/<--- void globalRespCb(locClientHandleType, uint32_t, const locClientRespIndUnionType, uint32_t, void *) line 133 QMI_LOC_QUERY_AON_CONFIG_REQ_V02
02-27 00:01:07.004  1382  1518 E LocSvc_api_v02: I/---> locClientSendReq line 2059 QMI_LOC_GET_SUPPORTED_FEATURE_REQ_V02
02-27 00:01:07.004  1382  1518 E LocSvc_api_v02: I/---> locClientSendReq line 2059 QMI_LOC_GET_SUPPORTED_FEATURE_REQ_V02
02-27 00:01:07.004  1382  1518 E LocSvc_api_v02: I/---> locClientSendReq line 2059 QMI_LOC_GET_SUPPORTED_FEATURE_REQ_V02
02-27 00:01:07.004  1382  1518 E LocSvc_api_v02: I/---> locClientSendReq line 2059 QMI_LOC_GET_SUPPORTED_FEATURE_REQ_V02
02-27 00:01:07.004  1382  1518 E LocSvc_api_v02: I/---> locClientSendReq line 2059 QMI_LOC_GET_SUPPORTED_FEATURE_REQ_V02
02-27 00:01:07.005  1382  1518 E LocSvc_api_v02: I/---> locClientSendReq line 2059 QMI_LOC_GET_SUPPORTED_FEATURE_REQ_V02
02-27 00:01:07.005  1382  1518 E LocSvc_ApiV02: E/virtual enum loc_api_adapter_err LocApiV02::open(LOC_API_ADAPTER_EVENT_MASK_T):374:11]: Failed to get features supported from QMI_LOC_GET_SUPPORTED_FEATURE_REQ_V02. 
02-27 00:01:07.005  1382  1518 E LocSvc_api_v02: I/---> locClientSendReq line 2059 QMI_LOC_SET_PREMIUM_SERVICES_CONFIG_REQ_V02
02-27 00:01:07.006  1382  1537 E LocSvc_ApiV02: I/<--- void globalRespCb(locClientHandleType, uint32_t, const locClientRespIndUnionType, uint32_t, void *) line 133 QMI_LOC_SET_PREMIUM_SERVICES_CONFIG_REQ_V02
02-27 00:01:07.006  1382  1518 E LocSvc_api_v02: I/---> locClientSendReq line 2059 QMI_LOC_SET_PREMIUM_SERVICES_CONFIG_REQ_V02
02-27 00:01:07.006  1382  1537 E QMI_FW  : QCCI qmi_cci_xport_recv: txn not found. svc_id: 16
02-27 00:01:07.006  1382  1518 E LocSvc_LBSApiV02: E/virtual void lbs_core::LBSApiV02::injectFeatureConfig(e_premium_mode, e_premium_mode, e_premium_mode):706]: Error : st = 3, ind.status = 0
02-27 00:01:07.006  1382  1518 E LocSvc_api_v02: I/---> locClientSendReq line 2059 QMI_LOC_SET_PREMIUM_SERVICES_CONFIG_REQ_V02
02-27 00:01:07.008  1382  1537 E LocSvc_ApiV02: I/<--- void globalRespCb(locClientHandleType, uint32_t, const locClientRespIndUnionType, uint32_t, void *) line 133 QMI_LOC_SET_PREMIUM_SERVICES_CONFIG_REQ_V02
02-27 00:01:07.008  1382  1518 E LocSvc_api_v02: I/---> locClientSendReq line 2059 QMI_LOC_REG_EVENTS_REQ_V02
02-27 00:01:07.111   443   744 V libsettings: [2e8]> static std::shared_ptr<CommandRegistry> QcSettingsD::CommandRegistry::getRegistry(const std::string &): remote
02-27 00:01:07.111   443   744 V libsettings: [2e8]< static std::shared_ptr<CommandRegistry> QcSettingsD::CommandRegistry::getRegistry(const std::string &): 
02-27 00:01:07.320   442   442 V NatController: runCmd(/system/bin/iptables -w -F natctrl_FORWARD) res=0
02-27 00:01:07.326   442   442 V NatController: runCmd(/system/bin/ip6tables -w -F natctrl_FORWARD) res=0
02-27 00:01:07.333   442   442 V NatController: runCmd(/system/bin/iptables -w -A natctrl_FORWARD -j DROP) res=0
02-27 00:01:07.339   442   442 V NatController: runCmd(/system/bin/iptables -w -t nat -F natctrl_nat_POSTROUTING) res=0
02-27 00:01:07.349   442   442 V NatController: runCmd(/system/bin/ip6tables -w -t raw -F natctrl_raw_PREROUTING) res=0
02-27 00:01:07.357   442   442 V NatController: runCmd(/system/bin/iptables -w -F natctrl_tether_counters) res=1
02-27 00:01:07.365   442   442 V NatController: runCmd(/system/bin/ip6tables -w -F natctrl_tether_counters) res=1
02-27 00:01:07.371   442   442 V NatController: runCmd(/system/bin/iptables -w -X natctrl_tether_counters) res=1
02-27 00:01:07.377   442   442 V NatController: runCmd(/system/bin/ip6tables -w -X natctrl_tether_counters) res=1
02-27 00:01:07.387   442   442 V NatController: runCmd(/system/bin/iptables -w -N natctrl_tether_counters) res=0
02-27 00:01:07.394   442   442 V NatController: runCmd(/system/bin/ip6tables -w -N natctrl_tether_counters) res=0
02-27 00:01:07.402   442   442 V NatController: runCmd(/system/bin/iptables -w -t mangle -A natctrl_mangle_FORWARD -p tcp --tcp-flags SYN SYN -j TCPMSS --clamp-mss-to-pmtu) res=1
02-27 00:01:07.408   431   431 E Xposed  : Not found /data/user_de/0/de.robv.android.xposed.installer/conf/enabled, not loading Xposed
02-27 00:01:07.411   431   431 D AndroidRuntime: >>>>>> START com.android.internal.os.ZygoteInit uid 0 <<<<<<
02-27 00:01:07.436   431   431 D AndroidRuntime: CheckJNI is OFF
02-27 00:01:07.446   431   431 I art     : option[0]=-Xzygote
02-27 00:01:07.446   431   431 I art     : option[1]=-Xstacktracefile:/data/anr/traces.txt
02-27 00:01:07.446   431   431 I art     : option[2]=exit
02-27 00:01:07.446   431   431 I art     : option[3]=vfprintf
02-27 00:01:07.446   431   431 I art     : option[4]=sensitiveThread
02-27 00:01:07.446   431   431 I art     : option[5]=-verbose:gc
02-27 00:01:07.446   431   431 I art     : option[6]=-Xms8m
02-27 00:01:07.446   431   431 I art     : option[7]=-Xmx768m
02-27 00:01:07.446   431   431 I art     : option[8]=-XX:HeapGrowthLimit=288m
02-27 00:01:07.446   431   431 I art     : option[9]=-XX:HeapMinFree=512k
02-27 00:01:07.446   431   431 I art     : option[10]=-XX:HeapMaxFree=8m
02-27 00:01:07.446   431   431 I art     : option[11]=-XX:HeapTargetUtilization=0.75
02-27 00:01:07.446   431   431 I art     : option[12]=-Xusejit:true
02-27 00:01:07.446   431   431 I art     : option[13]=-Xjitsaveprofilinginfo
02-27 00:01:07.446   431   431 I art     : option[14]=-agentlib:jdwp=transport=dt_android_adb,suspend=n,server=y
02-27 00:01:07.446   431   431 I art     : option[15]=-Xlockprofthreshold:500
02-27 00:01:07.446   431   431 I art     : option[16]=-Ximage-compiler-option
02-27 00:01:07.446   431   431 I art     : option[17]=--runtime-arg
02-27 00:01:07.446   431   431 I art     : option[18]=-Ximage-compiler-option
02-27 00:01:07.446   431   431 I art     : option[19]=-Xms64m
02-27 00:01:07.446   431   431 I art     : option[20]=-Ximage-compiler-option
02-27 00:01:07.446   431   431 I art     : option[21]=--runtime-arg
02-27 00:01:07.446   431   431 I art     : option[22]=-Ximage-compiler-option
02-27 00:01:07.446   431   431 I art     : option[23]=-Xmx64m
02-27 00:01:07.446   431   431 I art     : option[24]=-Ximage-compiler-option
02-27 00:01:07.446   431   431 I art     : option[25]=--image-classes=/system/etc/preloaded-classes
02-27 00:01:07.446   431   431 I art     : option[26]=-Ximage-compiler-option
02-27 00:01:07.446   431   431 I art     : option[27]=--compiled-classes=/system/etc/compiled-classes
02-27 00:01:07.446   431   431 I art     : option[28]=-Xcompiler-option
02-27 00:01:07.446   431   431 I art     : option[29]=--runtime-arg
02-27 00:01:07.446   431   431 I art     : option[30]=-Xcompiler-option
02-27 00:01:07.446   431   431 I art     : option[31]=-Xms64m
02-27 00:01:07.446   431   431 I art     : option[32]=-Xcompiler-option
02-27 00:01:07.446   431   431 I art     : option[33]=--runtime-arg
02-27 00:01:07.446   431   431 I art     : option[34]=-Xcompiler-option
02-27 00:01:07.446   431   431 I art     : option[35]=-Xmx512m
02-27 00:01:07.446   431   431 I art     : option[36]=-Ximage-compiler-option
02-27 00:01:07.446   431   431 I art     : option[37]=--instruction-set-variant=generic
02-27 00:01:07.446   431   431 I art     : option[38]=-Xcompiler-option
02-27 00:01:07.446   431   431 I art     : option[39]=--instruction-set-variant=generic
02-27 00:01:07.446   431   431 I art     : option[40]=-Ximage-compiler-option
02-27 00:01:07.446   431   431 I art     : option[41]=--instruction-set-features=default
02-27 00:01:07.446   431   431 I art     : option[42]=-Xcompiler-option
02-27 00:01:07.446   431   431 I art     : option[43]=--instruction-set-features=default
02-27 00:01:07.446   431   431 I art     : option[44]=-Duser.locale=zh-CN
02-27 00:01:07.446   431   431 I art     : option[45]=--cpu-abilist=arm64-v8a
02-27 00:01:07.446   431   431 I art     : option[46]=-Xfingerprint:360/QK1605/QK1605:7.1.1/NMF26F/7.0.043.PX.170727.360_360_QK1605_CN:user/release-keys
02-27 00:01:07.501   565   923 E Sensors : sns_smr_util.c(106):Unable to initialize service 304 with QCCI, timed out (2000 ms)
02-27 00:01:07.501   565   923 E Sensors : sns_acm_mr.c(528):Error getting info for service 48
02-27 00:01:07.501   565   926 E Sensors : sns_smr_util.c(106):Unable to initialize service 307 with QCCI, timed out (2000 ms)
02-27 00:01:07.501   565   926 E Sensors : sns_acm_mr.c(528):Error getting info for service 51
02-27 00:01:07.501   565   928 E Sensors : sns_smr_util.c(106):Unable to initialize service 309 with QCCI, timed out (2000 ms)
02-27 00:01:07.501   565   928 E Sensors : sns_acm_mr.c(528):Error getting info for service 53
02-27 00:01:07.501   565   927 E Sensors : sns_smr_util.c(106):Unable to initialize service 308 with QCCI, timed out (2000 ms)
02-27 00:01:07.501   565   927 E Sensors : sns_acm_mr.c(528):Error getting info for service 52
02-27 00:01:07.501   565   929 E Sensors : sns_smr_util.c(106):Unable to initialize service 310 with QCCI, timed out (2000 ms)
02-27 00:01:07.501   565   929 E Sensors : sns_acm_mr.c(528):Error getting info for service 54
02-27 00:01:07.501   565   931 E Sensors : sns_smr_util.c(106):Unable to initialize service 312 with QCCI, timed out (2000 ms)
02-27 00:01:07.501   565   931 E Sensors : sns_acm_mr.c(528):Error getting info for service 56
02-27 00:01:07.502   565   932 E Sensors : sns_smr_util.c(106):Unable to initialize service 313 with QCCI, timed out (2000 ms)
02-27 00:01:07.502   565   932 E Sensors : sns_acm_mr.c(528):Error getting info for service 57
02-27 00:01:07.502   565   930 E Sensors : sns_smr_util.c(106):Unable to initialize service 311 with QCCI, timed out (2000 ms)
02-27 00:01:07.502   565   930 E Sensors : sns_acm_mr.c(528):Error getting info for service 55
02-27 00:01:07.503   565  2200 E Sensors : sns_debug_main.c(544):Debug Config File missing in EFS!
02-27 00:01:07.519   457   457 I cnss-daemon: RTM_NEWROUTE Indication
02-27 00:01:07.519   457   457 I cnss-daemon: RTM_NEWROUTE Indication
02-27 00:01:07.519   457   457 I cnss-daemon: RTM_NEWROUTE Indication
02-27 00:01:07.520   457   457 I cnss-daemon: RTM_NEWROUTE Indication
02-27 00:01:07.520   457   457 I cnss-daemon: RTM_NEWROUTE Indication
02-27 00:01:07.521   442   442 D MDnsDS  : MDnsSdListener::Hander starting up
02-27 00:01:07.521   442  2231 D MDnsDS  : MDnsSdListener starting to monitor
02-27 00:01:07.521   442  2231 D MDnsDS  : Going to poll with pollCount 1
02-27 00:01:07.530   464   952 I mm-camera: <MCT   >< INFO> 4559: mct_pipeline_start_session_thread: Module stats start_session rc = 1
02-27 00:01:07.530   464   952 I mm-camera: <MCT   >< INFO> 4567: mct_pipeline_start_session_thread: started_num = 6, success = 5
02-27 00:01:07.530   464   952 I mm-camera: <MCT   >< INFO> 4574: mct_pipeline_start_session_thread: X stats
02-27 00:01:07.530   464   464 E mm-camera: <MCT   ><ERROR> 4713: mct_pipeline_start_session: start_session did not succeed on all modules
02-27 00:01:07.530   464   464 E mm-camera: <MCT   ><ERROR> 73: mct_controller_new: Start session failed with status -1
02-27 00:01:07.530   464   464 I mm-camera: <MCT   >< INFO> 4627: mct_pipeline_stop_session: Initiating stop_session on session 1
02-27 00:01:07.530   464   464 E mm-camera: <MCT   ><ERROR> 767: mct_pipeline_unmap_parm: Cannot find session stream
02-27 00:01:07.530   464   464 E mm-camera: <MCT   ><ERROR> 4429: mct_pipeline_stop_stream_internal: stream unmap_parm failed
02-27 00:01:07.531   464  2250 I mm-camera: <MCT   >< INFO> 4361: mct_pipeline_stop_session_thread: Stop module name: iface - E
02-27 00:01:07.531   464  2249 I mm-camera: <MCT   >< INFO> 4361: mct_pipeline_stop_session_thread: Stop module name: sensor - E
02-27 00:01:07.531   464  2249 E mm-camera: <SENSOR><ERROR> 1364: module_sensor_stop_session: failed NULL pointer detected s_list
02-27 00:01:07.531   464  2249 E mm-camera: <MCT   ><ERROR> 4367: mct_pipeline_stop_session_thread: Failed to stop module name: sensor
02-27 00:01:07.531   464  2249 I mm-camera: <MCT   >< INFO> 4369: mct_pipeline_stop_session_thread: Stop module name: sensor - X
02-27 00:01:07.531   464  2251 I mm-camera: <MCT   >< INFO> 4361: mct_pipeline_stop_session_thread: Stop module name: isp - E
02-27 00:01:07.531   464  2251 I mm-camera: <ISP   >< INFO> 487: isp_module_stop_session: session id 1
02-27 00:01:07.531   464  2253 I mm-camera: <MCT   >< INFO> 4361: mct_pipeline_stop_session_thread: Stop module name: stats - E
02-27 00:01:07.531   464  2250 I mm-camera: <MCT   >< INFO> 4369: mct_pipeline_stop_session_thread: Stop module name: iface - X
02-27 00:01:07.531   464  2253 E mm-camera: <STATS_AF ><ERROR> 104: af_port_dummy_destroy: Uninitialized interface been use
02-27 00:01:07.532   464  2253 E mm-camera: <STATS_AWB ><ERROR> 118: awb_port_dummy_deinit: Error: Uninitialized interface been use
02-27 00:01:07.532   464  2256 I mm-camera: <MCT   >< INFO> 4361: mct_pipeline_stop_session_thread: Stop module name: pproc - E
02-27 00:01:07.532   464  2253 E mm-camera: <STATS_AEC ><ERROR> 159: aec_port_dummy_destroy: Error: Uninitialized interface been use
02-27 00:01:07.532   464  2251 I mm-camera: <MCT   >< INFO> 4369: mct_pipeline_stop_session_thread: Stop module name: isp - X
02-27 00:01:07.533   464  2256 I mm-camera: <MCT   >< INFO> 4369: mct_pipeline_stop_session_thread: Stop module name: pproc - X
02-27 00:01:07.533   464  2253 I mm-camera: <MCT   >< INFO> 4369: mct_pipeline_stop_session_thread: Stop module name: stats - X
02-27 00:01:07.533   464  2258 I mm-camera: <MCT   >< INFO> 4361: mct_pipeline_stop_session_thread: Stop module name: imglib - E
02-27 00:01:07.533   464   464 I mm-camera: <MCT   >< INFO> 4649: mct_pipeline_stop_session: Modules left: 5
02-27 00:01:07.533   464   464 I mm-camera: <MCT   >< INFO> 4649: mct_pipeline_stop_session: Modules left: 4
02-27 00:01:07.533   464   464 I mm-camera: <MCT   >< INFO> 4649: mct_pipeline_stop_session: Modules left: 3
02-27 00:01:07.533   464   464 I mm-camera: <MCT   >< INFO> 4649: mct_pipeline_stop_session: Modules left: 2
02-27 00:01:07.533   464   464 I mm-camera: <MCT   >< INFO> 4649: mct_pipeline_stop_session: Modules left: 1
02-27 00:01:07.533   464  2258 I mm-camera: <MCT   >< INFO> 4369: mct_pipeline_stop_session_thread: Stop module name: imglib - X
02-27 00:01:07.533   464   464 I mm-camera: <MCT   >< INFO> 4649: mct_pipeline_stop_session: Modules left: 0
02-27 00:01:07.533   464   464 I mm-camera: <MCT   >< INFO> 4658: mct_pipeline_stop_session: Stopped session 1 successfully
02-27 00:01:07.533   464   464 E mm-camera: <MCT   ><ERROR> 525: main: New session [1] creation failed with error
02-27 00:01:07.533   464   464 E mm-camera: <MCT   ><ERROR> 645: main: main: camera daemon notify error
02-27 00:01:07.561   424  1018 D tftp_server: pid=424 tid=1018 tftp-server : DBG :[tftp_protocol.c, 1310] Success! No timeout detected on last ACK
02-27 00:01:07.561   424  1018 D tftp_server: pid=424 tid=1018 tftp-server : DBG :[tftp_server.c, 1267] WRQ stats : total-blocks = 1 : total-bytes = 5 : 5 timedout-pkts = 0, wrong-pkts = 0
02-27 00:01:07.561   424  1018 D tftp_server: pid=424 tid=1018 tftp-server : DBG :[tftp_server.c, 1283] WRQ was successfully processed.
02-27 00:01:07.561   424  1018 D tftp_server: pid=424 tid=1018 tftp-server : DBG :[tftp_server.c, 1514] WRQ stats in us:
02-27 00:01:07.561   424  1018 D tftp_server: pid=424 tid=1018 tftp-server : DBG :[tftp_server.c, 1515] Total API = 1555060
02-27 00:01:07.561   424  1018 D tftp_server: pid=424 tid=1018 tftp-server : DBG :[tftp_server.c, 1517] Total-TX = 74
02-27 00:01:07.561   424  1018 D tftp_server: pid=424 tid=1018 tftp-server : DBG :[tftp_server.c, 1519] Total-RX = 481
02-27 00:01:07.561   424  1018 D tftp_server: pid=424 tid=1018 tftp-server : DBG :[tftp_server.c, 1521] Max-TX = 44
02-27 00:01:07.561   424  1018 D tftp_server: pid=424 tid=1018 tftp-server : DBG :[tftp_server.c, 1523] Max-RX = 481
02-27 00:01:07.561   424  1018 D tftp_server: pid=424 tid=1018 tftp-server : DBG :[tftp_server.c, 1525] Min-TX = 30
02-27 00:01:07.561   424  1018 D tftp_server: pid=424 tid=1018 tftp-server : DBG :[tftp_server.c, 1527] Min-RX = 481
02-27 00:01:07.561   424  1018 D tftp_server: pid=424 tid=1018 tftp-server : DBG :[tftp_os_wakelocks_la.c, 334] Wake-lock released successfully
02-27 00:01:07.662   431   431 D ICU     : No timezone override file found: /data/misc/zoneinfo/current/icu/icu_tzdata.dat
02-27 00:01:07.836   431   431 I Radio-JNI: register_android_hardware_Radio DONE
02-27 00:01:07.845   431   431 I SamplingProfilerIntegration: Profiling disabled.
02-27 00:01:07.846   431   431 D Zygote  : begin preload
02-27 00:01:07.846   431   431 I Zygote  : Installing ICU cache reference pinning...
02-27 00:01:07.846   431   431 I Zygote  : Preloading ICU data...
02-27 00:01:07.894   431   431 I Zygote  : Preloading classes...
02-27 00:01:07.895   431   431 W Zygote  : Class not found for preloading: [Landroid.view.Display$ColorTransform;
02-27 00:01:07.996  1382  1513 E slim_daemon: [NDK] bindNDKSensors: Sensor server is unavailable.
02-27 00:01:08.139   431   431 E Typeface: Error mapping font file /system/fonts/DroidSansFallback.ttf
02-27 00:01:08.273   431   431 I MediaPlayer-JNI: Opened libextmedia_jni.so
02-27 00:01:08.275   431   431 I art     : Thread[1,tid=431,Native,Thread*=0x7f8d097a00,peer=0x12c070d0,"main"] recursive attempt to load library "/system/lib64/libmedia_jni.so"
02-27 00:01:08.276   431   431 D MtpDeviceJNI: register_android_mtp_MtpDevice
02-27 00:01:08.276   431   431 I art     : Thread[1,tid=431,Native,Thread*=0x7f8d097a00,peer=0x12c070d0,"main"] recursive attempt to load library "/system/lib64/libmedia_jni.so"
02-27 00:01:08.276   431   431 I art     : Thread[1,tid=431,Native,Thread*=0x7f8d097a00,peer=0x12c070d0,"main"] recursive attempt to load library "/system/lib64/libmedia_jni.so"
02-27 00:01:08.408   431   431 W Zygote  : Class not found for preloading: android.view.Display$ColorTransform
02-27 00:01:08.408   431   431 W Zygote  : Class not found for preloading: android.view.Display$ColorTransform$1
02-27 00:01:08.492   431   431 I System  : Loaded time zone names for "" in 25ms (24ms in ICU)
02-27 00:01:08.503   431   431 I System  : Loaded time zone names for "en_US" in 11ms (10ms in ICU)
02-27 00:01:08.516   431   431 I System  : Loaded time zone names for "zh_CN" in 12ms (11ms in ICU)
02-27 00:01:08.541   431   431 I Zygote  : ...preloaded 4161 classes in 647ms.
02-27 00:01:08.541   431   431 I art     : VMRuntime.preloadDexCaches starting
02-27 00:01:08.593   431   431 I art     : VMRuntime.preloadDexCaches strings total=289193 before=37279 after=37279
02-27 00:01:08.593   431   431 I art     : VMRuntime.preloadDexCaches types total=23908 before=7946 after=7977
02-27 00:01:08.593   431   431 I art     : VMRuntime.preloadDexCaches fields total=114177 before=41440 after=41671
02-27 00:01:08.593   431   431 I art     : VMRuntime.preloadDexCaches methods total=200270 before=83017 after=83612
02-27 00:01:08.593   431   431 I art     : VMRuntime.preloadDexCaches finished
02-27 00:01:08.593   431   431 I Zygote  : Preload resources disabled, skipped.
02-27 00:01:08.595   431   431 D libEGL  : loaded /vendor/lib64/egl/libEGL_adreno.so
02-27 00:01:08.607   431   431 D libEGL  : loaded /vendor/lib64/egl/libGLESv1_CM_adreno.so
02-27 00:01:08.614   431   431 D libEGL  : loaded /vendor/lib64/egl/libGLESv2_adreno.so
02-27 00:01:08.625   431   431 I Zygote  : Preloading shared libraries...
02-27 00:01:08.638   431   431 I Zygote  : Uninstalled ICU cache reference pinning...
02-27 00:01:08.641   431   431 I Zygote  : Installed AndroidKeyStoreProvider in 3ms.
02-27 00:01:08.648   431   431 I Zygote  : Warmed up JCA providers in 7ms.
02-27 00:01:08.648   431   431 D Zygote  : end preload
02-27 00:01:08.648   431   431 I art     : Waiting for a blocking GC Explicit
02-27 00:01:08.653   431   431 I art     : Starting a blocking GC Explicit
02-27 00:01:08.660   431   431 I art     : Explicit concurrent mark sweep GC freed 484(15KB) AllocSpace objects, 0(0B) LOS objects, 39% free, 1943KB/3MB, paused 62us total 6.479ms
02-27 00:01:08.660   431   431 I art     : Starting a blocking GC Explicit
02-27 00:01:08.666   431   431 I art     : Explicit concurrent mark sweep GC freed 5(128B) AllocSpace objects, 0(0B) LOS objects, 39% free, 1943KB/3MB, paused 56us total 5.923ms
02-27 00:01:08.667   431  2479 I art     : Starting a blocking GC HeapTrim
02-27 00:01:08.668   431   431 I art     : Starting a blocking GC Background
02-27 00:01:08.692   431   431 I Zygote  : System server process 2480 has been created
02-27 00:01:08.694   431   431 I Zygote  : Accepting command socket connections
02-27 00:01:08.701  2480  2480 W Zygote  : Got error connecting to zygote, retrying. msg= Connection refused
02-27 00:01:08.996  1382  1513 E slim_daemon: [NDK] bindNDKSensors: Sensor server is unavailable.
02-27 00:01:09.370   433  1023 W BatteryNotifier: batterystats service unavailable!
02-27 00:01:09.370   433  1025 W BatteryNotifier: batterystats service unavailable!
02-27 00:01:09.379   433  1028 W BatteryNotifier: batterystats service unavailable!
02-27 00:01:09.380   433  1026 W BatteryNotifier: batterystats service unavailable!
02-27 00:01:09.701  2480  2480 W Zygote  : Got error connecting to zygote, retrying. msg= Connection refused
02-27 00:01:09.997  1382  1513 E slim_daemon: [NDK] bindNDKSensors: Sensor server is unavailable.
02-27 00:01:10.701  2480  2480 W Zygote  : Got error connecting to zygote, retrying. msg= Connection refused
02-27 00:01:10.997  1382  1513 E slim_daemon: [NDK] bindNDKSensors: Sensor server is unavailable.
02-27 00:01:11.702  2480  2480 W Zygote  : Got error connecting to zygote, retrying. msg= Connection refused
02-27 00:01:11.997  1382  1513 E slim_daemon: [NDK] bindNDKSensors: Sensor server is unavailable.
02-27 00:01:12.048   434   434 E QCamera : <MCI><ERROR> mm_camera_open: 291: Failed with Connection timed out error, retrying after 20 milli-seconds
02-27 00:01:12.068   464   464 I mm-camera: < INFO> 395: void enable_memleak_trace(int): start memleak tracking.
02-27 00:01:12.071   464   464 I mm-camera: <MCT   >< INFO> 63: mct_controller_new: Creating new mct_controller with session-id 1
02-27 00:01:12.071   464  2594 I mm-camera: <MCT   >< INFO> 4549: mct_pipeline_start_session_thread: E sensor
02-27 00:01:12.071   464  2594 I mm-camera: <MCT   >< INFO> 4556: mct_pipeline_start_session_thread: Calling start_session on Module sensor
02-27 00:01:12.071   464  2594 E mm-camera: <SENSOR><ERROR> 1301: module_sensor_start_session: failed NULL pointer detected s_list
02-27 00:01:12.071   464  2594 I mm-camera: <MCT   >< INFO> 4559: mct_pipeline_start_session_thread: Module sensor start_session rc = 0
02-27 00:01:12.071   464  2594 I mm-camera: <MCT   >< INFO> 4567: mct_pipeline_start_session_thread: started_num = 1, success = 0
02-27 00:01:12.071   464  2594 I mm-camera: <MCT   >< INFO> 4574: mct_pipeline_start_session_thread: X sensor
02-27 00:01:12.071   464  2595 I mm-camera: <MCT   >< INFO> 4549: mct_pipeline_start_session_thread: E iface
02-27 00:01:12.071   464  2595 I mm-camera: <MCT   >< INFO> 4556: mct_pipeline_start_session_thread: Calling start_session on Module iface
02-27 00:01:12.072   464  2596 I mm-camera: <MCT   >< INFO> 4549: mct_pipeline_start_session_thread: E isp
02-27 00:01:12.072   464  2595 I mm-camera: <MCT   >< INFO> 4559: mct_pipeline_start_session_thread: Module iface start_session rc = 1
02-27 00:01:12.072   464  2596 I mm-camera: <MCT   >< INFO> 4556: mct_pipeline_start_session_thread: Calling start_session on Module isp
02-27 00:01:12.072   464  2596 I mm-camera: <ISP   >< INFO> 201: isp_module_start_session: session id 1
02-27 00:01:12.072   464  2595 I mm-camera: <MCT   >< INFO> 4567: mct_pipeline_start_session_thread: started_num = 2, success = 1
02-27 00:01:12.072   464  2595 I mm-camera: <MCT   >< INFO> 4574: mct_pipeline_start_session_thread: X iface
02-27 00:01:12.072   464  2598 I mm-camera: <MCT   >< INFO> 4549: mct_pipeline_start_session_thread: E stats
02-27 00:01:12.072   464  2598 I mm-camera: <MCT   >< INFO> 4556: mct_pipeline_start_session_thread: Calling start_session on Module stats
02-27 00:01:12.073   464  2599 I mm-camera: <MCT   >< INFO> 4549: mct_pipeline_start_session_thread: E pproc
02-27 00:01:12.073   464  2599 I mm-camera: <MCT   >< INFO> 4556: mct_pipeline_start_session_thread: Calling start_session on Module pproc
02-27 00:01:12.074   464  2600 I mm-camera: <MCT   >< INFO> 4549: mct_pipeline_start_session_thread: E imglib
02-27 00:01:12.074   464  2600 I mm-camera: <MCT   >< INFO> 4556: mct_pipeline_start_session_thread: Calling start_session on Module imglib
02-27 00:01:12.074   464  2600 I mm-camera: <MCT   >< INFO> 4559: mct_pipeline_start_session_thread: Module imglib start_session rc = 1
02-27 00:01:12.074   464  2600 I mm-camera: <MCT   >< INFO> 4567: mct_pipeline_start_session_thread: started_num = 3, success = 2
02-27 00:01:12.074   464  2600 I mm-camera: <MCT   >< INFO> 4574: mct_pipeline_start_session_thread: X imglib
02-27 00:01:12.075   464  2599 I mm-camera: <MCT   >< INFO> 4559: mct_pipeline_start_session_thread: Module pproc start_session rc = 1
02-27 00:01:12.075   464  2599 I mm-camera: <MCT   >< INFO> 4567: mct_pipeline_start_session_thread: started_num = 4, success = 3
02-27 00:01:12.075   464  2599 I mm-camera: <MCT   >< INFO> 4574: mct_pipeline_start_session_thread: X pproc
02-27 00:01:12.077   464  2596 I mm-camera: <MCT   >< INFO> 4559: mct_pipeline_start_session_thread: Module isp start_session rc = 1
02-27 00:01:12.077   464  2596 I mm-camera: <MCT   >< INFO> 4567: mct_pipeline_start_session_thread: started_num = 5, success = 4
02-27 00:01:12.077   464  2596 I mm-camera: <MCT   >< INFO> 4574: mct_pipeline_start_session_thread: X isp
02-27 00:01:12.084   464  2598 I mm-camera: <MCT   >< INFO> 4559: mct_pipeline_start_session_thread: Module stats start_session rc = 1
02-27 00:01:12.084   464  2598 I mm-camera: <MCT   >< INFO> 4567: mct_pipeline_start_session_thread: started_num = 6, success = 5
02-27 00:01:12.084   464  2598 I mm-camera: <MCT   >< INFO> 4574: mct_pipeline_start_session_thread: X stats
02-27 00:01:12.084   464   464 E mm-camera: <MCT   ><ERROR> 4713: mct_pipeline_start_session: start_session did not succeed on all modules
02-27 00:01:12.084   464   464 E mm-camera: <MCT   ><ERROR> 73: mct_controller_new: Start session failed with status -1
02-27 00:01:12.084   464   464 I mm-camera: <MCT   >< INFO> 4627: mct_pipeline_stop_session: Initiating stop_session on session 1
02-27 00:01:12.084   464   464 E mm-camera: <MCT   ><ERROR> 767: mct_pipeline_unmap_parm: Cannot find session stream
02-27 00:01:12.084   464   464 E mm-camera: <MCT   ><ERROR> 4429: mct_pipeline_stop_stream_internal: stream unmap_parm failed
02-27 00:01:12.084   464  2609 I mm-camera: <MCT   >< INFO> 4361: mct_pipeline_stop_session_thread: Stop module name: sensor - E
02-27 00:01:12.084   464  2609 E mm-camera: <SENSOR><ERROR> 1364: module_sensor_stop_session: failed NULL pointer detected s_list
02-27 00:01:12.084   464  2609 E mm-camera: <MCT   ><ERROR> 4367: mct_pipeline_stop_session_thread: Failed to stop module name: sensor
02-27 00:01:12.084   464  2609 I mm-camera: <MCT   >< INFO> 4369: mct_pipeline_stop_session_thread: Stop module name: sensor - X
02-27 00:01:12.085   464  2610 I mm-camera: <MCT   >< INFO> 4361: mct_pipeline_stop_session_thread: Stop module name: iface - E
02-27 00:01:12.085   464  2611 I mm-camera: <MCT   >< INFO> 4361: mct_pipeline_stop_session_thread: Stop module name: isp - E
02-27 00:01:12.085   464  2611 I mm-camera: <ISP   >< INFO> 487: isp_module_stop_session: session id 1
02-27 00:01:12.085   464  2610 I mm-camera: <MCT   >< INFO> 4369: mct_pipeline_stop_session_thread: Stop module name: iface - X
02-27 00:01:12.086   464  2612 I mm-camera: <MCT   >< INFO> 4361: mct_pipeline_stop_session_thread: Stop module name: stats - E
02-27 00:01:12.086   464  2612 E mm-camera: <STATS_AF ><ERROR> 104: af_port_dummy_destroy: Uninitialized interface been use
02-27 00:01:12.086   464  2612 E mm-camera: <STATS_AWB ><ERROR> 118: awb_port_dummy_deinit: Error: Uninitialized interface been use
02-27 00:01:12.086   464  2611 I mm-camera: <MCT   >< INFO> 4369: mct_pipeline_stop_session_thread: Stop module name: isp - X
02-27 00:01:12.086   464  2612 E mm-camera: <STATS_AEC ><ERROR> 159: aec_port_dummy_destroy: Error: Uninitialized interface been use
02-27 00:01:12.086   464  2613 I mm-camera: <MCT   >< INFO> 4361: mct_pipeline_stop_session_thread: Stop module name: pproc - E
02-27 00:01:12.087   464   464 I mm-camera: <MCT   >< INFO> 4649: mct_pipeline_stop_session: Modules left: 5
02-27 00:01:12.087   464   464 I mm-camera: <MCT   >< INFO> 4649: mct_pipeline_stop_session: Modules left: 4
02-27 00:01:12.087   464   464 I mm-camera: <MCT   >< INFO> 4649: mct_pipeline_stop_session: Modules left: 3
02-27 00:01:12.087   464  2614 I mm-camera: <MCT   >< INFO> 4361: mct_pipeline_stop_session_thread: Stop module name: imglib - E
02-27 00:01:12.087   464  2613 I mm-camera: <MCT   >< INFO> 4369: mct_pipeline_stop_session_thread: Stop module name: pproc - X
02-27 00:01:12.087   464  2614 I mm-camera: <MCT   >< INFO> 4369: mct_pipeline_stop_session_thread: Stop module name: imglib - X
02-27 00:01:12.087   464   464 I mm-camera: <MCT   >< INFO> 4649: mct_pipeline_stop_session: Modules left: 2
02-27 00:01:12.087   464   464 I mm-camera: <MCT   >< INFO> 4649: mct_pipeline_stop_session: Modules left: 1
02-27 00:01:12.088   464  2612 I mm-camera: <MCT   >< INFO> 4369: mct_pipeline_stop_session_thread: Stop module name: stats - X
02-27 00:01:12.088   464   464 I mm-camera: <MCT   >< INFO> 4649: mct_pipeline_stop_session: Modules left: 0
02-27 00:01:12.088   464   464 I mm-camera: <MCT   >< INFO> 4658: mct_pipeline_stop_session: Stopped session 1 successfully
02-27 00:01:12.088   464   464 E mm-camera: <MCT   ><ERROR> 525: main: New session [1] creation failed with error
02-27 00:01:12.088   464   464 E mm-camera: <MCT   ><ERROR> 645: main: main: camera daemon notify error
02-27 00:01:12.702  2480  2480 W Zygote  : Got error connecting to zygote, retrying. msg= Connection refused
02-27 00:01:12.997  1382  1513 E slim_daemon: [NDK] bindNDKSensors: Sensor server is unavailable.
02-27 00:01:13.703  2480  2480 W Zygote  : Got error connecting to zygote, retrying. msg= Connection refused
02-27 00:01:13.998  1382  1513 E slim_daemon: [NDK] bindNDKSensors: Sensor server is unavailable.
02-27 00:01:14.703  2480  2480 W Zygote  : Got error connecting to zygote, retrying. msg= Connection refused
02-27 00:01:14.782   432   432 I Xposed  : -----------------
02-27 00:01:14.782   432   432 I Xposed  : Starting Xposed version 87, compiled for SDK 25
02-27 00:01:14.782   432   432 I Xposed  : Device: 360 N5 (360), Android version 7.1.2 (SDK 25)
02-27 00:01:14.782   432   432 I Xposed  : ROM: mk_QK1605-userdebug 7.1.2 NJH47F 2295031408 test-keys
02-27 00:01:14.782   432   432 I Xposed  : Build fingerprint: 360/QK1605/QK1605:7.1.1/NMF26F/7.0.043.PX.170727.360_360_QK1605_CN:user/release-keys
02-27 00:01:14.782   432   432 I Xposed  : Platform: arm64-v8a, 32-bit binary, system server: no
02-27 00:01:14.782   432   432 I Xposed  : SELinux enabled: yes, enforcing: no
02-27 00:01:14.781   432   432 I zygote  : type=1400 audit(0.0:45): avc: denied { read } for name="input" dev="tmpfs" ino=12494 scontext=u:r:zygote:s0 tcontext=u:object_r:input_device:s0 tclass=dir permissive=1
02-27 00:01:14.781   432   432 I zygote  : type=1400 audit(0.0:46): avc: denied { open } for path="/dev/input" dev="tmpfs" ino=12494 scontext=u:r:zygote:s0 tcontext=u:object_r:input_device:s0 tclass=dir permissive=1
02-27 00:01:14.781   432   432 I zygote  : type=1400 audit(0.0:47): avc: denied { read write } for name="event7" dev="tmpfs" ino=14427 scontext=u:r:zygote:s0 tcontext=u:object_r:input_device:s0 tclass=chr_file permissive=1
02-27 00:01:14.781   432   432 I zygote  : type=1400 audit(0.0:48): avc: denied { open } for path="/dev/input/event7" dev="tmpfs" ino=14427 scontext=u:r:zygote:s0 tcontext=u:object_r:input_device:s0 tclass=chr_file permissive=1
02-27 00:01:14.781   432   432 I zygote  : type=1400 audit(0.0:49): avc: denied { ioctl } for path="/dev/input/event7" dev="tmpfs" ino=14427 ioctlcmd=4521 scontext=u:r:zygote:s0 tcontext=u:object_r:input_device:s0 tclass=chr_file permissive=1
02-27 00:01:14.998  1382  1513 E slim_daemon: [NDK] bindNDKSensors: Sensor server is unavailable.
02-27 00:01:15.703  2480  2480 W Zygote  : Got error connecting to zygote, retrying. msg= Connection refused
02-27 00:01:15.998  1382  1513 E slim_daemon: [NDK] bindNDKSensors: Sensor server is unavailable.
02-27 00:01:16.704  2480  2480 W Zygote  : Got error connecting to zygote, retrying. msg= Connection refused
02-27 00:01:16.858   432   432 E Xposed  : Not found /data/user_de/0/de.robv.android.xposed.installer/conf/enabled, not loading Xposed
02-27 00:01:16.858   432   432 D AndroidRuntime: >>>>>> START com.android.internal.os.ZygoteInit uid 0 <<<<<<
02-27 00:01:16.883   432   432 D AndroidRuntime: CheckJNI is OFF
02-27 00:01:16.892   432   432 I art     : option[0]=-Xzygote
02-27 00:01:16.892   432   432 I art     : option[1]=-Xstacktracefile:/data/anr/traces.txt
02-27 00:01:16.892   432   432 I art     : option[2]=exit
02-27 00:01:16.892   432   432 I art     : option[3]=vfprintf
02-27 00:01:16.892   432   432 I art     : option[4]=sensitiveThread
02-27 00:01:16.892   432   432 I art     : option[5]=-verbose:gc
02-27 00:01:16.892   432   432 I art     : option[6]=-Xms8m
02-27 00:01:16.892   432   432 I art     : option[7]=-Xmx768m
02-27 00:01:16.892   432   432 I art     : option[8]=-XX:HeapGrowthLimit=288m
02-27 00:01:16.892   432   432 I art     : option[9]=-XX:HeapMinFree=512k
02-27 00:01:16.892   432   432 I art     : option[10]=-XX:HeapMaxFree=8m
02-27 00:01:16.892   432   432 I art     : option[11]=-XX:HeapTargetUtilization=0.75
02-27 00:01:16.892   432   432 I art     : option[12]=-Xusejit:true
02-27 00:01:16.892   432   432 I art     : option[13]=-Xjitsaveprofilinginfo
02-27 00:01:16.892   432   432 I art     : option[14]=-agentlib:jdwp=transport=dt_android_adb,suspend=n,server=y
02-27 00:01:16.892   432   432 I art     : option[15]=-Xlockprofthreshold:500
02-27 00:01:16.892   432   432 I art     : option[16]=-Ximage-compiler-option
02-27 00:01:16.892   432   432 I art     : option[17]=--runtime-arg
02-27 00:01:16.892   432   432 I art     : option[18]=-Ximage-compiler-option
02-27 00:01:16.892   432   432 I art     : option[19]=-Xms64m
02-27 00:01:16.892   432   432 I art     : option[20]=-Ximage-compiler-option
02-27 00:01:16.892   432   432 I art     : option[21]=--runtime-arg
02-27 00:01:16.892   432   432 I art     : option[22]=-Ximage-compiler-option
02-27 00:01:16.892   432   432 I art     : option[23]=-Xmx64m
02-27 00:01:16.892   432   432 I art     : option[24]=-Ximage-compiler-option
02-27 00:01:16.892   432   432 I art     : option[25]=--image-classes=/system/etc/preloaded-classes
02-27 00:01:16.892   432   432 I art     : option[26]=-Ximage-compiler-option
02-27 00:01:16.893   432   432 I art     : option[27]=--compiled-classes=/system/etc/compiled-classes
02-27 00:01:16.893   432   432 I art     : option[28]=-Xcompiler-option
02-27 00:01:16.893   432   432 I art     : option[29]=--runtime-arg
02-27 00:01:16.893   432   432 I art     : option[30]=-Xcompiler-option
02-27 00:01:16.893   432   432 I art     : option[31]=-Xms64m
02-27 00:01:16.893   432   432 I art     : option[32]=-Xcompiler-option
02-27 00:01:16.893   432   432 I art     : option[33]=--runtime-arg
02-27 00:01:16.893   432   432 I art     : option[34]=-Xcompiler-option
02-27 00:01:16.893   432   432 I art     : option[35]=-Xmx512m
02-27 00:01:16.893   432   432 I art     : option[36]=-Ximage-compiler-option
02-27 00:01:16.893   432   432 I art     : option[37]=--instruction-set-variant=cortex-a53
02-27 00:01:16.893   432   432 I art     : option[38]=-Xcompiler-option
02-27 00:01:16.893   432   432 I art     : option[39]=--instruction-set-variant=cortex-a53
02-27 00:01:16.893   432   432 I art     : option[40]=-Ximage-compiler-option
02-27 00:01:16.893   432   432 I art     : option[41]=--instruction-set-features=default
02-27 00:01:16.893   432   432 I art     : option[42]=-Xcompiler-option
02-27 00:01:16.893   432   432 I art     : option[43]=--instruction-set-features=default
02-27 00:01:16.893   432   432 I art     : option[44]=-Duser.locale=zh-CN
